******************************************************************************
                  TI ARM Linker PC v18.12.1                    
******************************************************************************
>> Linked Sun Apr 21 18:21:04 2019

OUTPUT FILE NAME:   <v1.2.out>
ENTRY POINT SYMBOL: "_c_int00"  address: 000079e1


MEMORY CONFIGURATION

         name            origin    length      used     unused   attr    fill
----------------------  --------  ---------  --------  --------  ----  --------
  FLASH                 00000000   00100000  0000c648  000f39b8  R  X
  SRAM                  20000000   00040000  0000f300  00030d00  RW X


SEGMENT ALLOCATION MAP

run origin  load origin   length   init length attrs members
----------  ----------- ---------- ----------- ----- -------
00000000    00000000    0000c650   0000c650    r-x
  00000000    00000000    0000003c   0000003c    r-- .resetVecs
  00000040    00000040    00009fca   00009fca    r-x .text
  0000a00c    0000a00c    000023fa   000023fa    r-- .const
  0000c408    0000c408    00000248   00000248    r-- .cinit
20000000    20000000    0000f300   00000000    rw-
  20000000    20000000    00000360   00000000    rw- .vecs
  20000360    20000360    0000e7d4   00000000    rw- .bss
  2000eb34    2000eb34    000004cc   00000000    rw- .data
  2000f000    2000f000    00000300   00000000    rw- .stack


SECTION ALLOCATION MAP

 output                                  attributes/
section   page    origin      length       input sections
--------  ----  ----------  ----------   ----------------
.text      0    00000040    00009fca     
                  00000040    00000a4e     rtsv7M4_T_le_v4SPD16_eabi.lib : _printfi.c.obj (.text:__TI_printfi)
                  00000a8e    00000002                                   : _lock.c.obj (.text:_nop)
                  00000a90    00000430     sysbios.aem4f : BIOS.obj (.text:ti_sysbios_family_arm_m3_Hwi_excDumpRegs__I)
                  00000ec0    0000034c     ti.targets.arm.rtsarm.aem4f : System.oem4f (.text:xdc_runtime_System_doPrint__I)
                  0000120c    00000344     main.obj (.text:loggerFxn)
                  00001550    000002d0     sysbios.aem4f : BIOS.obj (.text:ti_sysbios_knl_Semaphore_pend__E)
                  00001820    00000270     rtsv7M4_T_le_v4SPD16_eabi.lib : _printfi.c.obj (.text:_pconv_a)
                  00001a90    0000026c     sysbios.aem4f : BIOS.obj (.text:ti_sysbios_heaps_HeapMem_free__E)
                  00001cfc    00000004     driverlib.lib : i2c.obj (.text:I2CMasterControl)
                  00001d00    00000250     sysbios.aem4f : BIOS.obj (.text:ti_sysbios_heaps_HeapMem_alloc__E)
                  00001f50    00000234                   : BIOS.obj (.text:ti_sysbios_knl_Task_Instance_finalize__E)
                  00002184    0000020c     drivers_tivaware.aem4f : UARTTiva.oem4f (.text:UARTTiva_open)
                  00002390    00000204     Boot.aem4f : Boot_sysctl.oem4f (.text:ti_catalog_arm_cortexm4_tiva_ce_Boot_sysCtlClockFreqSetI__I)
                  00002594    00000004     driverlib.lib : i2c.obj (.text:I2CMasterDataGet)
                  00002598    000001fc     sysbios.aem4f : BIOS.obj (.text:ti_sysbios_family_arm_m3_Hwi_excHandlerMax__I)
                  00002794    000001f8     main.obj (.text:main)
                  0000298c    00000004     driverlib.lib : i2c.obj (.text:I2CMasterDataPut)
                  00002990    000001f0     sysbios.aem4f : BIOS.obj (.text:ti_sysbios_knl_Task_sleep__E)
                  00002b80    000001d8     main.obj (.text:uartFxn)
                  00002d58    000001d0     rtsv7M4_T_le_v4SPD16_eabi.lib : _printfi.c.obj (.text:_pconv_g)
                  00002f28    000001c0     sysbios.aem4f : BIOS.obj (.text:ti_sysbios_knl_Task_Instance_init__E)
                  000030e8    000001b6     rtsv7M4_T_le_v4SPD16_eabi.lib : fd_add_t2.asm.obj (.text)
                  0000329e    00000002                                   : div0.asm.obj (.text)
                  000032a0    00000180     queue.obj (.text:xQueueGenericReceive)
                  00003420    00000174     sysbios.aem4f : BIOS.obj (.text:ti_sysbios_family_arm_m3_Hwi_excBusFault__I)
                  00003594    00000004     driverlib.lib : uart.obj (.text:UARTIntClear)
                  00003598    00000164     sysbios.aem4f : BIOS.obj (.text:ti_sysbios_family_arm_m3_Hwi_excUsageFault__I)
                  000036fc    00000150     drivers_tivaware.aem4f : GPIOTiva.oem4f (.text:GPIO_setConfig)
                  0000384c    00000004     rtsv7M4_T_le_v4SPD16_eabi.lib : exit.c.obj (.text:abort:abort)
                  00003850    00000148     sysbios.aem4f : BIOS.obj (.text:ti_sysbios_family_arm_m3_Hwi_excMemFault__I)
                  00003998    0000013c     rtsv7M4_T_le_v4SPD16_eabi.lib : _printfi.c.obj (.text:_pconv_e)
                  00003ad4    00000004     empty_pem4f.oem4f (.text:ti_sysbios_BIOS_RtsGateProxy_enter__E)
                  00003ad8    0000013c     sysbios.aem4f : BIOS.obj (.text:ti_sysbios_heaps_HeapMem_Instance_init__E)
                  00003c14    00000136     rtsv7M4_T_le_v4SPD16_eabi.lib : fd_div_t2.asm.obj (.text)
                  00003d4a    00000006     driverlib.lib : gpio.obj (.text:GPIOIntClear)
                  00003d50    00000134     sysbios.aem4f : BIOS.obj (.text:ti_sysbios_family_arm_lm4_Timer_start__E)
                  00003e84    00000134     tasks.obj (.text:xTaskIncrementTick)
                  00003fb8    00000130     driverlib.lib : gpio.obj (.text:GPIOPadConfigSet)
                  000040e8    0000012c     queue.obj (.text:xQueueGenericSend)
                  00004214    00000124     rtsv7M4_T_le_v4SPD16_eabi.lib : _printfi.c.obj (.text:fcvt)
                  00004338    0000011c     sysbios.aem4f : BIOS.obj (.text:ti_sysbios_knl_Clock_Instance_init__E)
                  00004454    00000118     ti.targets.arm.rtsarm.aem4f : Error.oem4f (.text:xdc_runtime_Error_policyDefault__E)
                  0000456c    00000110     rtsv7M4_T_le_v4SPD16_eabi.lib : s_scalbn.c.obj (.text:scalbn)
                  0000467c    0000010c     driverlib.lib : sysctl.obj (.text:SysCtlClockGet)
                  00004788    00000108     heap_2.obj (.text:pvPortMalloc)
                  00004890    00000108     main.obj (.text:sensorFxn)
                  00004998    00000104     tasks.obj (.text:xTaskResumeAll)
                  00004a9c    00000100     ti.targets.arm.rtsarm.aem4f : Core-mem.oem4f (.text:xdc_runtime_Core_createObject__I)
                  00004b9c    000000fc     rtsv7M4_T_le_v4SPD16_eabi.lib : fd_mul_t2.asm.obj (.text)
                  00004c98    000000f8     ti.targets.arm.rtsarm.aem4f : Startup.oem4f (.text:xdc_runtime_Startup_startMods__I)
                  00004d90    000000f8     empty_pem4f.oem4f (.text:xdc_runtime_System_printfExtend__I)
                  00004e88    000000f4     sysbios.aem4f : m3_Hwi_asm.obj (.text:ti_sysbios_family_arm_m3_Hwi_dispatch__I)
                  00004f7c    00000004     empty_pem4f.oem4f (.text:ti_sysbios_BIOS_RtsGateProxy_leave__E)
                  00004f80    000000ec     sysbios.aem4f : BIOS.obj (.text:ti_sysbios_knl_Semaphore_post__E)
                  0000506c    000000e4     main.obj (.text:thresholdFxn)
                  00005150    000000e0     drivers_tivaware.aem4f : I2CTiva.oem4f (.text:I2CTiva_open)
                  00005230    000000d6                            : I2CTiva.oem4f (.text:I2CTiva_hwiFxn)
                  00005306    00000002     empty_pem4f.oem4f (.text:ti_sysbios_BIOS_nullFunc__I)
                  00005308    000000cc     ti.targets.arm.rtsarm.aem4f : Core-smem.oem4f (.text:xdc_runtime_Core_constructObject__I)
                  000053d4    000000c8     tasks.obj (.text:vTaskPriorityInherit)
                  0000549c    000000be     queue.obj (.text:prvCopyDataToQueue)
                  0000555a    00000006     driverlib.lib : gpio.obj (.text:GPIOPinWrite)
                  00005560    000000bc     sysbios.aem4f : BIOS.obj (.text:ti_sysbios_family_arm_m3_Hwi_excDebugMon__I)
                  0000561c    00000004                   : BIOS.obj (.text:ti_sysbios_family_arm_lm4_Timer_masterEnable__I)
                  00005620    000000bc                   : BIOS.obj (.text:ti_sysbios_family_arm_m3_Hwi_excHardFault__I)
                  000056dc    000000b8     EK_TM4C1294XL.obj (.text:EK_TM4C1294XL_initGeneral)
                  00005794    00000004     empty_pem4f.oem4f (.text:ti_sysbios_family_arm_m3_Hwi_destruct)
                  00005798    000000b4     sysbios.aem4f : BIOS.obj (.text:ti_sysbios_gates_GateMutex_enter__E)
                  0000584c    00000004     empty_pem4f.oem4f (.text:ti_sysbios_family_arm_m3_TaskSupport_Module__startupDone__S)
                  00005850    000000b4     sysbios.aem4f : BIOS.obj (.text:ti_sysbios_knl_Task_checkStacks__E)
                  00005904    000000b1     rtsv7M4_T_le_v4SPD16_eabi.lib : _printfi.c.obj (.text:_ltostr)
                  000059b5    00000001     --HOLE-- [fill = 0]
                  000059b6    00000002     empty_pem4f.oem4f (.text:xdc_runtime_Startup_reset__I)
                  000059b8    000000b0     tasks.obj (.text:prvAddCurrentTaskToDelayedList)
                  00005a68    000000ac     drivers_tivaware.aem4f : UARTTiva.oem4f (.text:readTaskBlocking)
                  00005b14    00000004     empty_pem4f.oem4f (.text:ti_sysbios_heaps_HeapMem_Module_GateProxy_enter__E)
                  00005b18    000000ac     sysbios.aem4f : BIOS.obj (.text:ti_sysbios_family_arm_lm4_Timer_enableTiva__I)
                  00005bc4    000000aa     queue.obj (.text:prvUnlockQueue)
                  00005c6e    00000002     --HOLE-- [fill = 0]
                  00005c70    000000a8     sysbios.aem4f : BIOS.obj (.text:ti_sysbios_family_arm_lm4_Timer_enableTimers__I)
                  00005d18    000000a8                   : BIOS.obj (.text:ti_sysbios_knl_Task_postInit__I)
                  00005dc0    000000a8     tasks.obj (.text:xTaskPriorityDisinherit)
                  00005e68    000000a4     sysbios.aem4f : BIOS.obj (.text:ti_sysbios_knl_Clock_Instance_finalize__E)
                  00005f0c    000000a4     queue.obj (.text:xQueueGenericReset)
                  00005fb0    000000a0     auto_init.aem4f : auto_init.oem4f (.text)
                  00006050    000000a0     ti.targets.arm.rtsarm.aem4f : Text.oem4f (.text:xdc_runtime_Text_putMod__E)
                  000060f0    0000009c     rtsv7M4_T_le_v4SPD16_eabi.lib : memcpy_t2.asm.obj (.text)
                  0000618c    00000004     empty_pem4f.oem4f (.text:ti_sysbios_heaps_HeapMem_Module_GateProxy_leave__E)
                  00006190    0000009c     sysbios.aem4f : BIOS.obj (.text:ti_sysbios_knl_Semaphore_Instance_init__E)
                  0000622c    0000009a     ti.targets.arm.rtsarm.aem4f : Text.oem4f (.text:xdc_runtime_Text_putSite__E)
                  000062c6    00000098     drivers_tivaware.aem4f : UARTTiva.oem4f (.text:UARTTiva_readPolling)
                  0000635e    00000002     --HOLE-- [fill = 0]
                  00006360    00000098     Boot.aem4f : Boot.oem4f (.text:ti_catalog_arm_cortexm4_tiva_ce_Boot_sysCtlClockFreqSet__E)
                  000063f8    00000096     rtsv7M4_T_le_v4SPD16_eabi.lib : ull_div_t2.asm.obj (.text)
                  0000648e    00000094     drivers_tivaware.aem4f : UARTTiva.oem4f (.text:UARTTiva_write)
                  00006522    00000006     driverlib.lib : i2c.obj (.text:I2CMasterIntDisable)
                  00006528    00000094     sysbios.aem4f : BIOS.obj (.text:ti_sysbios_family_arm_m3_Hwi_Instance_init__E)
                  000065bc    00000004     empty_pem4f.oem4f (.text:ti_sysbios_knl_Clock_TimerProxy_getMaxTicks__E)
                  000065c0    00000094     sysbios.aem4f : BIOS.obj (.text:ti_sysbios_family_arm_m3_Hwi_initNVIC__E)
                  00006654    00000090     tasks.obj (.text:xTaskRemoveFromEventList)
                  000066e4    0000008c     main.obj (.text:Fan_update)
                  00006770    0000008c     drivers_tivaware.aem4f : GPIOTiva.oem4f (.text:GPIO_init)
                  000067fc    0000008c                            : UARTTiva.oem4f (.text:UARTTiva_control)
                  00006888    0000008c     sysbios.aem4f : m3_TaskSupport_asm.obj (.text:ti_sysbios_family_arm_m3_TaskSupport_buildTaskStack)
                  00006914    0000008a     drivers_tivaware.aem4f : UARTTiva.oem4f (.text:readIsrTextBlocking)
                  0000699e    00000086     rtsv7M4_T_le_v4SPD16_eabi.lib : fd_cmp_t2.asm.obj (.text:__aeabi_cdcmple)
                  00006a24    00000086                                   : fd_cmp_t2.asm.obj (.text:__aeabi_cdrcmple)
                  00006aaa    00000006     driverlib.lib : i2c.obj (.text:I2CMasterIntEnable)
                  00006ab0    00000084     sysbios.aem4f : BIOS.obj (.text:ti_sysbios_family_arm_m3_Hwi_postInit__I)
                  00006b34    00000084     tasks.obj (.text:xTaskCheckForTimeOut)
                  00006bb8    00000082     drivers_tivaware.aem4f : UARTTiva.oem4f (.text:readIsrTextCallback)
                  00006c3a    0000007e                            : I2CTiva.oem4f (.text:I2CTiva_transfer)
                  00006cb8    0000007a                            : UARTTiva.oem4f (.text:readTaskCallback)
                  00006d32    0000007a     rtsv7M4_T_le_v4SPD16_eabi.lib : memset_t2.asm.obj (.text)
                  00006dac    00000078     main.obj (.text:queue_adder)
                  00006e24    00000078     main.obj (.text:uart_init)
                  00006e9c    00000004     empty_pem4f.oem4f (.text:ti_sysbios_knl_Clock_destruct)
                  00006ea0    00000074     sysbios.aem4f : BIOS.obj (.text:ti_sysbios_knl_Clock_start__E)
                  00006f14    00000004     empty_pem4f.oem4f (.text:ti_sysbios_knl_Queue_destruct)
                  00006f18    00000070     sysbios.aem4f : BIOS.obj (.text:ti_sysbios_knl_Clock_workFunc__E)
                  00006f88    00000070                   : BIOS.obj (.text:ti_sysbios_knl_Task_exit__E)
                  00006ff8    0000006e     rtsv7M4_T_le_v4SPD16_eabi.lib : _printfi.c.obj (.text:_mcpy)
                  00007066    00000002     --HOLE-- [fill = 0]
                  00007068    0000006d     ti.targets.arm.rtsarm.aem4f : System.oem4f (.text:xdc_runtime_System_formatNum__I)
                  000070d5    00000003     --HOLE-- [fill = 0]
                  000070d8    0000006c     sysbios.aem4f : BIOS.obj (.text:ti_sysbios_knl_Swi_restoreHwi__E)
                  00007144    0000006c     drivers_tivaware.aem4f : UARTTiva.oem4f (.text:writeData)
                  000071b0    0000006c     ti.targets.arm.rtsarm.aem4f : Error.oem4f (.text:xdc_runtime_Error_print__E)
                  0000721c    0000006c                                 : Memory.oem4f (.text:xdc_runtime_Memory_alloc__E)
                  00007288    00000068     EK_TM4C1294XL.obj (.text:EK_TM4C1294XL_initI2C)
                  000072f0    00000068     main.obj (.text:InitI2C0)
                  00007358    00000068     rtsv7M4_T_le_v4SPD16_eabi.lib : copy_decompress_lzss.c.obj (.text:decompress:lzss:__TI_decompress_lzss)
                  000073c0    00000066     list.obj (.text:vListInsert)
                  00007426    00000066     ti.targets.arm.rtsarm.aem4f : Core-mem.oem4f (.text:xdc_runtime_Core_deleteObject__I)
                  0000748c    00000064     drivers_tivaware.aem4f : GPIOTiva.oem4f (.text:GPIO_hwiIntFxn)
                  000074f0    00000064     rtsv7M4_T_le_v4SPD16_eabi.lib : s_frexp.c.obj (.text:frexp)
                  00007554    00000004     empty_pem4f.oem4f (.text:ti_sysbios_knl_Semaphore_destruct)
                  00007558    00000064     sysbios.aem4f : BIOS.obj (.text:ti_sysbios_family_arm_lm4_Timer_Module_startup__E)
                  000075bc    00000064     empty_pem4f.oem4f (.text:ti_sysbios_family_arm_m3_Hwi_create)
                  00007620    00000064     sysbios.aem4f : BIOS.obj (.text:ti_sysbios_family_arm_m3_Hwi_dispatchC__I)
                  00007684    00000062     drivers_tivaware.aem4f : I2CTiva.oem4f (.text:I2CTiva_primeTransfer)
                  000076e6    00000002     --HOLE-- [fill = 0]
                  000076e8    00000060     sysbios.aem4f : BIOS.obj (.text:ti_sysbios_family_arm_lm4_Timer_isrStub__E)
                  00007748    00000060                   : BIOS.obj (.text:ti_sysbios_knl_Task_schedule__I)
                  000077a8    0000005e     drivers_tivaware.aem4f : UARTTiva.oem4f (.text:readIsrBinaryBlocking)
                  00007806    00000002     --HOLE-- [fill = 0]
                  00007808    0000005c     sysbios.aem4f : BIOS.obj (.text:ti_sysbios_knl_Swi_run__I)
                  00007864    00000004     ti.targets.arm.rtsarm.aem4f : Error.oem4f (.text:xdc_runtime_Error_getSite__E)
                  00007868    0000005c     sysbios.aem4f : BIOS.obj (.text:ti_sysbios_knl_Swi_schedule__I)
                  000078c4    00000004     empty_pem4f.oem4f (.text:xdc_runtime_System_Module_GateProxy_enter__E)
                  000078c8    0000005c     sysbios.aem4f : BIOS.obj (.text:ti_sysbios_knl_Task_Module_startup__E)
                  00007924    00000004     empty_pem4f.oem4f (.text:xdc_runtime_System_Module_GateProxy_leave__E)
                  00007928    0000005c     sysbios.aem4f : BIOS.obj (.text:ti_sysbios_knl_Task_startCore__E)
                  00007984    0000005b     ti.targets.arm.rtsarm.aem4f : Text.oem4f (.text:xdc_runtime_Text_putLab__E)
                  000079df    00000001     --HOLE-- [fill = 0]
                  000079e0    00000058     boot.aem4f : boot.oem4f (.text)
                  00007a38    00000058     rtsv7M4_T_le_v4SPD16_eabi.lib : hostwrite.c.obj (.text:HOSTwrite)
                  00007a90    00000058     empty_pem4f.oem4f (.text:ti_sysbios_family_arm_m3_Hwi_construct)
                  00007ae8    00000058     sysbios.aem4f : m3_Hwi_asm_switch.obj (.text:ti_sysbios_family_arm_m3_Hwi_initStacks__E)
                  00007b40    00000056     driverlib.lib : gpio.obj (.text:GPIOIntTypeSet)
                  00007b96    00000056     rtsv7M4_T_le_v4SPD16_eabi.lib : _printfi.c.obj (.text:_pconv_f)
                  00007bec    00000054                                   : ltoa.c.obj (.text:ltoa)
                  00007c40    00000054     drivers_tivaware.aem4f : UARTTiva.oem4f (.text:readIsrBinaryCallback)
                  00007c94    00000054     empty_pem4f.oem4f (.text:ti_sysbios_knl_Task_construct)
                  00007ce8    00000054     ti.targets.arm.rtsarm.aem4f : Assert.oem4f (.text:xdc_runtime_Assert_raise__I)
                  00007d3c    00000052     rtsv7M4_T_le_v4SPD16_eabi.lib : _printfi.c.obj (.text:_ecpy)
                  00007d8e    00000002     --HOLE-- [fill = 0]
                  00007d90    00000050     drivers_tivaware.aem4f : GPIOTiva.oem4f (.text:GPIO_setCallback)
                  00007de0    00000050                            : GPIOTiva.oem4f (.text:GPIO_write)
                  00007e30    00000050     driverlib.lib : sysctl.obj (.text:SysCtlPeripheralReset)
                  00007e80    00000050     drivers_tivaware.aem4f : UARTTiva.oem4f (.text:UARTTiva_writeCancel)
                  00007ed0    00000050     Boot.aem4f : Boot_sysctl.oem4f (.text:_SysCtlFrequencyGet)
                  00007f20    00000050     main.obj (.text:gasFxn)
                  00007f70    00000050     heap_2.obj (.text:prvHeapInit)
                  00007fc0    00000050     sysbios.aem4f : BIOS.obj (.text:ti_sysbios_family_arm_m3_Hwi_Module_startup__E)
                  00008010    00000050     ti.targets.arm.rtsarm.aem4f : Startup.oem4f (.text:xdc_runtime_Startup_exec__E)
                  00008060    00000050                                 : Text.oem4f (.text:xdc_runtime_Text_visitRope2__I)
                  000080b0    0000004c     drivers_tivaware.aem4f : UARTTiva.oem4f (.text:UARTTiva_close)
                  000080fc    0000004c     rtsv7M4_T_le_v4SPD16_eabi.lib : atoi.c.obj (.text:atoi)
                  00008148    0000004c                                   : cpy_tbl.c.obj (.text:copy_in)
                  00008194    00000004     ti.targets.arm.rtsarm.aem4f : System.oem4f (.text:xdc_runtime_System_aprintf_va__F)
                  00008198    0000004c     sysbios.aem4f : BIOS.obj (.text:ti_sysbios_heaps_HeapMem_getStats__E)
                  000081e4    00000004     ti.targets.arm.rtsarm.aem4f : System.oem4f (.text:xdc_runtime_System_printf_va__F)
                  000081e8    0000004c     sysbios.aem4f : BIOS.obj (.text:ti_sysbios_knl_Swi_runLoop__I)
                  00008234    00000004     --HOLE-- [fill = 0]
                  00008238    0000004c                   : BIOS.obj (.text:ti_sysbios_knl_Task_allBlockedFunction__I)
                  00008284    0000004c     queue.obj (.text:xQueueGenericCreate)
                  000082d0    00000048     driverlib.lib : gpio.obj (.text:GPIOPinConfigure)
                  00008318    00000048                   : i2c.obj (.text:I2CMasterInitExpClk)
                  00008360    00000048     rtsv7M4_T_le_v4SPD16_eabi.lib : fd_toi_t2.asm.obj (.text)
                  000083a8    00000048     sysbios.aem4f : BIOS.obj (.text:ti_sysbios_family_arm_m3_Hwi_disableInterrupt__E)
                  000083f0    00000048                   : BIOS.obj (.text:ti_sysbios_family_arm_m3_Hwi_enableInterrupt__E)
                  00008438    00000048                   : BIOS.obj (.text:ti_sysbios_family_arm_m3_Hwi_excReserved__I)
                  00008480    00000048     list.obj (.text:uxListRemove)
                  000084c8    00000046     drivers_tivaware.aem4f : RingBuf.oem4f (.text:RingBuf_put)
                  0000850e    00000046     ti.targets.arm.rtsarm.aem4f : Core-params.oem4f (.text:xdc_runtime_Core_assignParams__I)
                  00008554    00000044     queue.obj (.text:prvInitialiseNewQueue)
                  00008598    00000044     sysbios.aem4f : BIOS.obj (.text:ti_sysbios_family_arm_m3_Hwi_getStackInfo__E)
                  000085dc    00000004     --HOLE-- [fill = 0]
                  000085e0    00000044                   : BIOS.obj (.text:ti_sysbios_knl_Swi_post__E)
                  00008624    00000044     ti.targets.arm.rtsarm.aem4f : Error.oem4f (.text:xdc_runtime_Error_setX__E)
                  00008668    00000044                                 : SysMin.oem4f (.text:xdc_runtime_SysMin_flush__E)
                  000086ac    00000044                                 : Text.oem4f (.text:xdc_runtime_Text_xprintf__I)
                  000086f0    00000042     driverlib.lib : uart.obj (.text:UARTConfigSetExpClk)
                  00008732    00000042     drivers_tivaware.aem4f : UARTTiva.oem4f (.text:UARTTiva_hwiIntFxn)
                  00008774    00000042                            : UARTTiva.oem4f (.text:UARTTiva_writePolling)
                  000087b6    00000040                            : RingBuf.oem4f (.text:RingBuf_get)
                  000087f6    00000040                            : UARTTiva.oem4f (.text:UARTTiva_read)
                  00008836    00000040     rtsv7M4_T_le_v4SPD16_eabi.lib : u_divt2.asm.obj (.text)
                  00008876    00000002     --HOLE-- [fill = 0]
                  00008878    00000040                                   : sprintf.c.obj (.text:sprintf)
                  000088b8    00000040     sysbios.aem4f : BIOS.obj (.text:ti_sysbios_family_arm_lm4_Timer_startup__E)
                  000088f8    0000003e     rtsv7M4_T_le_v4SPD16_eabi.lib : _printfi.c.obj (.text:_fcpy)
                  00008936    0000003c     queue.obj (.text:prvCopyDataFromQueue)
                  00008972    00000002     --HOLE-- [fill = 0]
                  00008974    0000003c     tasks.obj (.text:prvResetNextTaskUnblockTime)
                  000089b0    0000003c     sysbios.aem4f : BIOS.obj (.text:ti_sysbios_family_arm_m3_Hwi_excSvCall__I)
                  000089ec    00000004     --HOLE-- [fill = 0]
                  000089f0    0000003c                   : BIOS.obj (.text:ti_sysbios_heaps_HeapMem_init__I)
                  00008a2c    00000004     --HOLE-- [fill = 0]
                  00008a30    0000003c                   : BIOS.obj (.text:ti_sysbios_knl_Swi_restore__E)
                  00008a6c    0000003c     list.obj (.text:vListInsertEnd)
                  00008aa8    0000003a     drivers_tivaware.aem4f : I2CTiva.oem4f (.text:I2CTiva_completeTransfer)
                  00008ae2    00000002     --HOLE-- [fill = 0]
                  00008ae4    00000038                            : I2C.oem4f (.text:I2C_init)
                  00008b1c    00000038                            : UART.oem4f (.text:UART_init)
                  00008b54    00000038     rtsv7M4_T_le_v4SPD16_eabi.lib : trgmsg.c.obj (.text:__TI_writemsg)
                  00008b8c    00000004     --HOLE-- [fill = 0]
                  00008b90    00000038     sysbios.aem4f : BIOS.obj (.text:ti_sysbios_family_arm_m3_Hwi_excNoIsr__I)
                  00008bc8    00000038                   : BIOS.obj (.text:ti_sysbios_knl_Task_processVitalTaskFlag__I)
                  00008c00    00000038     ti.targets.arm.rtsarm.aem4f : SysMin.oem4f (.text:xdc_runtime_SysMin_putch__E)
                  00008c38    00000038                                 : System.oem4f (.text:xdc_runtime_System_atexit__E)
                  00008c70    00000036     drivers_tivaware.aem4f : I2CTiva.oem4f (.text:I2CTiva_close)
                  00008ca6    00000036                            : UARTTiva.oem4f (.text:UARTTiva_readCancel)
                  00008cdc    00000034     driverlib.lib : sysctl.obj (.text:SysCtlPeripheralEnable)
                  00008d10    00000034     rtsv7M4_T_le_v4SPD16_eabi.lib : trgmsg.c.obj (.text:__TI_readmsg)
                  00008d44    00000034                                   : rand.c.obj (.text:rand)
                  00008d78    00000034     sysbios.aem4f : BIOS.obj (.text:ti_sysbios_family_arm_m3_Hwi_Instance_finalize__E)
                  00008dac    00000004     --HOLE-- [fill = 0]
                  00008db0    00000034                   : BIOS.obj (.text:ti_sysbios_family_arm_m3_Hwi_excNmi__I)
                  00008de4    00000004     --HOLE-- [fill = 0]
                  00008de8    00000034                   : BIOS.obj (.text:ti_sysbios_hal_Hwi_checkStack)
                  00008e1c    00000034     empty_pem4f.oem4f (.text:ti_sysbios_knl_Clock_construct)
                  00008e50    00000034     ti.targets.arm.rtsarm.aem4f : Core-label.oem4f (.text:xdc_runtime_Core_assignLabel__I)
                  00008e84    00000033                                 : Text.oem4f (.text:xdc_runtime_Text_printVisFxn__I)
                  00008eb7    00000001     --HOLE-- [fill = 0]
                  00008eb8    00000032     sysbios.aem4f : BIOS.obj (.text:ti_sysbios_hal_Hwi_initStack)
                  00008eea    00000002     --HOLE-- [fill = 0]
                  00008eec    00000030     drivers_tivaware.aem4f : UART.oem4f (.text:UART_open)
                  00008f1c    00000030     empty_pem4f.oem4f (.text:ti_sysbios_BIOS_atExitFunc__I)
                  00008f4c    00000004     --HOLE-- [fill = 0]
                  00008f50    00000030     sysbios.aem4f : BIOS.obj (.text:ti_sysbios_family_arm_lm4_Timer_stop__E)
                  00008f80    00000030                   : BIOS.obj (.text:ti_sysbios_family_arm_m3_TaskSupport_start__E)
                  00008fb0    00000030     empty_pem4f.oem4f (.text:ti_sysbios_gates_GateHwi_Object__create__S)
                  00008fe0    00000030     empty_pem4f.oem4f (.text:ti_sysbios_gates_GateMutex_Object__create__S)
                  00009010    00000030     empty_pem4f.oem4f (.text:ti_sysbios_heaps_HeapMem_Object__create__S)
                  00009040    00000030     empty_pem4f.oem4f (.text:ti_sysbios_knl_Semaphore_construct)
                  00009070    00000030     sysbios.aem4f : BIOS.obj (.text:ti_sysbios_knl_Semaphore_pendTimeout__I)
                  000090a0    00000030                   : BIOS.obj (.text:ti_sysbios_knl_Task_unblockI__E)
                  000090d0    00000030     list.obj (.text:vListInitialise)
                  00009100    00000030     ti.targets.arm.rtsarm.aem4f : SysMin.oem4f (.text:xdc_runtime_SysMin_abort__E)
                  00009130    00000030                                 : System.oem4f (.text:xdc_runtime_System_processAtExit__E)
                  00009160    0000002e     empty_pem4f.oem4f (.text:malloc)
                  0000918e    0000002e     rtsv7M4_T_le_v4SPD16_eabi.lib : i_tofd_t2.asm.obj (.text)
                  000091bc    0000002c     EK_TM4C1294XL.obj (.text:EK_TM4C1294XL_initUART)
                  000091e8    0000002c     empty_pem4f.oem4f (.text:ti_sysbios_knl_Clock_doTick__I)
                  00009214    0000002c     empty_pem4f.oem4f (.text:ti_sysbios_knl_Queue_construct)
                  00009240    0000002c     sysbios.aem4f : BIOS.obj (.text:ti_sysbios_knl_Task_restore__E)
                  0000926c    0000002c     ti.targets.arm.rtsarm.aem4f : Text.oem4f (.text:xdc_runtime_Text_cordText__E)
                  00009298    0000002a     driverlib.lib : gpio.obj (.text:GPIODirModeSet)
                  000092c2    0000002a     ti.targets.arm.rtsarm.aem4f : System.oem4f (.text:xdc_runtime_System_putchar__I)
                  000092ec    00000004     --HOLE-- [fill = 0]
                  000092f0    00000028     sysbios.aem4f : BIOS.obj (.text:ti_sysbios_knl_Swi_Module_startup__E)
                  00009318    00000026     queue.obj (.text:prvIsQueueFull)
                  0000933e    00000026     sysbios.aem4f : m3_Hwi_asm.obj (.text:ti_sysbios_family_arm_m3_Hwi_pendSV__I)
                  00009364    00000026     ti.targets.arm.rtsarm.aem4f : System.oem4f (.text:xdc_runtime_System_avprintf__E)
                  0000938a    00000002     --HOLE-- [fill = 0]
                  0000938c    00000024     empty_pem4f.oem4f (.text:ti_sysbios_BIOS_errorRaiseHook__I)
                  000093b0    00000024     empty_pem4f.oem4f (.text:ti_sysbios_BIOS_registerRTSLock__I)
                  000093d4    00000024     empty_pem4f.oem4f (.text:ti_sysbios_BIOS_removeRTSLock__I)
                  000093f8    00000024     empty_pem4f.oem4f (.text:ti_sysbios_BIOS_startFunc__I)
                  0000941c    00000024     empty_pem4f.oem4f (.text:ti_sysbios_gates_GateMutex_Object__delete__S)
                  00009440    00000024     sysbios.aem4f : BIOS.obj (.text:ti_sysbios_knl_Clock_Module_startup__E)
                  00009464    00000004     --HOLE-- [fill = 0]
                  00009468    00000024                   : BIOS.obj (.text:ti_sysbios_knl_Task_restoreHwi__E)
                  0000948c    00000024     port.obj (.text:vPortEnterCritical)
                  000094b0    00000024     tasks.obj (.text:vTaskSetTimeOutState)
                  000094d4    00000024     ti.targets.arm.rtsarm.aem4f : System.oem4f (.text:xdc_runtime_System_vprintf__E)
                  000094f8    00000022     sysbios.aem4f : BIOS.obj (.text:ti_sysbios_family_arm_lm4_Timer_write__I)
                  0000951a    00000022     empty_pem4f.oem4f (.text:xdc_runtime_SysMin_output__I)
                  0000953c    00000020     Boot.aem4f : Boot_sysctl.oem4f (.text:_SysCtlMemTimingGet)
                  0000955c    00000020     queue.obj (.text:prvIsQueueEmpty)
                  0000957c    00000020     empty_pem4f.oem4f (.text:ti_sysbios_BIOS_rtsLock__I)
                  0000959c    00000020     sysbios.aem4f : m3_Hwi_asm.obj (.text:ti_sysbios_family_arm_m3_Hwi_excHandlerAsm__I)
                  000095bc    00000004     --HOLE-- [fill = 0]
                  000095c0    00000020                   : BIOS.obj (.text:ti_sysbios_family_arm_m3_Hwi_excHandler__I)
                  000095e0    00000020     empty_pem4f.oem4f (.text:ti_sysbios_gates_GateHwi_Object__delete__S)
                  00009600    00000020     empty_pem4f.oem4f (.text:ti_sysbios_heaps_HeapMem_Object__delete__S)
                  00009620    00000020     empty_pem4f.oem4f (.text:ti_sysbios_knl_Clock_Object__destruct__S)
                  00009640    00000020     sysbios.aem4f : BIOS.obj (.text:ti_sysbios_knl_Idle_run__E)
                  00009660    00000020     empty_pem4f.oem4f (.text:ti_sysbios_knl_Semaphore_Object__destruct__S)
                  00009680    00000020     tasks.obj (.text:vTaskPlaceOnEventList)
                  000096a0    00000020     ti.targets.arm.rtsarm.aem4f : Registry.oem4f (.text:xdc_runtime_Registry_findById__E)
                  000096c0    00000020                                 : SysMin.oem4f (.text:xdc_runtime_SysMin_Module_startup__E)
                  000096e0    0000001e     sysbios.aem4f : m3_Hwi_asm_switch.obj (.text:ti_sysbios_family_xxx_Hwi_switchAndRunFunc)
                  000096fe    00000002     --HOLE-- [fill = 0]
                  00009700    0000001c     driverlib.lib : uart.obj (.text:UARTDisable)
                  0000971c    0000001c     drivers_tivaware.aem4f : GPIOTiva.oem4f (.text:getGpioIntIndex)
                  00009738    0000001c     rtsv7M4_T_le_v4SPD16_eabi.lib : memccpy.c.obj (.text:memccpy)
                  00009754    0000001c     tasks.obj (.text:pvTaskIncrementMutexHeldCount)
                  00009770    0000001c     empty_pem4f.oem4f (.text:ti_sysbios_family_arm_m3_Hwi_Object__destruct__S)
                  0000978c    00000004     --HOLE-- [fill = 0]
                  00009790    0000001c     sysbios.aem4f : BIOS.obj (.text:ti_sysbios_gates_GateMutex_Instance_init__E)
                  000097ac    0000001c     empty_pem4f.oem4f (.text:ti_sysbios_knl_Queue_Object__destruct__S)
                  000097c8    0000001c     sysbios.aem4f : BIOS.obj (.text:ti_sysbios_knl_Task_enter__I)
                  000097e4    0000001c     port.obj (.text:vPortExitCritical)
                  00009800    0000001c     ti.targets.arm.rtsarm.aem4f : Error.oem4f (.text:xdc_runtime_Error_raiseX__E)
                  0000981c    0000001c                                 : Memory.oem4f (.text:xdc_runtime_Memory_valloc__E)
                  00009838    0000001c                                 : SysMin.oem4f (.text:xdc_runtime_SysMin_exit__E)
                  00009854    0000001c                                 : System.oem4f (.text:xdc_runtime_System_abort__E)
                  00009870    0000001a     rtsv7M4_T_le_v4SPD16_eabi.lib : s_copysign.c.obj (.text:copysign)
                  0000988a    0000001a     empty_pem4f.oem4f (.text:free)
                  000098a4    0000001a     empty_pem4f.oem4f (.text:ti_sysbios_family_arm_m3_Hwi_Handle__label__S)
                  000098be    0000001a     empty_pem4f.oem4f (.text:ti_sysbios_gates_GateHwi_Handle__label__S)
                  000098d8    0000001a     empty_pem4f.oem4f (.text:ti_sysbios_gates_GateMutex_Handle__label__S)
                  000098f2    0000001a     empty_pem4f.oem4f (.text:ti_sysbios_heaps_HeapMem_Handle__label__S)
                  0000990c    0000001a     empty_pem4f.oem4f (.text:ti_sysbios_knl_Swi_Handle__label__S)
                  00009926    0000001a     empty_pem4f.oem4f (.text:ti_sysbios_knl_Task_Handle__label__S)
                  00009940    0000001a     empty_pem4f.oem4f (.text:xdc_runtime_System_aprintf__E)
                  0000995a    0000001a     empty_pem4f.oem4f (.text:xdc_runtime_System_printf__E)
                  00009974    00000018     drivers_tivaware.aem4f : UART.oem4f (.text:UART_Params_init)
                  0000998c    00000018     rtsv7M4_T_le_v4SPD16_eabi.lib : args_main.c.obj (.text:_args_main)
                  000099a4    00000018                                   : sprintf.c.obj (.text:_outs)
                  000099bc    00000018     empty_pem4f.oem4f (.text:ti_sysbios_BIOS_rtsUnlock__I)
                  000099d4    00000018     empty_pem4f.oem4f (.text:ti_sysbios_family_arm_lm4_Timer_Module__startupDone__F)
                  000099ec    00000018     empty_pem4f.oem4f (.text:ti_sysbios_family_arm_m3_Hwi_Module__startupDone__F)
                  00009a04    00000018     sysbios.aem4f : m3_TaskSupport_asm.obj (.text:ti_sysbios_family_arm_m3_TaskSupport_swap__E)
                  00009a1c    00000004     --HOLE-- [fill = 0]
                  00009a20    00000018                   : BIOS.obj (.text:ti_sysbios_gates_GateMutex_leave__E)
                  00009a38    00000018                   : BIOS.obj (.text:ti_sysbios_knl_Task_sleepTimeout__I)
                  00009a50    00000018     ti.targets.arm.rtsarm.aem4f : Error.oem4f (.text:xdc_runtime_Error_check__E)
                  00009a68    00000018                                 : System.oem4f (.text:xdc_runtime_System_exit__E)
                  00009a80    00000018                                 : Text.oem4f (.text:xdc_runtime_Text_ropeText__E)
                  00009a98    00000016     driverlib.lib : i2c.obj (.text:I2CMasterErr)
                  00009aae    00000016     rtsv7M4_T_le_v4SPD16_eabi.lib : strchr.c.obj (.text:strchr)
                  00009ac4    00000016     empty_pem4f.oem4f (.text:ti_sysbios_BIOS_exitFunc__I)
                  00009ada    00000016     main.obj (.text:ti_sysbios_knl_Semaphore_Params_init)
                  00009af0    00000016     main.obj (.text:ti_sysbios_knl_Task_Params_init)
                  00009b06    00000014     driverlib.lib : uart.obj (.text:UARTEnable)
                  00009b1a    00000014     rtsv7M4_T_le_v4SPD16_eabi.lib : strcpy.c.obj (.text:strcpy)
                  00009b2e    00000014                                   : strlen.c.obj (.text:strlen)
                  00009b42    00000002     --HOLE-- [fill = 0]
                  00009b44    00000014     empty_pem4f.oem4f (.text:ti_sysbios_family_arm_m3_Hwi_Object__get__S)
                  00009b58    00000014     sysbios.aem4f : BIOS.obj (.text:ti_sysbios_family_arm_m3_Hwi_switchFromBootStack__E)
                  00009b6c    00000014     empty_pem4f.oem4f (.text:ti_sysbios_heaps_HeapMem_Object__get__S)
                  00009b80    00000014     empty_pem4f.oem4f (.text:ti_sysbios_knl_Swi_Object__get__S)
                  00009b94    00000012     driverlib.lib : gpio.obj (.text:GPIOPinTypeI2C)
                  00009ba6    00000012                   : gpio.obj (.text:GPIOPinTypeI2CSCL)
                  00009bb8    00000012                   : gpio.obj (.text:GPIOPinTypeUART)
                  00009bca    00000012     drivers_tivaware.aem4f : RingBuf.oem4f (.text:RingBuf_construct)
                  00009bdc    00000004     --HOLE-- [fill = 0]
                  00009be0    00000012     sysbios.aem4f : BIOS.obj (.text:ti_sysbios_hal_Hwi_Module_startup__E)
                  00009bf2    00000012     rtsv7M4_T_le_v4SPD16_eabi.lib : wcslen.c.obj (.text:wcslen)
                  00009c04    00000012     empty_pem4f.oem4f (.text:xdc_runtime_Startup_exec__I)
                  00009c16    00000002     --HOLE-- [fill = 0]
                  00009c18    00000010     empty_pem4f.oem4f (.text:.bootCodeSection:ti_catalog_arm_cortexm4_tiva_ce_Boot_init__I)
                  00009c28    00000010     main.obj (.text:buzzer_control)
                  00009c38    00000010     drivers_tivaware.aem4f : UARTTiva.oem4f (.text:readBlockingTimeout)
                  00009c48    00000010     sysbios.aem4f : BIOS.obj (.text:ti_sysbios_BIOS_getCpuFreq__E)
                  00009c58    00000010                   : BIOS.obj (.text:ti_sysbios_BIOS_setThreadType__E)
                  00009c68    00000010                   : BIOS.obj (.text:ti_sysbios_BIOS_start__E)
                  00009c78    00000010                   : m3_TaskSupport_asm.obj (.text:ti_sysbios_family_arm_m3_TaskSupport_glue)
                  00009c88    00000010                   : BIOS.obj (.text:ti_sysbios_gates_GateMutex_Instance_finalize__E)
                  00009c98    00000010                   : BIOS.obj (.text:ti_sysbios_knl_Semaphore_Instance_finalize__E)
                  00009ca8    00000010                   : BIOS.obj (.text:ti_sysbios_knl_Swi_disable__E)
                  00009cb8    00000010     empty_pem4f.oem4f (.text:ti_sysbios_knl_Task_Object__get__S)
                  00009cc8    00000010     sysbios.aem4f : BIOS.obj (.text:ti_sysbios_knl_Task_disable__E)
                  00009cd8    00000010     tasks.obj (.text:vTaskSuspendAll)
                  00009ce8    00000010     ti.targets.arm.rtsarm.aem4f : Gate.oem4f (.text:xdc_runtime_Gate_leaveSystem__E)
                  00009cf8    00000010                                 : Memory.oem4f (.text:xdc_runtime_Memory_free__E)
                  00009d08    00000010                                 : SysMin.oem4f (.text:xdc_runtime_SysMin_ready__E)
                  00009d18    00000010                                 : System.oem4f (.text:xdc_runtime_System_vsnprintf__E)
                  00009d28    00000010     empty_pem4f.oem4f (.text:xdc_runtime_Text_visitRope__I)
                  00009d38    0000000e     driverlib.lib : gpio.obj (.text:GPIOIntStatus)
                  00009d46    0000000e                   : uart.obj (.text:UARTCharGetNonBlocking)
                  00009d54    0000000e                   : uart.obj (.text:UARTCharPutNonBlocking)
                  00009d62    0000000e     rtsv7M4_T_le_v4SPD16_eabi.lib : copy_decompress_none.c.obj (.text:decompress:none:__TI_decompress_none)
                  00009d70    0000000e     sysbios.aem4f : BIOS.obj (.text:ti_sysbios_knl_Idle_loop__E)
                  00009d7e    00000002     --HOLE-- [fill = 0]
                  00009d80    0000000e                   : BIOS.obj (.text:ti_sysbios_knl_Queue_empty__E)
                  00009d8e    0000000c     drivers_tivaware.aem4f : RingBuf.oem4f (.text:RingBuf_peek)
                  00009d9a    0000000c     driverlib.lib : uart.obj (.text:UARTFlowControlSet)
                  00009da6    0000000c     drivers_tivaware.aem4f : UARTTiva.oem4f (.text:UARTTiva_init)
                  00009db2    00000002     --HOLE-- [fill = 0]
                  00009db4    0000000c     rtsv7M4_T_le_v4SPD16_eabi.lib : _lock.c.obj (.text:_register_lock)
                  00009dc0    0000000c                                   : _lock.c.obj (.text:_register_unlock)
                  00009dcc    0000000c                                   : copy_zero_init.c.obj (.text:decompress:ZI:__TI_zero_init)
                  00009dd8    0000000c     sysbios.aem4f : BIOS.obj (.text:ti_sysbios_family_arm_lm4_Timer_getMaxTicks__E)
                  00009de4    0000000c     empty_pem4f.oem4f (.text:ti_sysbios_family_arm_m3_Hwi_Params__init__S)
                  00009df0    0000000c     sysbios.aem4f : BIOS.obj (.text:ti_sysbios_family_arm_m3_Hwi_disableFxn__E)
                  00009dfc    00000004     --HOLE-- [fill = 0]
                  00009e00    0000000c                   : BIOS.obj (.text:ti_sysbios_family_arm_m3_TaskSupport_checkStack__E)
                  00009e0c    00000004     --HOLE-- [fill = 0]
                  00009e10    0000000c                   : BIOS.obj (.text:ti_sysbios_family_arm_m3_TaskSupport_getStackAlignment__E)
                  00009e1c    00000004     --HOLE-- [fill = 0]
                  00009e20    0000000c                   : BIOS.obj (.text:ti_sysbios_gates_GateHwi_enter__E)
                  00009e2c    0000000c     empty_pem4f.oem4f (.text:ti_sysbios_knl_Clock_Params__init__S)
                  00009e38    0000000c     sysbios.aem4f : BIOS.obj (.text:ti_sysbios_knl_Clock_getTicks__E)
                  00009e44    0000000c     empty_pem4f.oem4f (.text:ti_sysbios_knl_Queue_Object__get__S)
                  00009e50    0000000c     empty_pem4f.oem4f (.text:ti_sysbios_knl_Semaphore_Params__init__S)
                  00009e5c    0000000c     main.obj (.text:ti_sysbios_knl_Semaphore_handle)
                  00009e68    0000000c     empty_pem4f.oem4f (.text:ti_sysbios_knl_Task_Params__init__S)
                  00009e74    0000000c     tasks.obj (.text:vTaskMissedYield)
                  00009e80    0000000c     ti.targets.arm.rtsarm.aem4f : Error.oem4f (.text:xdc_runtime_Error_init__E)
                  00009e8c    0000000c                                 : Gate.oem4f (.text:xdc_runtime_Gate_enterSystem__E)
                  00009e98    0000000c                                 : Memory.oem4f (.text:xdc_runtime_Memory_calloc__E)
                  00009ea4    0000000c                                 : Memory.oem4f (.text:xdc_runtime_Memory_getMaxDefaultTypeAlign__E)
                  00009eb0    0000000a     driverlib.lib : i2c.obj (.text:I2CMasterDisable)
                  00009eba    0000000a                   : i2c.obj (.text:I2CMasterEnable)
                  00009ec4    0000000a     drivers_tivaware.aem4f : I2CTiva.oem4f (.text:I2CTiva_init)
                  00009ece    0000000a     driverlib.lib : uart.obj (.text:UARTCharGet)
                  00009ed8    0000000a                   : uart.obj (.text:UARTCharPut)
                  00009ee2    0000000a                   : uart.obj (.text:UARTIntDisable)
                  00009eec    0000000a                   : uart.obj (.text:UARTIntStatus)
                  00009ef6    0000000a     drivers_tivaware.aem4f : UART.oem4f (.text:UART_read)
                  00009f00    0000000a                            : UART.oem4f (.text:UART_write)
                  00009f0a    0000000a     rtsv7M4_T_le_v4SPD16_eabi.lib : sprintf.c.obj (.text:_outc)
                  00009f14    0000000a     empty_pem4f.oem4f (.text:xdc_runtime_IHeap_alloc)
                  00009f1e    0000000a     empty_pem4f.oem4f (.text:xdc_runtime_IHeap_free)
                  00009f28    00000008     EK_TM4C1294XL.obj (.text:EK_TM4C1294XL_initGPIO)
                  00009f30    00000008     driverlib.lib : i2c.obj (.text:I2CMasterBusy)
                  00009f38    00000008                   : i2c.obj (.text:I2CMasterIntClear)
                  00009f40    00000008                   : i2c.obj (.text:I2CMasterSlaveAddrSet)
                  00009f48    00000008     drivers_tivaware.aem4f : I2CTiva.oem4f (.text:I2CTiva_blockingCallback)
                  00009f50    00000008     driverlib.lib : uart.obj (.text:UARTIntEnable)
                  00009f58    00000008                   : uart.obj (.text:UARTRxErrorGet)
                  00009f60    00000008     rtsv7M4_T_le_v4SPD16_eabi.lib : errno.c.obj (.text:__aeabi_errno_addr)
                  00009f68    00000008     drivers_tivaware.aem4f : UARTTiva.oem4f (.text:readSemCallback)
                  00009f70    00000008     sysbios.aem4f : BIOS.obj (.text:ti_sysbios_family_arm_lm4_Timer_masterDisable__I)
                  00009f78    00000008                   : BIOS.obj (.text:ti_sysbios_family_arm_m3_Hwi_doSwiRestore__I)
                  00009f80    00000008                   : BIOS.obj (.text:ti_sysbios_family_arm_m3_Hwi_startup__E)
                  00009f88    00000008     drivers_tivaware.aem4f : UARTTiva.oem4f (.text:writeSemCallback)
                  00009f90    00000006                            : I2CTiva.oem4f (.text:I2CTiva_control)
                  00009f96    00000006     driverlib.lib : uart.obj (.text:UARTFIFOLevelSet)
                  00009f9c    00000006                   : uart.obj (.text:UARTRxErrorClear)
                  00009fa2    00000006     ti.targets.arm.rtsarm.aem4f : System.oem4f (.text:xdc_runtime_System_Module_startup__E)
                  00009fa8    00000006     sysbios.aem4f : BIOS.obj (.text:ti_sysbios_family_arm_m3_Hwi_doTaskRestore__I)
                  00009fae    00000002     --HOLE-- [fill = 0]
                  00009fb0    00000006                   : BIOS.obj (.text:ti_sysbios_family_arm_m3_Hwi_restoreFxn__E)
                  00009fb6    00000002     --HOLE-- [fill = 0]
                  00009fb8    00000006                   : BIOS.obj (.text:ti_sysbios_gates_GateHwi_leave__E)
                  00009fbe    00000002     --HOLE-- [fill = 0]
                  00009fc0    00000006                   : BIOS.obj (.text:ti_sysbios_heaps_HeapMem_isBlocking__E)
                  00009fc6    00000002     --HOLE-- [fill = 0]
                  00009fc8    00000006                   : BIOS.obj (.text:ti_sysbios_knl_Clock_stop__E)
                  00009fce    00000002     --HOLE-- [fill = 0]
                  00009fd0    00000006                   : BIOS.obj (.text:ti_sysbios_knl_Queue_Instance_init__E)
                  00009fd6    00000002     --HOLE-- [fill = 0]
                  00009fd8    00000006                   : BIOS.obj (.text:ti_sysbios_knl_Swi_startup__E)
                  00009fde    00000002     --HOLE-- [fill = 0]
                  00009fe0    00000004                   : BIOS.obj (.text:ti_sysbios_gates_GateHwi_query__E)
                  00009fe4    00000004     --HOLE-- [fill = 0]
                  00009fe8    00000004                   : BIOS.obj (.text:ti_sysbios_gates_GateMutex_query__E)
                  00009fec    00000004     --HOLE-- [fill = 0]
                  00009ff0    00000004                   : BIOS.obj (.text:ti_sysbios_knl_Semaphore_getCount__E)
                  00009ff4    00000004     --HOLE-- [fill = 0]
                  00009ff8    00000004                   : BIOS.obj (.text:ti_sysbios_knl_Task_startup__E)
                  00009ffc    00000004     --HOLE-- [fill = 0]
                  0000a000    00000002                   : BIOS.obj (.text:ti_sysbios_gates_GateHwi_Instance_init__E)
                  0000a002    00000006     --HOLE-- [fill = 0]
                  0000a008    00000002                   : BIOS.obj (.text:ti_sysbios_knl_Clock_logTick__E)

.const     0    0000a00c    000023fa     
                  0000a00c    00001861     empty_pem4f.oem4f (.const:xdc_runtime_Text_charTab__A)
                  0000b86d    00000001     empty_pem4f.oem4f (.const:xdc_runtime_Error_policy__C)
                  0000b86e    00000002     empty_pem4f.oem4f (.const:ti_catalog_arm_cortexm4_tiva_ce_Boot_Module__id__C)
                  0000b870    00000120     Boot.aem4f : Boot_sysctl.oem4f (.const:g_pppui32XTALtoVCO)
                  0000b990    00000101     rtsv7M4_T_le_v4SPD16_eabi.lib : ctype.c.obj (.const:.string:_ctypes_)
                  0000ba91    00000001     --HOLE-- [fill = 0]
                  0000ba92    000000bc     empty_pem4f.oem4f (.const:xdc_runtime_Text_nodeTab__A)
                  0000bb4e    00000002     empty_pem4f.oem4f (.const:ti_sysbios_family_arm_m3_Hwi_Module__id__C)
                  0000bb50    00000090     driverlib.lib : gpio.obj (.const:g_pui32GPIOBaseAddrs)
                  0000bbe0    0000006c     Boot.aem4f : Boot_sysctl.oem4f (.const:g_pui32Xtals)
                  0000bc4c    0000006c     driverlib.lib : sysctl.obj (.const:g_pui32Xtals)
                  0000bcb8    00000054     drivers_tivaware.aem4f : GPIOTiva.oem4f (.const:.string)
                  0000bd0c    0000004c                            : UARTTiva.oem4f (.const)
                  0000bd58    00000048     empty_pem4f.oem4f (.const:.string)
                  0000bda0    00000048     drivers_tivaware.aem4f : GPIOTiva.oem4f (.const:gpioBaseAddresses)
                  0000bde8    0000003c     empty_pem4f.oem4f (.const:ti_sysbios_knl_Task_Object__PARAMS__C)
                  0000be24    00000038     main.obj (.const:.string)
                  0000be5c    00000030     Boot.aem4f : Boot_sysctl.oem4f (.const:g_sXTALtoMEMTIM)
                  0000be8c    00000030     empty_pem4f.oem4f (.const:ti_sysbios_family_arm_m3_Hwi_Object__PARAMS__C)
                  0000bebc    00000028     drivers_tivaware.aem4f : UARTTiva.oem4f (.const:UARTTiva_fxnTable)
                  0000bee4    00000028     empty_pem4f.oem4f (.const:ti_sysbios_heaps_HeapMem_Module__FXNS__C)
                  0000bf0c    00000024     EK_TM4C1294XL.obj (.const:I2C_config)
                  0000bf30    00000024     drivers_tivaware.aem4f : UART.oem4f (.const:UART_defaultParams)
                  0000bf54    00000024     empty_pem4f.oem4f (.const:ti_sysbios_gates_GateHwi_Module__FXNS__C)
                  0000bf78    00000024     empty_pem4f.oem4f (.const:ti_sysbios_gates_GateMutex_Module__FXNS__C)
                  0000bf9c    00000024     empty_pem4f.oem4f (.const:ti_sysbios_heaps_HeapMem_Object__PARAMS__C)
                  0000bfc0    00000024     empty_pem4f.oem4f (.const:ti_sysbios_knl_Clock_Object__PARAMS__C)
                  0000bfe4    00000024     empty_pem4f.oem4f (.const:ti_sysbios_knl_Semaphore_Object__PARAMS__C)
                  0000c008    00000020     empty_pem4f.oem4f (.const:ti_sysbios_family_arm_m3_Hwi_Object__DESC__C)
                  0000c028    00000020     empty_pem4f.oem4f (.const:ti_sysbios_gates_GateHwi_Object__DESC__C)
                  0000c048    00000020     empty_pem4f.oem4f (.const:ti_sysbios_gates_GateMutex_Object__DESC__C)
                  0000c068    00000020     empty_pem4f.oem4f (.const:ti_sysbios_heaps_HeapMem_Object__DESC__C)
                  0000c088    00000020     empty_pem4f.oem4f (.const:ti_sysbios_knl_Clock_Object__DESC__C)
                  0000c0a8    00000020     empty_pem4f.oem4f (.const:ti_sysbios_knl_Queue_Object__DESC__C)
                  0000c0c8    00000020     empty_pem4f.oem4f (.const:ti_sysbios_knl_Semaphore_Object__DESC__C)
                  0000c0e8    00000020     empty_pem4f.oem4f (.const:ti_sysbios_knl_Task_Object__DESC__C)
                  0000c108    00000020     empty_pem4f.oem4f (.const:xdc_runtime_Startup_sfxnTab__A)
                  0000c128    0000001c     drivers_tivaware.aem4f : I2CTiva.oem4f (.const)
                  0000c144    00000018     EK_TM4C1294XL.obj (.const:UART_config)
                  0000c15c    00000018     EK_TM4C1294XL.obj (.const:i2cTivaHWAttrs)
                  0000c174    00000018     empty_pem4f.oem4f (.const:ti_sysbios_gates_GateHwi_Object__PARAMS__C)
                  0000c18c    00000018     empty_pem4f.oem4f (.const:ti_sysbios_gates_GateMutex_Object__PARAMS__C)
                  0000c1a4    00000018     empty_pem4f.oem4f (.const:ti_sysbios_knl_Queue_Object__PARAMS__C)
                  0000c1bc    00000018     EK_TM4C1294XL.obj (.const:uartTivaHWAttrs)
                  0000c1d4    00000014     EK_TM4C1294XL.obj (.const:GPIOTiva_config)
                  0000c1e8    00000014     empty_pem4f.oem4f (.const:xdc_runtime_Startup_firstFxns__A)
                  0000c1fc    00000010     empty_pem4f.oem4f (.const:xdc_runtime_Startup_sfxnRts__A)
                  0000c20c    00000008     Boot.aem4f : Boot_sysctl.oem4f (.const)
                  0000c214    00000008     empty_pem4f.oem4f (.const:ti_sysbios_family_arm_m3_Hwi_excHookFuncs__A)
                  0000c21c    00000008     empty_pem4f.oem4f (.const:ti_sysbios_knl_Idle_funcList__C)
                  0000c224    00000008     empty_pem4f.oem4f (.const:xdc_runtime_Startup_firstFxns__C)
                  0000c22c    00000008     empty_pem4f.oem4f (.const:xdc_runtime_Startup_lastFxns__C)
                  0000c234    00000004     empty_pem4f.oem4f (.const:ti_catalog_arm_cortexm4_tiva_ce_Boot_A_mustNotUseEnhancedClockMode__C)
                  0000c238    00000004     empty_pem4f.oem4f (.const:ti_catalog_arm_cortexm4_tiva_ce_Boot_Module__diagsEnabled__C)
                  0000c23c    00000004     empty_pem4f.oem4f (.const:ti_catalog_arm_cortexm4_tiva_ce_Boot_Module__diagsIncluded__C)
                  0000c240    00000004     empty_pem4f.oem4f (.const:ti_catalog_arm_cortexm4_tiva_ce_Boot_Module__diagsMask__C)
                  0000c244    00000004     empty_pem4f.oem4f (.const:ti_sysbios_family_arm_lm4_Timer_enableFunc__C)
                  0000c248    00000004     empty_pem4f.oem4f (.const:ti_sysbios_family_arm_lm4_Timer_numTimerDevices__C)
                  0000c24c    00000004     empty_pem4f.oem4f (.const:ti_sysbios_family_arm_lm4_Timer_startupNeeded__C)
                  0000c250    00000004     empty_pem4f.oem4f (.const:ti_sysbios_family_arm_m3_Hwi_E_NMI__C)
                  0000c254    00000004     empty_pem4f.oem4f (.const:ti_sysbios_family_arm_m3_Hwi_E_alreadyDefined__C)
                  0000c258    00000004     empty_pem4f.oem4f (.const:ti_sysbios_family_arm_m3_Hwi_E_busFault__C)
                  0000c25c    00000004     empty_pem4f.oem4f (.const:ti_sysbios_family_arm_m3_Hwi_E_debugMon__C)
                  0000c260    00000004     empty_pem4f.oem4f (.const:ti_sysbios_family_arm_m3_Hwi_E_hardFault__C)
                  0000c264    00000004     empty_pem4f.oem4f (.const:ti_sysbios_family_arm_m3_Hwi_E_memFault__C)
                  0000c268    00000004     empty_pem4f.oem4f (.const:ti_sysbios_family_arm_m3_Hwi_E_noIsr__C)
                  0000c26c    00000004     empty_pem4f.oem4f (.const:ti_sysbios_family_arm_m3_Hwi_E_reserved__C)
                  0000c270    00000004     empty_pem4f.oem4f (.const:ti_sysbios_family_arm_m3_Hwi_E_svCall__C)
                  0000c274    00000004     empty_pem4f.oem4f (.const:ti_sysbios_family_arm_m3_Hwi_E_usageFault__C)
                  0000c278    00000004     empty_pem4f.oem4f (.const:ti_sysbios_family_arm_m3_Hwi_NUM_INTERRUPTS__C)
                  0000c27c    00000004     empty_pem4f.oem4f (.const:ti_sysbios_family_arm_m3_Hwi_Object__count__C)
                  0000c280    00000004     empty_pem4f.oem4f (.const:ti_sysbios_family_arm_m3_Hwi_ccr__C)
                  0000c284    00000004     empty_pem4f.oem4f (.const:ti_sysbios_family_arm_m3_Hwi_excHandlerFunc__C)
                  0000c288    00000004     empty_pem4f.oem4f (.const:ti_sysbios_family_arm_m3_Hwi_excHookFuncs__C)
                  0000c28c    00000004     empty_pem4f.oem4f (.const:ti_sysbios_family_arm_m3_Hwi_nullIsrFunc__C)
                  0000c290    00000004     empty_pem4f.oem4f (.const:ti_sysbios_family_arm_m3_Hwi_priGroup__C)
                  0000c294    00000004     empty_pem4f.oem4f (.const:ti_sysbios_family_arm_m3_TaskSupport_stackAlignment__C)
                  0000c298    00000004     empty_pem4f.oem4f (.const:ti_sysbios_gates_GateMutex_A_badContext__C)
                  0000c29c    00000004     empty_pem4f.oem4f (.const:ti_sysbios_gates_GateMutex_Instance_State_sem__O)
                  0000c2a0    00000004     empty_pem4f.oem4f (.const:ti_sysbios_gates_GateMutex_Module__diagsEnabled__C)
                  0000c2a4    00000004     empty_pem4f.oem4f (.const:ti_sysbios_gates_GateMutex_Module__diagsIncluded__C)
                  0000c2a8    00000004     empty_pem4f.oem4f (.const:ti_sysbios_gates_GateMutex_Module__diagsMask__C)
                  0000c2ac    00000004     empty_pem4f.oem4f (.const:ti_sysbios_hal_Hwi_E_stackOverflow__C)
                  0000c2b0    00000004     empty_pem4f.oem4f (.const:ti_sysbios_heaps_HeapMem_A_align__C)
                  0000c2b4    00000004     empty_pem4f.oem4f (.const:ti_sysbios_heaps_HeapMem_A_heapSize__C)
                  0000c2b8    00000004     empty_pem4f.oem4f (.const:ti_sysbios_heaps_HeapMem_A_invalidFree__C)
                  0000c2bc    00000004     empty_pem4f.oem4f (.const:ti_sysbios_heaps_HeapMem_A_zeroBlock__C)
                  0000c2c0    00000004     empty_pem4f.oem4f (.const:ti_sysbios_heaps_HeapMem_E_memory__C)
                  0000c2c4    00000004     empty_pem4f.oem4f (.const:ti_sysbios_heaps_HeapMem_Module__diagsEnabled__C)
                  0000c2c8    00000004     empty_pem4f.oem4f (.const:ti_sysbios_heaps_HeapMem_Module__diagsIncluded__C)
                  0000c2cc    00000004     empty_pem4f.oem4f (.const:ti_sysbios_heaps_HeapMem_Module__diagsMask__C)
                  0000c2d0    00000004     empty_pem4f.oem4f (.const:ti_sysbios_heaps_HeapMem_Module__gateObj__C)
                  0000c2d4    00000004     empty_pem4f.oem4f (.const:ti_sysbios_heaps_HeapMem_Object__count__C)
                  0000c2d8    00000004     empty_pem4f.oem4f (.const:ti_sysbios_heaps_HeapMem_reqAlign__C)
                  0000c2dc    00000004     empty_pem4f.oem4f (.const:ti_sysbios_knl_Clock_A_badThreadType__C)
                  0000c2e0    00000004     empty_pem4f.oem4f (.const:ti_sysbios_knl_Clock_Module_State_clockQ__O)
                  0000c2e4    00000004     empty_pem4f.oem4f (.const:ti_sysbios_knl_Clock_Module__diagsEnabled__C)
                  0000c2e8    00000004     empty_pem4f.oem4f (.const:ti_sysbios_knl_Clock_Module__diagsIncluded__C)
                  0000c2ec    00000004     empty_pem4f.oem4f (.const:ti_sysbios_knl_Clock_Module__diagsMask__C)
                  0000c2f0    00000004     empty_pem4f.oem4f (.const:ti_sysbios_knl_Idle_funcList__A)
                  0000c2f4    00000004     empty_pem4f.oem4f (.const:ti_sysbios_knl_Semaphore_A_badContext__C)
                  0000c2f8    00000004     empty_pem4f.oem4f (.const:ti_sysbios_knl_Semaphore_A_noEvents__C)
                  0000c2fc    00000004     empty_pem4f.oem4f (.const:ti_sysbios_knl_Semaphore_A_overflow__C)
                  0000c300    00000004     empty_pem4f.oem4f (.const:ti_sysbios_knl_Semaphore_A_pendTaskDisabled__C)
                  0000c304    00000004     empty_pem4f.oem4f (.const:ti_sysbios_knl_Semaphore_Instance_State_pendQ__O)
                  0000c308    00000004     empty_pem4f.oem4f (.const:ti_sysbios_knl_Semaphore_Module__diagsEnabled__C)
                  0000c30c    00000004     empty_pem4f.oem4f (.const:ti_sysbios_knl_Semaphore_Module__diagsIncluded__C)
                  0000c310    00000004     empty_pem4f.oem4f (.const:ti_sysbios_knl_Semaphore_Module__diagsMask__C)
                  0000c314    00000004     empty_pem4f.oem4f (.const:ti_sysbios_knl_Swi_Object__count__C)
                  0000c318    00000004     empty_pem4f.oem4f (.const:ti_sysbios_knl_Task_A_badPriority__C)
                  0000c31c    00000004     empty_pem4f.oem4f (.const:ti_sysbios_knl_Task_A_badTaskState__C)
                  0000c320    00000004     empty_pem4f.oem4f (.const:ti_sysbios_knl_Task_A_badThreadType__C)
                  0000c324    00000004     empty_pem4f.oem4f (.const:ti_sysbios_knl_Task_A_badTimeout__C)
                  0000c328    00000004     empty_pem4f.oem4f (.const:ti_sysbios_knl_Task_A_noPendElem__C)
                  0000c32c    00000004     empty_pem4f.oem4f (.const:ti_sysbios_knl_Task_A_sleepTaskDisabled__C)
                  0000c330    00000004     empty_pem4f.oem4f (.const:ti_sysbios_knl_Task_E_spOutOfBounds__C)
                  0000c334    00000004     empty_pem4f.oem4f (.const:ti_sysbios_knl_Task_E_stackOverflow__C)
                  0000c338    00000004     empty_pem4f.oem4f (.const:ti_sysbios_knl_Task_Module_State_inactiveQ__O)
                  0000c33c    00000004     empty_pem4f.oem4f (.const:ti_sysbios_knl_Task_Module__diagsEnabled__C)
                  0000c340    00000004     empty_pem4f.oem4f (.const:ti_sysbios_knl_Task_Module__diagsIncluded__C)
                  0000c344    00000004     empty_pem4f.oem4f (.const:ti_sysbios_knl_Task_Module__diagsMask__C)
                  0000c348    00000004     empty_pem4f.oem4f (.const:ti_sysbios_knl_Task_Object__count__C)
                  0000c34c    00000004     empty_pem4f.oem4f (.const:ti_sysbios_knl_Task_allBlockedFunc__C)
                  0000c350    00000004     empty_pem4f.oem4f (.const:ti_sysbios_knl_Task_defaultStackHeap__C)
                  0000c354    00000004     empty_pem4f.oem4f (.const:ti_sysbios_knl_Task_defaultStackSize__C)
                  0000c358    00000004     empty_pem4f.oem4f (.const:ti_sysbios_knl_Task_numConstructedTasks__C)
                  0000c35c    00000004     empty_pem4f.oem4f (.const:xdc_runtime_Assert_E_assertFailed__C)
                  0000c360    00000004     empty_pem4f.oem4f (.const:xdc_runtime_Core_A_initializedParams__C)
                  0000c364    00000004     empty_pem4f.oem4f (.const:xdc_runtime_Core_Module__diagsEnabled__C)
                  0000c368    00000004     empty_pem4f.oem4f (.const:xdc_runtime_Core_Module__diagsIncluded__C)
                  0000c36c    00000004     empty_pem4f.oem4f (.const:xdc_runtime_Core_Module__diagsMask__C)
                  0000c370    00000004     empty_pem4f.oem4f (.const:xdc_runtime_Error_E_memory__C)
                  0000c374    00000004     empty_pem4f.oem4f (.const:xdc_runtime_Error_Module__diagsEnabled__C)
                  0000c378    00000004     empty_pem4f.oem4f (.const:xdc_runtime_Error_Module__diagsIncluded__C)
                  0000c37c    00000004     empty_pem4f.oem4f (.const:xdc_runtime_Error_Module__diagsMask__C)
                  0000c380    00000004     empty_pem4f.oem4f (.const:xdc_runtime_Error_Module__loggerFxn8__C)
                  0000c384    00000004     empty_pem4f.oem4f (.const:xdc_runtime_Error_Module__loggerObj__C)
                  0000c388    00000004     empty_pem4f.oem4f (.const:xdc_runtime_Error_policyFxn__C)
                  0000c38c    00000004     empty_pem4f.oem4f (.const:xdc_runtime_Error_raiseHook__C)
                  0000c390    00000004     empty_pem4f.oem4f (.const:xdc_runtime_IGateProvider_Interface__BASE__C)
                  0000c394    00000004     empty_pem4f.oem4f (.const:xdc_runtime_IHeap_Interface__BASE__C)
                  0000c398    00000004     empty_pem4f.oem4f (.const:xdc_runtime_IModule_Interface__BASE__C)
                  0000c39c    00000004     empty_pem4f.oem4f (.const:xdc_runtime_Log_L_error__C)
                  0000c3a0    00000004     empty_pem4f.oem4f (.const:xdc_runtime_Memory_defaultHeapInstance__C)
                  0000c3a4    00000004     empty_pem4f.oem4f (.const:xdc_runtime_Startup_execImpl__C)
                  0000c3a8    00000004     empty_pem4f.oem4f (.const:xdc_runtime_Startup_maxPasses__C)
                  0000c3ac    00000004     empty_pem4f.oem4f (.const:xdc_runtime_Startup_sfxnRts__C)
                  0000c3b0    00000004     empty_pem4f.oem4f (.const:xdc_runtime_Startup_sfxnTab__C)
                  0000c3b4    00000004     empty_pem4f.oem4f (.const:xdc_runtime_SysMin_bufSize__C)
                  0000c3b8    00000004     empty_pem4f.oem4f (.const:xdc_runtime_SysMin_outputFunc__C)
                  0000c3bc    00000004     empty_pem4f.oem4f (.const:xdc_runtime_System_Module__gateObj__C)
                  0000c3c0    00000004     empty_pem4f.oem4f (.const:xdc_runtime_System_abortFxn__C)
                  0000c3c4    00000004     empty_pem4f.oem4f (.const:xdc_runtime_System_exitFxn__C)
                  0000c3c8    00000004     empty_pem4f.oem4f (.const:xdc_runtime_System_extendFxn__C)
                  0000c3cc    00000004     empty_pem4f.oem4f (.const:xdc_runtime_System_maxAtexitHandlers__C)
                  0000c3d0    00000004     empty_pem4f.oem4f (.const:xdc_runtime_Text_charTab__C)
                  0000c3d4    00000004     empty_pem4f.oem4f (.const:xdc_runtime_Text_nameEmpty__C)
                  0000c3d8    00000004     empty_pem4f.oem4f (.const:xdc_runtime_Text_nameStatic__C)
                  0000c3dc    00000004     empty_pem4f.oem4f (.const:xdc_runtime_Text_nameUnknown__C)
                  0000c3e0    00000004     empty_pem4f.oem4f (.const:xdc_runtime_Text_nodeTab__C)
                  0000c3e4    00000004     empty_pem4f.oem4f (.const:xdc_runtime_Text_visitRopeFxn__C)
                  0000c3e8    00000002     empty_pem4f.oem4f (.const:ti_sysbios_gates_GateMutex_Module__id__C)
                  0000c3ea    00000002     empty_pem4f.oem4f (.const:ti_sysbios_hal_Hwi_Module__id__C)
                  0000c3ec    00000002     empty_pem4f.oem4f (.const:ti_sysbios_heaps_HeapMem_Module__id__C)
                  0000c3ee    00000002     empty_pem4f.oem4f (.const:ti_sysbios_knl_Clock_Module__id__C)
                  0000c3f0    00000002     empty_pem4f.oem4f (.const:ti_sysbios_knl_Semaphore_Module__id__C)
                  0000c3f2    00000002     empty_pem4f.oem4f (.const:ti_sysbios_knl_Task_Module__id__C)
                  0000c3f4    00000002     empty_pem4f.oem4f (.const:xdc_runtime_Core_Module__id__C)
                  0000c3f6    00000002     empty_pem4f.oem4f (.const:xdc_runtime_Error_Module__loggerDefined__C)
                  0000c3f8    00000002     empty_pem4f.oem4f (.const:xdc_runtime_Error_maxDepth__C)
                  0000c3fa    00000002     empty_pem4f.oem4f (.const:xdc_runtime_Memory_Module__id__C)
                  0000c3fc    00000002     empty_pem4f.oem4f (.const:xdc_runtime_SysMin_flushAtExit__C)
                  0000c3fe    00000002     empty_pem4f.oem4f (.const:xdc_runtime_Text_charCnt__C)
                  0000c400    00000002     empty_pem4f.oem4f (.const:xdc_runtime_Text_isLoaded__C)
                  0000c402    00000002     empty_pem4f.oem4f (.const:xdc_runtime_Text_registryModsLastId__C)
                  0000c404    00000002     empty_pem4f.oem4f (.const:xdc_runtime_Text_unnamedModsLastId__C)

.cinit     0    0000c408    00000248     
                  0000c408    00000213     (.cinit..data.load) [load image, compression = lzss]
                  0000c61b    00000001     --HOLE-- [fill = 0]
                  0000c61c    0000000c     (__TI_handler_table)
                  0000c628    00000008     (.cinit..bss.load) [load image, compression = zero_init]
                  0000c630    00000008     (.cinit..vecs.load) [load image, compression = zero_init]
                  0000c638    00000018     (__TI_cinit_table)

.init_array 
*          0    00000000    00000000     UNINITIALIZED

.resetVecs 
*          0    00000000    0000003c     
                  00000000    0000003c     empty_pem4f.oem4f (.resetVecs)

.bss       0    20000360    0000e7d4     UNINITIALIZED
                  20000360    0000c350     heap_2.obj (.bss:ucHeap)
                  2000c6b0    00000400     (.common:gas_stack)
                  2000cab0    00000400     (.common:logger_stack)
                  2000ceb0    00000400     (.common:sensor_stack)
                  2000d2b0    00000400     (.common:threshold_stack)
                  2000d6b0    00000400     (.common:ti_sysbios_heaps_HeapMem_Instance_State_0_buf__A)
                  2000dab0    00000400     (.common:uart_stack)
                  2000deb0    00000360     (.common:ti_sysbios_family_arm_m3_Hwi_dispatchTable)
                  2000e210    00000200     empty_pem4f.oem4f (.bss:taskStackSection)
                  2000e410    00000120     rtsv7M4_T_le_v4SPD16_eabi.lib : trgmsg.c.obj (.bss:_CIOBUF_)
                  2000e530    00000100     (.common:i2cTivaObjects)
                  2000e630    000000cc     (.common:uartTivaObjects)
                  2000e6fc    00000090     drivers_tivaware.aem4f : GPIOTiva.oem4f (.bss:gpioCallbackInfo)
                  2000e78c    00000080     (.common:xdc_runtime_SysMin_Module_State_0_outbuf__A)
                  2000e80c    00000064     tasks.obj (.bss:pxReadyTasksLists)
                  2000e870    00000050     (.common:gas_struct)
                  2000e8c0    00000050     (.common:logger_struct)
                  2000e910    00000050     (.common:sensor_struct)
                  2000e960    00000050     (.common:threshold_struct)
                  2000e9b0    00000050     (.common:uart_struct)
                  2000ea00    00000024     (.common:sem_log_params)
                  2000ea24    00000024     (.common:sem_read_params)
                  2000ea48    00000024     (.common:uartParams)
                  2000ea6c    00000020     (.common:uartTivaRingBuffer)
                  2000ea8c    0000001c     (.common:sem_log_struct)
                  2000eaa8    0000001c     (.common:sem_read_struct)
                  2000eac4    00000014     tasks.obj (.bss:xPendingReadyList)
                  2000ead8    00000014     tasks.obj (.bss:xSuspendedTaskList)
                  2000eaec    00000008     tasks.obj (.bss)
                  2000eaf4    00000008     heap_2.obj (.bss:xEnd)
                  2000eafc    00000008     heap_2.obj (.bss:xStart)
                  2000eb04    00000008     (.common:parmbuf)
                  2000eb0c    00000004     (.common:condition)
                  2000eb10    00000004     (.common:current_gas)
                  2000eb14    00000004     (.common:current_humidity)
                  2000eb18    00000004     (.common:current_temperature)
                  2000eb1c    00000004     (.common:gpioInterruptVectors)
                  2000eb20    00000004     (.common:log_queue)
                  2000eb24    00000004     (.common:msg)
                  2000eb28    00000004     (.common:sem_log)
                  2000eb2c    00000004     (.common:sem_read)
                  2000eb30    00000004     (.common:uart)

.data      0    2000eb34    000004cc     UNINITIALIZED
                  2000eb34    00000080     empty_pem4f.oem4f (.data:ti_sysbios_knl_Swi_Module_State_0_readyQ__A)
                  2000ebb4    00000080     empty_pem4f.oem4f (.data:ti_sysbios_knl_Task_Module_State_0_readyQ__A)
                  2000ec34    0000004c     empty_pem4f.oem4f (.data:ti_sysbios_knl_Task_Object__table__V)
                  2000ec80    00000044     empty_pem4f.oem4f (.data:ti_sysbios_knl_Task_Module__state__V)
                  2000ecc4    00000040     empty_pem4f.oem4f (.data:ti_sysbios_family_arm_lm4_Timer_Module_State_0_device__A)
                  2000ed04    00000040     empty_pem4f.oem4f (.data:ti_sysbios_family_arm_lm4_Timer_Object__table__V)
                  2000ed44    00000038     empty_pem4f.oem4f (.data:ti_sysbios_gates_GateMutex_Object__table__V)
                  2000ed7c    00000034     tasks.obj (.data)
                  2000edb0    00000034     empty_pem4f.oem4f (.data:ti_sysbios_family_arm_m3_Hwi_Module__state__V)
                  2000ede4    00000030     empty_pem4f.oem4f (.data:ti_sysbios_knl_Swi_Object__table__V)
                  2000ee14    0000002c     empty_pem4f.oem4f (.data:ti_sysbios_knl_Clock_Module__state__V)
                  2000ee40    00000024     empty_pem4f.oem4f (.data:ti_sysbios_BIOS_Module__state__V)
                  2000ee64    00000020     empty_pem4f.oem4f (.data:ti_sysbios_family_arm_lm4_Timer_Module_State_0_handles__A)
                  2000ee84    0000001c     empty_pem4f.oem4f (.data:ti_sysbios_knl_Swi_Module__state__V)
                  2000eea0    00000018     empty_pem4f.oem4f (.data:ti_sysbios_family_arm_m3_Hwi_Object__table__V)
                  2000eeb8    00000018     empty_pem4f.oem4f (.data:ti_sysbios_heaps_HeapMem_Object__table__V)
                  2000eed0    00000014     main.obj (.data:gas_threshold)
                  2000eee4    00000014     main.obj (.data:humidity_threshold)
                  2000eef8    00000014     main.obj (.data:temperature_threshold)
                  2000ef0c    00000010     EK_TM4C1294XL.obj (.data:gpioPinConfigs)
                  2000ef1c    0000000c     main.obj (.data)
                  2000ef28    0000000c     empty_pem4f.oem4f (.data:ti_sysbios_family_arm_lm4_Timer_Module__state__V)
                  2000ef34    0000000c     empty_pem4f.oem4f (.data:xdc_runtime_SysMin_Module__state__V)
                  2000ef40    0000000a     main.obj (.data:fans)
                  2000ef4a    00000002     empty_pem4f.oem4f (.data:ti_sysbios_family_arm_m3_Hwi_Module_State_0_excActive__A)
                  2000ef4c    00000008     rtsv7M4_T_le_v4SPD16_eabi.lib : _lock.c.obj (.data:$O1$$)
                  2000ef54    00000008     main.obj (.data:error_msg)
                  2000ef5c    00000008     EK_TM4C1294XL.obj (.data:gpioCallbackFunctions)
                  2000ef64    00000008     heap_2.obj (.data)
                  2000ef6c    00000008     empty_pem4f.oem4f (.data:ti_sysbios_family_arm_m3_Hwi_Module__root__V)
                  2000ef74    00000008     empty_pem4f.oem4f (.data:ti_sysbios_gates_GateHwi_Module__root__V)
                  2000ef7c    00000008     empty_pem4f.oem4f (.data:ti_sysbios_gates_GateMutex_Module__root__V)
                  2000ef84    00000008     empty_pem4f.oem4f (.data:ti_sysbios_heaps_HeapMem_Module__root__V)
                  2000ef8c    00000008     empty_pem4f.oem4f (.data:ti_sysbios_knl_Clock_Module__root__V)
                  2000ef94    00000008     empty_pem4f.oem4f (.data:ti_sysbios_knl_Queue_Module__root__V)
                  2000ef9c    00000008     empty_pem4f.oem4f (.data:ti_sysbios_knl_Semaphore_Module__root__V)
                  2000efa4    00000008     empty_pem4f.oem4f (.data:ti_sysbios_knl_Task_Module__root__V)
                  2000efac    00000008     empty_pem4f.oem4f (.data:xdc_runtime_Registry_Module__state__V)
                  2000efb4    00000008     empty_pem4f.oem4f (.data:xdc_runtime_Startup_Module__state__V)
                  2000efbc    00000008     empty_pem4f.oem4f (.data:xdc_runtime_System_Module_State_0_atexitHandlers__A)
                  2000efc4    00000008     empty_pem4f.oem4f (.data:xdc_runtime_System_Module__state__V)
                  2000efcc    00000005     drivers_tivaware.aem4f : GPIOTiva.oem4f (.data)
                  2000efd1    00000001     --HOLE--
                  2000efd2    00000002     empty_pem4f.oem4f (.data:xdc_runtime_Error_Module__state__V)
                  2000efd4    00000004     drivers_tivaware.aem4f : I2C.oem4f (.data)
                  2000efd8    00000004                            : UART.oem4f (.data)
                  2000efdc    00000004     port.obj (.data)
                  2000efe0    00000004     rtsv7M4_T_le_v4SPD16_eabi.lib : errno.c.obj (.data)
                  2000efe4    00000004                                   : rand.c.obj (.data)
                  2000efe8    00000004                                   : stkdepth_vars.c.obj (.data)
                  2000efec    00000004     empty_pem4f.oem4f (.data:ti_sysbios_family_arm_m3_Hwi_Module_State_0_excContext__A)
                  2000eff0    00000004     empty_pem4f.oem4f (.data:ti_sysbios_family_arm_m3_Hwi_Module_State_0_excStack__A)
                  2000eff4    00000004     empty_pem4f.oem4f (.data:ti_sysbios_gates_GateHwi_Object__table__V)
                  2000eff8    00000004     empty_pem4f.oem4f (.data:ti_sysbios_knl_Task_Module_State_0_idleTask__A)
                  2000effc    00000004     empty_pem4f.oem4f (.data:xdc_runtime_Memory_Module__state__V)

.stack     0    2000f000    00000300     UNINITIALIZED
                  2000f000    00000300     --HOLE--

.bootVecs 
*          0    00000000    00000008     DSECT
                  00000000    00000008     boot.aem4f : boot.oem4f (.bootVecs)

.vecs      0    20000000    00000360     UNINITIALIZED
                  20000000    00000360     empty_pem4f.oem4f (.vecs)

xdc.meta   0    00000000    000000d9     COPY SECTION
                  00000000    000000d9     empty_pem4f.oem4f (xdc.meta)

MODULE SUMMARY

       Module                       code    ro data   rw data
       ------                       ----    -------   -------
    .\
       main.obj                     2940    56        5810   
       EK_TM4C1294XL.obj            340     128       516    
    +--+----------------------------+-------+---------+---------+
       Total:                       3280    184       6326   
                                                             
    .\FreeRTOS\
       tasks.obj                    1572    0         200    
       queue.obj                    1482    0         0      
       list.obj                     282     0         0      
    +--+----------------------------+-------+---------+---------+
       Total:                       3336    0         200    
                                                             
    .\FreeRTOS\portable\CCS\ARM_CM4F\
       port.obj                     64      0         4      
    +--+----------------------------+-------+---------+---------+
       Total:                       64      0         4      
                                                             
    .\FreeRTOS\portable\MemMang\
       heap_2.obj                   344     0         50024  
    +--+----------------------------+-------+---------+---------+
       Total:                       344     0         50024  
[...]
0000bfe4  ti_sysbios_knl_Semaphore_Object__PARAMS__C                           
0000c008  ti_sysbios_family_arm_m3_Hwi_Object__DESC__C                         
0000c028  ti_sysbios_gates_GateHwi_Object__DESC__C                             
0000c048  ti_sysbios_gates_GateMutex_Object__DESC__C                           
0000c068  ti_sysbios_heaps_HeapMem_Object__DESC__C                             
0000c088  ti_sysbios_knl_Clock_Object__DESC__C                                 
0000c0a8  ti_sysbios_knl_Queue_Object__DESC__C                                 
0000c0c8  ti_sysbios_knl_Semaphore_Object__DESC__C                             
0000c0e8  ti_sysbios_knl_Task_Object__DESC__C                                  
0000c108  xdc_runtime_Startup_sfxnTab__A                                       
0000c128  I2CTiva_fxnTable                                                     
0000c144  UART_config                                                          
0000c15c  i2cTivaHWAttrs                                                       
0000c174  ti_sysbios_gates_GateHwi_Object__PARAMS__C                           
0000c18c  ti_sysbios_gates_GateMutex_Object__PARAMS__C                         
0000c1a4  ti_sysbios_knl_Queue_Object__PARAMS__C                               
0000c1bc  uartTivaHWAttrs                                                      
0000c1d4  GPIOTiva_config                                                      
0000c1e8  xdc_runtime_Startup_firstFxns__A                                     
0000c1fc  xdc_runtime_Startup_sfxnRts__A                                       
0000c214  ti_sysbios_family_arm_m3_Hwi_excHookFuncs__A                         
0000c21c  ti_sysbios_knl_Idle_funcList__C                                      
0000c224  xdc_runtime_Startup_firstFxns__C                                     
0000c22c  xdc_runtime_Startup_lastFxns__C                                      
0000c234  ti_catalog_arm_cortexm4_tiva_ce_Boot_A_mustNotUseEnhancedClockMode__C
0000c238  ti_catalog_arm_cortexm4_tiva_ce_Boot_Module__diagsEnabled__C         
0000c23c  ti_catalog_arm_cortexm4_tiva_ce_Boot_Module__diagsIncluded__C        
0000c240  ti_catalog_arm_cortexm4_tiva_ce_Boot_Module__diagsMask__C            
0000c244  ti_sysbios_family_arm_lm4_Timer_enableFunc__C                        
0000c248  ti_sysbios_family_arm_lm4_Timer_numTimerDevices__C                   
0000c24c  ti_sysbios_family_arm_lm4_Timer_startupNeeded__C                     
0000c250  ti_sysbios_family_arm_m3_Hwi_E_NMI__C                                
0000c254  ti_sysbios_family_arm_m3_Hwi_E_alreadyDefined__C                     
0000c258  ti_sysbios_family_arm_m3_Hwi_E_busFault__C                           
0000c25c  ti_sysbios_family_arm_m3_Hwi_E_debugMon__C                           
0000c260  ti_sysbios_family_arm_m3_Hwi_E_hardFault__C                          
0000c264  ti_sysbios_family_arm_m3_Hwi_E_memFault__C                           
0000c268  ti_sysbios_family_arm_m3_Hwi_E_noIsr__C                              
0000c26c  ti_sysbios_family_arm_m3_Hwi_E_reserved__C                           
0000c270  ti_sysbios_family_arm_m3_Hwi_E_svCall__C                             
0000c274  ti_sysbios_family_arm_m3_Hwi_E_usageFault__C                         
0000c278  ti_sysbios_family_arm_m3_Hwi_NUM_INTERRUPTS__C                       
0000c27c  ti_sysbios_family_arm_m3_Hwi_Object__count__C                        
0000c280  ti_sysbios_family_arm_m3_Hwi_ccr__C                                  
0000c284  ti_sysbios_family_arm_m3_Hwi_excHandlerFunc__C                       
0000c288  ti_sysbios_family_arm_m3_Hwi_excHookFuncs__C                         
0000c28c  ti_sysbios_family_arm_m3_Hwi_nullIsrFunc__C                          
0000c290  ti_sysbios_family_arm_m3_Hwi_priGroup__C                             
0000c294  ti_sysbios_family_arm_m3_TaskSupport_stackAlignment__C               
0000c298  ti_sysbios_gates_GateMutex_A_badContext__C                           
0000c29c  ti_sysbios_gates_GateMutex_Instance_State_sem__O                     
0000c2a0  ti_sysbios_gates_GateMutex_Module__diagsEnabled__C                   
0000c2a4  ti_sysbios_gates_GateMutex_Module__diagsIncluded__C                  
0000c2a8  ti_sysbios_gates_GateMutex_Module__diagsMask__C                      
0000c2ac  ti_sysbios_hal_Hwi_E_stackOverflow__C                                
0000c2b0  ti_sysbios_heaps_HeapMem_A_align__C                                  
0000c2b4  ti_sysbios_heaps_HeapMem_A_heapSize__C                               
0000c2b8  ti_sysbios_heaps_HeapMem_A_invalidFree__C                            
0000c2bc  ti_sysbios_heaps_HeapMem_A_zeroBlock__C                              
0000c2c0  ti_sysbios_heaps_HeapMem_E_memory__C                                 
0000c2c4  ti_sysbios_heaps_HeapMem_Module__diagsEnabled__C                     
0000c2c8  ti_sysbios_heaps_HeapMem_Module__diagsIncluded__C                    
0000c2cc  ti_sysbios_heaps_HeapMem_Module__diagsMask__C                        
0000c2d0  ti_sysbios_heaps_HeapMem_Module__gateObj__C                          
0000c2d4  ti_sysbios_heaps_HeapMem_Object__count__C                            
0000c2d8  ti_sysbios_heaps_HeapMem_reqAlign__C                                 
0000c2dc  ti_sysbios_knl_Clock_A_badThreadType__C                              
0000c2e0  ti_sysbios_knl_Clock_Module_State_clockQ__O                          
0000c2e4  ti_sysbios_knl_Clock_Module__diagsEnabled__C                         
0000c2e8  ti_sysbios_knl_Clock_Module__diagsIncluded__C                        
0000c2ec  ti_sysbios_knl_Clock_Module__diagsMask__C                            
0000c2f0  ti_sysbios_knl_Idle_funcList__A                                      
0000c2f4  ti_sysbios_knl_Semaphore_A_badContext__C                             
0000c2f8  ti_sysbios_knl_Semaphore_A_noEvents__C                               
0000c2fc  ti_sysbios_knl_Semaphore_A_overflow__C                               
0000c300  ti_sysbios_knl_Semaphore_A_pendTaskDisabled__C                       
0000c304  ti_sysbios_knl_Semaphore_Instance_State_pendQ__O                     
0000c308  ti_sysbios_knl_Semaphore_Module__diagsEnabled__C                     
0000c30c  ti_sysbios_knl_Semaphore_Module__diagsIncluded__C                    
0000c310  ti_sysbios_knl_Semaphore_Module__diagsMask__C                        
0000c314  ti_sysbios_knl_Swi_Object__count__C                                  
0000c318  ti_sysbios_knl_Task_A_badPriority__C                                 
0000c31c  ti_sysbios_knl_Task_A_badTaskState__C                                
0000c320  ti_sysbios_knl_Task_A_badThreadType__C                               
0000c324  ti_sysbios_knl_Task_A_badTimeout__C                                  
0000c328  ti_sysbios_knl_Task_A_noPendElem__C                                  
0000c32c  ti_sysbios_knl_Task_A_sleepTaskDisabled__C                           
0000c330  ti_sysbios_knl_Task_E_spOutOfBounds__C                               
0000c334  ti_sysbios_knl_Task_E_stackOverflow__C                               
0000c338  ti_sysbios_knl_Task_Module_State_inactiveQ__O                        
0000c33c  ti_sysbios_knl_Task_Module__diagsEnabled__C                          
0000c340  ti_sysbios_knl_Task_Module__diagsIncluded__C                         
0000c344  ti_sysbios_knl_Task_Module__diagsMask__C                             
0000c348  ti_sysbios_knl_Task_Object__count__C                                 
0000c34c  ti_sysbios_knl_Task_allBlockedFunc__C                                
0000c350  ti_sysbios_knl_Task_defaultStackHeap__C                              
0000c354  ti_sysbios_knl_Task_defaultStackSize__C                              
0000c358  ti_sysbios_knl_Task_numConstructedTasks__C                           
0000c35c  xdc_runtime_Assert_E_assertFailed__C                                 
0000c360  xdc_runtime_Core_A_initializedParams__C                              
0000c364  xdc_runtime_Core_Module__diagsEnabled__C                             
0000c368  xdc_runtime_Core_Module__diagsIncluded__C                            
0000c36c  xdc_runtime_Core_Module__diagsMask__C                                
0000c370  xdc_runtime_Error_E_memory__C                                        
0000c374  xdc_runtime_Error_Module__diagsEnabled__C                            
0000c378  xdc_runtime_Error_Module__diagsIncluded__C                           
0000c37c  xdc_runtime_Error_Module__diagsMask__C                               
0000c380  xdc_runtime_Error_Module__loggerFxn8__C                              
0000c384  xdc_runtime_Error_Module__loggerObj__C                               
0000c388  xdc_runtime_Error_policyFxn__C                                       
0000c38c  xdc_runtime_Error_raiseHook__C                                       
0000c390  xdc_runtime_IGateProvider_Interface__BASE__C                         
0000c394  xdc_runtime_IHeap_Interface__BASE__C                                 
0000c398  xdc_runtime_IModule_Interface__BASE__C                               
0000c39c  xdc_runtime_Log_L_error__C                                           
0000c3a0  xdc_runtime_Memory_defaultHeapInstance__C                            
0000c3a4  xdc_runtime_Startup_execImpl__C                                      
0000c3a8  xdc_runtime_Startup_maxPasses__C                                     
0000c3ac  xdc_runtime_Startup_sfxnRts__C                                       
0000c3b0  xdc_runtime_Startup_sfxnTab__C                                       
0000c3b4  xdc_runtime_SysMin_bufSize__C                                        
0000c3b8  xdc_runtime_SysMin_outputFunc__C                                     
0000c3bc  xdc_runtime_System_Module__gateObj__C                                
0000c3c0  xdc_runtime_System_abortFxn__C                                       
0000c3c4  xdc_runtime_System_exitFxn__C                                        
0000c3c8  xdc_runtime_System_extendFxn__C                                      
0000c3cc  xdc_runtime_System_maxAtexitHandlers__C                              
0000c3d0  xdc_runtime_Text_charTab__C                                          
0000c3d4  xdc_runtime_Text_nameEmpty__C                                        
0000c3d8  xdc_runtime_Text_nameStatic__C                                       
0000c3dc  xdc_runtime_Text_nameUnknown__C                                      
0000c3e0  xdc_runtime_Text_nodeTab__C                                          
0000c3e4  xdc_runtime_Text_visitRopeFxn__C                                     
0000c3e8  ti_sysbios_gates_GateMutex_Module__id__C                             
0000c3ea  ti_sysbios_hal_Hwi_Module__id__C                                     
0000c3ec  ti_sysbios_heaps_HeapMem_Module__id__C                               
0000c3ee  ti_sysbios_knl_Clock_Module__id__C                                   
0000c3f0  ti_sysbios_knl_Semaphore_Module__id__C                               
0000c3f2  ti_sysbios_knl_Task_Module__id__C                                    
0000c3f4  xdc_runtime_Core_Module__id__C                                       
0000c3f6  xdc_runtime_Error_Module__loggerDefined__C                           
0000c3f8  xdc_runtime_Error_maxDepth__C                                        
0000c3fa  xdc_runtime_Memory_Module__id__C                                     
0000c3fc  xdc_runtime_SysMin_flushAtExit__C                                    
0000c3fe  xdc_runtime_Text_charCnt__C                                          
0000c400  xdc_runtime_Text_isLoaded__C                                         
0000c402  xdc_runtime_Text_registryModsLastId__C                               
0000c404  xdc_runtime_Text_unnamedModsLastId__C                                
0000c408  __TI_static_base__                                                   
0000c61c  __TI_Handler_Table_Base                                              
0000c628  __TI_Handler_Table_Limit                                             
0000c638  __TI_CINIT_Base                                                      
0000c650  __TI_CINIT_Limit                                                     
20000000  ti_sysbios_family_arm_m3_Hwi_ramVectors                              
2000c6b0  gas_stack                                                            
2000cab0  logger_stack                                                         
2000ceb0  sensor_stack                                                         
2000d2b0  threshold_stack                                                      
2000d6b0  ti_sysbios_heaps_HeapMem_Instance_State_0_buf__A                     
2000dab0  uart_stack                                                           
2000deb0  ti_sysbios_family_arm_m3_Hwi_dispatchTable                           
2000e210  ti_sysbios_knl_Task_Instance_State_0_stack__A                        
2000e410  __CIOBUF_                                                            
2000e530  i2cTivaObjects                                                       
2000e630  uartTivaObjects                                                      
2000e78c  xdc_runtime_SysMin_Module_State_0_outbuf__A                          
2000e870  gas_struct                                                           
2000e8c0  logger_struct                                                        
2000e910  sensor_struct                                                        
2000e960  threshold_struct                                                     
2000e9b0  uart_struct                                                          
2000ea00  sem_log_params                                                       
2000ea24  sem_read_params                                                      
2000ea48  uartParams                                                           
2000ea6c  uartTivaRingBuffer                                                   
2000ea8c  sem_log_struct                                                       
2000eaa8  sem_read_struct                                                      
2000eb04  parmbuf                                                              
2000eb0c  condition                                                            
2000eb10  current_gas                                                          
2000eb14  current_humidity                                                     
2000eb18  current_temperature                                                  
2000eb20  log_queue                                                            
2000eb24  msg                                                                  
2000eb28  sem_log                                                              
2000eb2c  sem_read                                                             
2000eb30  uart                                                                 
2000eb34  ti_sysbios_knl_Swi_Module_State_0_readyQ__A                          
2000ebb4  ti_sysbios_knl_Task_Module_State_0_readyQ__A                         
2000ec34  ti_sysbios_knl_Task_Object__table__V                                 
2000ec80  ti_sysbios_knl_Task_Module__state__V                                 
2000ecc4  ti_sysbios_family_arm_lm4_Timer_Module_State_0_device__A             
2000ed04  ti_sysbios_family_arm_lm4_Timer_Object__table__V                     
2000ed44  ti_sysbios_gates_GateMutex_Object__table__V                          
2000ed7c  pxCurrentTCB                                                         
2000edb0  ti_sysbios_family_arm_m3_Hwi_Module__state__V                        
2000ede4  ti_sysbios_knl_Swi_Object__table__V                                  
2000ee14  ti_sysbios_knl_Clock_Module__state__V                                
2000ee40  ti_sysbios_BIOS_Module__state__V                                     
2000ee64  ti_sysbios_family_arm_lm4_Timer_Module_State_0_handles__A            
2000ee84  ti_sysbios_knl_Swi_Module__state__V                                  
2000eea0  ti_sysbios_family_arm_m3_Hwi_Object__table__V                        
2000eeb8  ti_sysbios_heaps_HeapMem_Object__table__V                            
2000eed0  gas_threshold                                                        
2000eee4  humidity_threshold                                                   
2000eef8  temperature_threshold                                                
2000ef0c  gpioPinConfigs                                                       
2000ef1c  fans_on                                                              
2000ef1e  buzzer                                                               
2000ef20  remote_mode                                                          
2000ef28  ti_sysbios_family_arm_lm4_Timer_Module__state__V                     
2000ef34  xdc_runtime_SysMin_Module__state__V                                  
2000ef40  fans                                                                 
2000ef4a  ti_sysbios_family_arm_m3_Hwi_Module_State_0_excActive__A             
2000ef4c  _lock                                                                
2000ef50  _unlock                                                              
2000ef54  error_msg                                                            
2000ef5c  gpioCallbackFunctions                                                
2000ef6c  ti_sysbios_family_arm_m3_Hwi_Module__root__V                         
2000ef74  ti_sysbios_gates_GateHwi_Module__root__V                             
2000ef7c  ti_sysbios_gates_GateMutex_Module__root__V                           
2000ef84  ti_sysbios_heaps_HeapMem_Module__root__V                             
2000ef8c  ti_sysbios_knl_Clock_Module__root__V                                 
2000ef94  ti_sysbios_knl_Queue_Module__root__V                                 
2000ef9c  ti_sysbios_knl_Semaphore_Module__root__V                             
2000efa4  ti_sysbios_knl_Task_Module__root__V                                  
2000efac  xdc_runtime_Registry_Module__state__V                                
2000efb4  xdc_runtime_Startup_Module__state__V                                 
2000efbc  xdc_runtime_System_Module_State_0_atexitHandlers__A                  
2000efc4  xdc_runtime_System_Module__state__V                                  
2000efd2  xdc_runtime_Error_Module__state__V                                   
2000efe0  errno                                                                
2000efe8  main_func_sp                                                         
2000efec  ti_sysbios_family_arm_m3_Hwi_Module_State_0_excContext__A            
2000eff0  ti_sysbios_family_arm_m3_Hwi_Module_State_0_excStack__A              
2000eff4  ti_sysbios_gates_GateHwi_Object__table__V                            
2000eff8  ti_sysbios_knl_Task_Module_State_0_idleTask__A                       
2000effc  xdc_runtime_Memory_Module__state__V                                  
2000f000  __stack                                                              
2000f300  __STACK_END                                                          
e000e000  ti_sysbios_family_arm_m3_Hwi_nvic                                    
ffffffff  __TI_pprof_out_hndl                                                  
ffffffff  __TI_prof_data_size                                                  
ffffffff  __TI_prof_data_start                                                 
ffffffff  __binit__                                                            
ffffffff  __c_args__                                                           
ffffffff  binit                                                                
UNDEFED   SHT$$INIT_ARRAY$$Base                                                
UNDEFED   SHT$$INIT_ARRAY$$Limit                                               

[728 symbols]
