******************************************************************************
                  TI ARM Linker PC v18.12.1                    
******************************************************************************
>> Linked Sat Apr 20 10:57:41 2019

OUTPUT FILE NAME:   <empty_EK_TM4C1294XL_TI.out>
ENTRY POINT SYMBOL: "_c_int00"  address: 00005a79


MEMORY CONFIGURATION

         name            origin    length      used     unused   attr    fill
----------------------  --------  ---------  --------  --------  ----  --------
  FLASH                 00000000   00100000  0000a206  000f5dfa  R  X
  SRAM                  20000000   00040000  0000e396  00031c6a  RW X


SEGMENT ALLOCATION MAP

run origin  load origin   length   init length attrs members
----------  ----------- ---------- ----------- ----- -------
00000000    00000000    0000a210   0000a210    r-x
  00000000    00000000    0000003c   0000003c    r-- .resetVecs
  00000040    00000040    00007cea   00007cea    r-x .text
  00007d2c    00007d2c    000022c0   000022c0    r-- .const
  00009ff0    00009ff0    00000220   00000220    r-- .cinit
20000000    20000000    0000e398   00000000    rw-
  20000000    20000000    00000360   00000000    rw- .vecs
  20000360    20000360    0000d8c4   00000000    rw- .bss
  2000dc24    2000dc24    00000472   00000000    rw- .data
  2000e098    2000e098    00000300   00000000    rw- .stack


SECTION ALLOCATION MAP

 output                                  attributes/
section   page    origin      length       input sections
--------  ----  ----------  ----------   ----------------
.text      0    00000040    00007cea     
                  00000040    00000430     sysbios.aem4f : BIOS.obj (.text:ti_sysbios_family_arm_m3_Hwi_excDumpRegs__I)
                  00000470    0000034c     ti.targets.arm.rtsarm.aem4f : System.oem4f (.text:xdc_runtime_System_doPrint__I)
                  000007bc    00000004     driverlib.lib : i2c.obj (.text:I2CMasterControl)
                  000007c0    000002d0     sysbios.aem4f : BIOS.obj (.text:ti_sysbios_knl_Semaphore_pend__E)
                  00000a90    0000026c                   : BIOS.obj (.text:ti_sysbios_heaps_HeapMem_free__E)
                  00000cfc    00000004     driverlib.lib : i2c.obj (.text:I2CMasterDataGet)
                  00000d00    00000250     sysbios.aem4f : BIOS.obj (.text:ti_sysbios_heaps_HeapMem_alloc__E)
                  00000f50    00000234                   : BIOS.obj (.text:ti_sysbios_knl_Task_Instance_finalize__E)
                  00001184    0000020c     drivers_tivaware.aem4f : UARTTiva.oem4f (.text:UARTTiva_open)
                  00001390    00000204     Boot.aem4f : Boot_sysctl.oem4f (.text:ti_catalog_arm_cortexm4_tiva_ce_Boot_sysCtlClockFreqSetI__I)
                  00001594    00000004     driverlib.lib : i2c.obj (.text:I2CMasterDataPut)
                  00001598    000001fc     sysbios.aem4f : BIOS.obj (.text:ti_sysbios_family_arm_m3_Hwi_excHandlerMax__I)
                  00001794    00000004     driverlib.lib : uart.obj (.text:UARTIntClear)
                  00001798    000001f0     sysbios.aem4f : BIOS.obj (.text:ti_sysbios_knl_Task_sleep__E)
                  00001988    000001ec     empty.obj (.text:main)
                  00001b74    00000004     rtsv7M4_T_le_v4SPD16_eabi.lib : exit.c.obj (.text:abort:abort)
                  00001b78    000001c0     sysbios.aem4f : BIOS.obj (.text:ti_sysbios_knl_Task_Instance_init__E)
                  00001d38    00000174                   : BIOS.obj (.text:ti_sysbios_family_arm_m3_Hwi_excBusFault__I)
                  00001eac    00000004     empty_pem4f.oem4f (.text:ti_sysbios_BIOS_RtsGateProxy_enter__E)
                  00001eb0    00000164     sysbios.aem4f : BIOS.obj (.text:ti_sysbios_family_arm_m3_Hwi_excUsageFault__I)
                  00002014    00000150     drivers_tivaware.aem4f : GPIOTiva.oem4f (.text:GPIO_setConfig)
                  00002164    00000004     empty_pem4f.oem4f (.text:ti_sysbios_BIOS_RtsGateProxy_leave__E)
                  00002168    00000148     sysbios.aem4f : BIOS.obj (.text:ti_sysbios_family_arm_m3_Hwi_excMemFault__I)
                  000022b0    0000013c                   : BIOS.obj (.text:ti_sysbios_heaps_HeapMem_Instance_init__E)
                  000023ec    00000136     rtsv7M4_T_le_v4SPD16_eabi.lib : fd_div_t2.asm.obj (.text)
                  00002522    00000006     driverlib.lib : gpio.obj (.text:GPIOIntClear)
                  00002528    00000134     sysbios.aem4f : BIOS.obj (.text:ti_sysbios_family_arm_lm4_Timer_start__E)
                  0000265c    00000134     tasks.obj (.text:xTaskIncrementTick)
                  00002790    00000130     driverlib.lib : gpio.obj (.text:GPIOPadConfigSet)
                  000028c0    0000012c     queue.obj (.text:xQueueGenericSend)
                  000029ec    00000004     sysbios.aem4f : BIOS.obj (.text:ti_sysbios_family_arm_lm4_Timer_masterEnable__I)
                  000029f0    0000011c                   : BIOS.obj (.text:ti_sysbios_knl_Clock_Instance_init__E)
                  00002b0c    00000118     ti.targets.arm.rtsarm.aem4f : Error.oem4f (.text:xdc_runtime_Error_policyDefault__E)
                  00002c24    0000010c     driverlib.lib : sysctl.obj (.text:SysCtlClockGet)
                  00002d30    00000108     heap_2.obj (.text:pvPortMalloc)
                  00002e38    00000104     tasks.obj (.text:xTaskResumeAll)
                  00002f3c    00000100     empty.obj (.text:temperatureFxn)
                  0000303c    00000100     ti.targets.arm.rtsarm.aem4f : Core-mem.oem4f (.text:xdc_runtime_Core_createObject__I)
                  0000313c    000000f8                                 : Startup.oem4f (.text:xdc_runtime_Startup_startMods__I)
                  00003234    000000f8     empty_pem4f.oem4f (.text:xdc_runtime_System_printfExtend__I)
                  0000332c    000000f4     sysbios.aem4f : m3_Hwi_asm.obj (.text:ti_sysbios_family_arm_m3_Hwi_dispatch__I)
                  00003420    000000ec                   : BIOS.obj (.text:ti_sysbios_knl_Semaphore_post__E)
                  0000350c    000000e0     drivers_tivaware.aem4f : I2CTiva.oem4f (.text:I2CTiva_open)
                  000035ec    000000d6                            : I2CTiva.oem4f (.text:I2CTiva_hwiFxn)
                  000036c2    00000002     rtsv7M4_T_le_v4SPD16_eabi.lib : _lock.c.obj (.text:_nop)
                  000036c4    000000cc     ti.targets.arm.rtsarm.aem4f : Core-smem.oem4f (.text:xdc_runtime_Core_constructObject__I)
                  00003790    000000be     queue.obj (.text:prvCopyDataToQueue)
                  0000384e    00000002     rtsv7M4_T_le_v4SPD16_eabi.lib : div0.asm.obj (.text)
                  00003850    000000bc     sysbios.aem4f : BIOS.obj (.text:ti_sysbios_family_arm_m3_Hwi_excDebugMon__I)
                  0000390c    00000004     empty_pem4f.oem4f (.text:ti_sysbios_family_arm_m3_Hwi_destruct)
                  00003910    000000bc     sysbios.aem4f : BIOS.obj (.text:ti_sysbios_family_arm_m3_Hwi_excHardFault__I)
                  000039cc    000000b8     EK_TM4C1294XL.obj (.text:EK_TM4C1294XL_initGeneral)
                  00003a84    00000004     empty_pem4f.oem4f (.text:ti_sysbios_family_arm_m3_TaskSupport_Module__startupDone__S)
                  00003a88    000000b4     sysbios.aem4f : BIOS.obj (.text:ti_sysbios_gates_GateMutex_enter__E)
                  00003b3c    00000004     empty_pem4f.oem4f (.text:ti_sysbios_heaps_HeapMem_Module_GateProxy_enter__E)
                  00003b40    000000b4     sysbios.aem4f : BIOS.obj (.text:ti_sysbios_knl_Task_checkStacks__E)
                  00003bf4    000000b0     tasks.obj (.text:prvAddCurrentTaskToDelayedList)
                  00003ca4    000000ac     drivers_tivaware.aem4f : UARTTiva.oem4f (.text:readTaskBlocking)
                  00003d50    000000ac     sysbios.aem4f : BIOS.obj (.text:ti_sysbios_family_arm_lm4_Timer_enableTiva__I)
                  00003dfc    000000aa     queue.obj (.text:prvUnlockQueue)
                  00003ea6    00000002     empty_pem4f.oem4f (.text:ti_sysbios_BIOS_nullFunc__I)
                  00003ea8    000000a8     sysbios.aem4f : BIOS.obj (.text:ti_sysbios_family_arm_lm4_Timer_enableTimers__I)
                  00003f50    000000a8                   : BIOS.obj (.text:ti_sysbios_knl_Task_postInit__I)
                  00003ff8    000000a8     tasks.obj (.text:xTaskPriorityDisinherit)
                  000040a0    000000a4     sysbios.aem4f : BIOS.obj (.text:ti_sysbios_knl_Clock_Instance_finalize__E)
                  00004144    000000a4     queue.obj (.text:xQueueGenericReset)
                  000041e8    000000a0     auto_init.aem4f : auto_init.oem4f (.text)
                  00004288    000000a0     ti.targets.arm.rtsarm.aem4f : Text.oem4f (.text:xdc_runtime_Text_putMod__E)
                  00004328    0000009c     rtsv7M4_T_le_v4SPD16_eabi.lib : memcpy_t2.asm.obj (.text)
                  000043c4    00000004     empty_pem4f.oem4f (.text:ti_sysbios_heaps_HeapMem_Module_GateProxy_leave__E)
                  000043c8    0000009c     sysbios.aem4f : BIOS.obj (.text:ti_sysbios_knl_Semaphore_Instance_init__E)
                  00004464    0000009a     ti.targets.arm.rtsarm.aem4f : Text.oem4f (.text:xdc_runtime_Text_putSite__E)
                  000044fe    00000098     drivers_tivaware.aem4f : UARTTiva.oem4f (.text:UARTTiva_readPolling)
                  00004596    00000002     empty_pem4f.oem4f (.text:xdc_runtime_Startup_reset__I)
                  00004598    00000098     Boot.aem4f : Boot.oem4f (.text:ti_catalog_arm_cortexm4_tiva_ce_Boot_sysCtlClockFreqSet__E)
                  00004630    00000094     drivers_tivaware.aem4f : UARTTiva.oem4f (.text:UARTTiva_write)
                  000046c4    00000004     empty_pem4f.oem4f (.text:ti_sysbios_knl_Clock_TimerProxy_getMaxTicks__E)
                  000046c8    00000094     sysbios.aem4f : BIOS.obj (.text:ti_sysbios_family_arm_m3_Hwi_Instance_init__E)
                  0000475c    00000004     empty_pem4f.oem4f (.text:ti_sysbios_knl_Clock_destruct)
                  00004760    00000094     sysbios.aem4f : BIOS.obj (.text:ti_sysbios_family_arm_m3_Hwi_initNVIC__E)
                  000047f4    00000090     tasks.obj (.text:xTaskRemoveFromEventList)
                  00004884    0000008c     drivers_tivaware.aem4f : GPIOTiva.oem4f (.text:GPIO_init)
                  00004910    0000008c                            : UARTTiva.oem4f (.text:UARTTiva_control)
                  0000499c    0000008c     sysbios.aem4f : m3_TaskSupport_asm.obj (.text:ti_sysbios_family_arm_m3_TaskSupport_buildTaskStack)
                  00004a28    0000008a     drivers_tivaware.aem4f : UARTTiva.oem4f (.text:readIsrTextBlocking)
                  00004ab2    00000002     --HOLE-- [fill = 0]
                  00004ab4    00000084     empty.obj (.text:thresholdFxn)
                  00004b38    00000084     sysbios.aem4f : BIOS.obj (.text:ti_sysbios_family_arm_m3_Hwi_postInit__I)
                  00004bbc    00000084     tasks.obj (.text:xTaskCheckForTimeOut)
                  00004c40    00000082     drivers_tivaware.aem4f : UARTTiva.oem4f (.text:readIsrTextCallback)
                  00004cc2    00000002     --HOLE-- [fill = 0]
                  00004cc4    00000080     empty.obj (.text:ledtoggleFxn)
                  00004d44    0000007e     drivers_tivaware.aem4f : I2CTiva.oem4f (.text:I2CTiva_transfer)
                  00004dc2    0000007a                            : UARTTiva.oem4f (.text:readTaskCallback)
                  00004e3c    0000007a     rtsv7M4_T_le_v4SPD16_eabi.lib : memset_t2.asm.obj (.text)
                  00004eb6    00000002     --HOLE-- [fill = 0]
                  00004eb8    00000078     empty.obj (.text:uart_init)
                  00004f30    00000074     sysbios.aem4f : BIOS.obj (.text:ti_sysbios_knl_Clock_start__E)
                  00004fa4    00000070     empty.obj (.text:gasFxn)
                  00005014    00000070     empty.obj (.text:humidityFxn)
                  00005084    00000004     empty_pem4f.oem4f (.text:ti_sysbios_knl_Queue_destruct)
                  00005088    00000070     sysbios.aem4f : BIOS.obj (.text:ti_sysbios_knl_Clock_workFunc__E)
                  000050f8    00000070                   : BIOS.obj (.text:ti_sysbios_knl_Task_exit__E)
                  00005168    0000006d     ti.targets.arm.rtsarm.aem4f : System.oem4f (.text:xdc_runtime_System_formatNum__I)
                  000051d5    00000003     --HOLE-- [fill = 0]
                  000051d8    0000006c     sysbios.aem4f : BIOS.obj (.text:ti_sysbios_knl_Swi_restoreHwi__E)
                  00005244    0000006c     drivers_tivaware.aem4f : UARTTiva.oem4f (.text:writeData)
                  000052b0    0000006c     ti.targets.arm.rtsarm.aem4f : Error.oem4f (.text:xdc_runtime_Error_print__E)
                  0000531c    0000006c                                 : Memory.oem4f (.text:xdc_runtime_Memory_alloc__E)
                  00005388    00000068     EK_TM4C1294XL.obj (.text:EK_TM4C1294XL_initI2C)
                  000053f0    00000068     empty.obj (.text:InitI2C0)
                  00005458    00000068     rtsv7M4_T_le_v4SPD16_eabi.lib : copy_decompress_lzss.c.obj (.text:decompress:lzss:__TI_decompress_lzss)
                  000054c0    00000066     list.obj (.text:vListInsert)
                  00005526    00000066     ti.targets.arm.rtsarm.aem4f : Core-mem.oem4f (.text:xdc_runtime_Core_deleteObject__I)
                  0000558c    00000064     drivers_tivaware.aem4f : GPIOTiva.oem4f (.text:GPIO_hwiIntFxn)
                  000055f0    00000064     sysbios.aem4f : BIOS.obj (.text:ti_sysbios_family_arm_lm4_Timer_Module_startup__E)
                  00005654    00000064     empty_pem4f.oem4f (.text:ti_sysbios_family_arm_m3_Hwi_create)
                  000056b8    00000064     sysbios.aem4f : BIOS.obj (.text:ti_sysbios_family_arm_m3_Hwi_dispatchC__I)
                  0000571c    00000062     drivers_tivaware.aem4f : I2CTiva.oem4f (.text:I2CTiva_primeTransfer)
                  0000577e    00000002     --HOLE-- [fill = 0]
                  00005780    00000060     sysbios.aem4f : BIOS.obj (.text:ti_sysbios_family_arm_lm4_Timer_isrStub__E)
                  000057e0    00000060                   : BIOS.obj (.text:ti_sysbios_knl_Task_schedule__I)
                  00005840    0000005e     drivers_tivaware.aem4f : UARTTiva.oem4f (.text:readIsrBinaryBlocking)
                  0000589e    00000002     --HOLE-- [fill = 0]
                  000058a0    0000005c     sysbios.aem4f : BIOS.obj (.text:ti_sysbios_knl_Swi_run__I)
                  000058fc    00000004     empty_pem4f.oem4f (.text:ti_sysbios_knl_Semaphore_destruct)
                  00005900    0000005c     sysbios.aem4f : BIOS.obj (.text:ti_sysbios_knl_Swi_schedule__I)
                  0000595c    00000004     ti.targets.arm.rtsarm.aem4f : Error.oem4f (.text:xdc_runtime_Error_getSite__E)
                  00005960    0000005c     sysbios.aem4f : BIOS.obj (.text:ti_sysbios_knl_Task_Module_startup__E)
                  000059bc    00000004     empty_pem4f.oem4f (.text:xdc_runtime_System_Module_GateProxy_enter__E)
                  000059c0    0000005c     sysbios.aem4f : BIOS.obj (.text:ti_sysbios_knl_Task_startCore__E)
                  00005a1c    0000005b     ti.targets.arm.rtsarm.aem4f : Text.oem4f (.text:xdc_runtime_Text_putLab__E)
                  00005a77    00000001     --HOLE-- [fill = 0]
                  00005a78    00000058     boot.aem4f : boot.oem4f (.text)
                  00005ad0    00000058     rtsv7M4_T_le_v4SPD16_eabi.lib : hostwrite.c.obj (.text:HOSTwrite)
                  00005b28    00000058     empty_pem4f.oem4f (.text:ti_sysbios_family_arm_m3_Hwi_construct)
                  00005b80    00000058     sysbios.aem4f : m3_Hwi_asm_switch.obj (.text:ti_sysbios_family_arm_m3_Hwi_initStacks__E)
                  00005bd8    00000056     driverlib.lib : gpio.obj (.text:GPIOIntTypeSet)
                  00005c2e    00000054     drivers_tivaware.aem4f : UARTTiva.oem4f (.text:readIsrBinaryCallback)
                  00005c82    00000002     --HOLE-- [fill = 0]
                  00005c84    00000054     empty_pem4f.oem4f (.text:ti_sysbios_knl_Task_construct)
                  00005cd8    00000054     ti.targets.arm.rtsarm.aem4f : Assert.oem4f (.text:xdc_runtime_Assert_raise__I)
                  00005d2c    00000050     drivers_tivaware.aem4f : GPIOTiva.oem4f (.text:GPIO_setCallback)
                  00005d7c    00000050                            : GPIOTiva.oem4f (.text:GPIO_toggle)
                  00005dcc    00000050     driverlib.lib : sysctl.obj (.text:SysCtlPeripheralReset)
                  00005e1c    00000050     drivers_tivaware.aem4f : UARTTiva.oem4f (.text:UARTTiva_writeCancel)
                  00005e6c    00000050     Boot.aem4f : Boot_sysctl.oem4f (.text:_SysCtlFrequencyGet)
                  00005ebc    00000050     heap_2.obj (.text:prvHeapInit)
                  00005f0c    00000004     empty_pem4f.oem4f (.text:xdc_runtime_System_Module_GateProxy_leave__E)
                  00005f10    00000050     sysbios.aem4f : BIOS.obj (.text:ti_sysbios_family_arm_m3_Hwi_Module_startup__E)
                  00005f60    00000050     ti.targets.arm.rtsarm.aem4f : Startup.oem4f (.text:xdc_runtime_Startup_exec__E)
                  00005fb0    00000050                                 : Text.oem4f (.text:xdc_runtime_Text_visitRope2__I)
                  00006000    0000004c     drivers_tivaware.aem4f : UARTTiva.oem4f (.text:UARTTiva_close)
                  0000604c    0000004c     rtsv7M4_T_le_v4SPD16_eabi.lib : cpy_tbl.c.obj (.text:copy_in)
                  00006098    0000004c     sysbios.aem4f : BIOS.obj (.text:ti_sysbios_heaps_HeapMem_getStats__E)
                  000060e4    00000004     ti.targets.arm.rtsarm.aem4f : System.oem4f (.text:xdc_runtime_System_aprintf_va__F)
                  000060e8    0000004c     sysbios.aem4f : BIOS.obj (.text:ti_sysbios_knl_Swi_runLoop__I)
                  00006134    00000004     ti.targets.arm.rtsarm.aem4f : System.oem4f (.text:xdc_runtime_System_printf_va__F)
                  00006138    0000004c     sysbios.aem4f : BIOS.obj (.text:ti_sysbios_knl_Task_allBlockedFunction__I)
                  00006184    0000004c     queue.obj (.text:xQueueGenericCreate)
                  000061d0    00000048     driverlib.lib : gpio.obj (.text:GPIOPinConfigure)
                  00006218    00000048                   : i2c.obj (.text:I2CMasterInitExpClk)
                  00006260    00000048     rtsv7M4_T_le_v4SPD16_eabi.lib : fd_toi_t2.asm.obj (.text)
                  000062a8    00000048     sysbios.aem4f : BIOS.obj (.text:ti_sysbios_family_arm_m3_Hwi_disableInterrupt__E)
                  000062f0    00000048                   : BIOS.obj (.text:ti_sysbios_family_arm_m3_Hwi_enableInterrupt__E)
                  00006338    00000048                   : BIOS.obj (.text:ti_sysbios_family_arm_m3_Hwi_excReserved__I)
                  00006380    00000048     list.obj (.text:uxListRemove)
                  000063c8    00000046     drivers_tivaware.aem4f : RingBuf.oem4f (.text:RingBuf_put)
                  0000640e    00000046     ti.targets.arm.rtsarm.aem4f : Core-params.oem4f (.text:xdc_runtime_Core_assignParams__I)
                  00006454    00000044     queue.obj (.text:prvInitialiseNewQueue)
                  00006498    00000044     sysbios.aem4f : BIOS.obj (.text:ti_sysbios_family_arm_m3_Hwi_getStackInfo__E)
                  000064dc    00000004     --HOLE-- [fill = 0]
                  000064e0    00000044                   : BIOS.obj (.text:ti_sysbios_knl_Swi_post__E)
                  00006524    00000044     ti.targets.arm.rtsarm.aem4f : Error.oem4f (.text:xdc_runtime_Error_setX__E)
                  00006568    00000044                                 : SysMin.oem4f (.text:xdc_runtime_SysMin_flush__E)
                  000065ac    00000044                                 : Text.oem4f (.text:xdc_runtime_Text_xprintf__I)
                  000065f0    00000042     driverlib.lib : uart.obj (.text:UARTConfigSetExpClk)
                  00006632    00000042     drivers_tivaware.aem4f : UARTTiva.oem4f (.text:UARTTiva_hwiIntFxn)
                  00006674    00000042                            : UARTTiva.oem4f (.text:UARTTiva_writePolling)
                  000066b6    00000040                            : RingBuf.oem4f (.text:RingBuf_get)
                  000066f6    00000040                            : UARTTiva.oem4f (.text:UARTTiva_read)
                  00006736    00000040     rtsv7M4_T_le_v4SPD16_eabi.lib : u_divt2.asm.obj (.text)
                  00006776    00000002     --HOLE-- [fill = 0]
                  00006778    00000040     sysbios.aem4f : BIOS.obj (.text:ti_sysbios_family_arm_lm4_Timer_startup__E)
                  000067b8    0000003c     tasks.obj (.text:prvResetNextTaskUnblockTime)
                  000067f4    00000004     --HOLE-- [fill = 0]
                  000067f8    0000003c     sysbios.aem4f : BIOS.obj (.text:ti_sysbios_family_arm_m3_Hwi_excSvCall__I)
                  00006834    00000004     --HOLE-- [fill = 0]
                  00006838    0000003c                   : BIOS.obj (.text:ti_sysbios_heaps_HeapMem_init__I)
                  00006874    00000004     --HOLE-- [fill = 0]
                  00006878    0000003c                   : BIOS.obj (.text:ti_sysbios_knl_Swi_restore__E)
                  000068b4    0000003c     list.obj (.text:vListInsertEnd)
                  000068f0    0000003a     drivers_tivaware.aem4f : I2CTiva.oem4f (.text:I2CTiva_completeTransfer)
                  0000692a    00000002     --HOLE-- [fill = 0]
                  0000692c    00000038                            : I2C.oem4f (.text:I2C_init)
                  00006964    00000038                            : UART.oem4f (.text:UART_init)
                  0000699c    00000038     rtsv7M4_T_le_v4SPD16_eabi.lib : trgmsg.c.obj (.text:__TI_writemsg)
                  000069d4    00000004     --HOLE-- [fill = 0]
                  000069d8    00000038     sysbios.aem4f : BIOS.obj (.text:ti_sysbios_family_arm_m3_Hwi_excNoIsr__I)
                  00006a10    00000038                   : BIOS.obj (.text:ti_sysbios_knl_Task_processVitalTaskFlag__I)
                  00006a48    00000038     ti.targets.arm.rtsarm.aem4f : SysMin.oem4f (.text:xdc_runtime_SysMin_putch__E)
                  00006a80    00000038                                 : System.oem4f (.text:xdc_runtime_System_atexit__E)
                  00006ab8    00000036     drivers_tivaware.aem4f : I2CTiva.oem4f (.text:I2CTiva_close)
                  00006aee    00000036                            : UARTTiva.oem4f (.text:UARTTiva_readCancel)
                  00006b24    00000034     driverlib.lib : sysctl.obj (.text:SysCtlPeripheralEnable)
                  00006b58    00000034     rtsv7M4_T_le_v4SPD16_eabi.lib : trgmsg.c.obj (.text:__TI_readmsg)
                  00006b8c    00000034                                   : rand.c.obj (.text:rand)
                  00006bc0    00000034     sysbios.aem4f : BIOS.obj (.text:ti_sysbios_family_arm_m3_Hwi_Instance_finalize__E)
                  00006bf4    00000004     --HOLE-- [fill = 0]
                  00006bf8    00000034                   : BIOS.obj (.text:ti_sysbios_family_arm_m3_Hwi_excNmi__I)
                  00006c2c    00000004     --HOLE-- [fill = 0]
                  00006c30    00000034                   : BIOS.obj (.text:ti_sysbios_hal_Hwi_checkStack)
                  00006c64    00000034     empty_pem4f.oem4f (.text:ti_sysbios_knl_Clock_construct)
                  00006c98    00000034     ti.targets.arm.rtsarm.aem4f : Core-label.oem4f (.text:xdc_runtime_Core_assignLabel__I)
                  00006ccc    00000033                                 : Text.oem4f (.text:xdc_runtime_Text_printVisFxn__I)
                  00006cff    00000001     --HOLE-- [fill = 0]
                  00006d00    00000032     sysbios.aem4f : BIOS.obj (.text:ti_sysbios_hal_Hwi_initStack)
                  00006d32    00000002     --HOLE-- [fill = 0]
                  00006d34    00000030     drivers_tivaware.aem4f : UART.oem4f (.text:UART_open)
                  00006d64    00000030     empty_pem4f.oem4f (.text:ti_sysbios_BIOS_atExitFunc__I)
                  00006d94    00000004     --HOLE-- [fill = 0]
                  00006d98    00000030     sysbios.aem4f : BIOS.obj (.text:ti_sysbios_family_arm_lm4_Timer_stop__E)
                  00006dc8    00000030                   : BIOS.obj (.text:ti_sysbios_family_arm_m3_TaskSupport_start__E)
                  00006df8    00000030     empty_pem4f.oem4f (.text:ti_sysbios_gates_GateHwi_Object__create__S)
                  00006e28    00000030     empty_pem4f.oem4f (.text:ti_sysbios_gates_GateMutex_Object__create__S)
                  00006e58    00000030     empty_pem4f.oem4f (.text:ti_sysbios_heaps_HeapMem_Object__create__S)
                  00006e88    00000030     empty_pem4f.oem4f (.text:ti_sysbios_knl_Semaphore_construct)
                  00006eb8    00000030     sysbios.aem4f : BIOS.obj (.text:ti_sysbios_knl_Semaphore_pendTimeout__I)
                  00006ee8    00000030                   : BIOS.obj (.text:ti_sysbios_knl_Task_unblockI__E)
                  00006f18    00000030     list.obj (.text:vListInitialise)
                  00006f48    00000030     ti.targets.arm.rtsarm.aem4f : SysMin.oem4f (.text:xdc_runtime_SysMin_abort__E)
                  00006f78    00000030                                 : System.oem4f (.text:xdc_runtime_System_processAtExit__E)
                  00006fa8    0000002e     rtsv7M4_T_le_v4SPD16_eabi.lib : i_tofd_t2.asm.obj (.text)
                  00006fd6    00000002     --HOLE-- [fill = 0]
                  00006fd8    0000002c     EK_TM4C1294XL.obj (.text:EK_TM4C1294XL_initUART)
                  00007004    0000002c     empty_pem4f.oem4f (.text:ti_sysbios_knl_Clock_doTick__I)
                  00007030    0000002c     empty_pem4f.oem4f (.text:ti_sysbios_knl_Queue_construct)
                  0000705c    00000004     --HOLE-- [fill = 0]
                  00007060    0000002c     sysbios.aem4f : BIOS.obj (.text:ti_sysbios_knl_Task_restore__E)
                  0000708c    0000002c     ti.targets.arm.rtsarm.aem4f : Text.oem4f (.text:xdc_runtime_Text_cordText__E)
                  000070b8    0000002a     driverlib.lib : gpio.obj (.text:GPIODirModeSet)
                  000070e2    0000002a     ti.targets.arm.rtsarm.aem4f : System.oem4f (.text:xdc_runtime_System_putchar__I)
                  0000710c    00000004     --HOLE-- [fill = 0]
                  00007110    00000028     sysbios.aem4f : BIOS.obj (.text:ti_sysbios_knl_Swi_Module_startup__E)
                  00007138    00000026     queue.obj (.text:prvIsQueueFull)
                  0000715e    00000026     sysbios.aem4f : m3_Hwi_asm.obj (.text:ti_sysbios_family_arm_m3_Hwi_pendSV__I)
                  00007184    00000026     ti.targets.arm.rtsarm.aem4f : System.oem4f (.text:xdc_runtime_System_avprintf__E)
                  000071aa    00000002     --HOLE-- [fill = 0]
                  000071ac    00000024     empty_pem4f.oem4f (.text:ti_sysbios_BIOS_errorRaiseHook__I)
                  000071d0    00000024     empty_pem4f.oem4f (.text:ti_sysbios_BIOS_registerRTSLock__I)
                  000071f4    00000024     empty_pem4f.oem4f (.text:ti_sysbios_BIOS_removeRTSLock__I)
                  00007218    00000024     empty_pem4f.oem4f (.text:ti_sysbios_BIOS_startFunc__I)
                  0000723c    00000024     empty_pem4f.oem4f (.text:ti_sysbios_gates_GateMutex_Object__delete__S)
                  00007260    00000024     sysbios.aem4f : BIOS.obj (.text:ti_sysbios_knl_Clock_Module_startup__E)
                  00007284    00000004     --HOLE-- [fill = 0]
                  00007288    00000024                   : BIOS.obj (.text:ti_sysbios_knl_Task_restoreHwi__E)
                  000072ac    00000024     port.obj (.text:vPortEnterCritical)
                  000072d0    00000024     tasks.obj (.text:vTaskSetTimeOutState)
                  000072f4    00000024     ti.targets.arm.rtsarm.aem4f : System.oem4f (.text:xdc_runtime_System_vprintf__E)
                  00007318    00000022     sysbios.aem4f : BIOS.obj (.text:ti_sysbios_family_arm_lm4_Timer_write__I)
                  0000733a    00000022     empty_pem4f.oem4f (.text:xdc_runtime_SysMin_output__I)
                  0000735c    00000020     Boot.aem4f : Boot_sysctl.oem4f (.text:_SysCtlMemTimingGet)
                  0000737c    00000020     empty_pem4f.oem4f (.text:ti_sysbios_BIOS_rtsLock__I)
                  0000739c    00000020     sysbios.aem4f : m3_Hwi_asm.obj (.text:ti_sysbios_family_arm_m3_Hwi_excHandlerAsm__I)
                  000073bc    00000004     --HOLE-- [fill = 0]
                  000073c0    00000020                   : BIOS.obj (.text:ti_sysbios_family_arm_m3_Hwi_excHandler__I)
                  000073e0    00000020     empty_pem4f.oem4f (.text:ti_sysbios_gates_GateHwi_Object__delete__S)
                  00007400    00000020     empty_pem4f.oem4f (.text:ti_sysbios_heaps_HeapMem_Object__delete__S)
                  00007420    00000020     empty_pem4f.oem4f (.text:ti_sysbios_knl_Clock_Object__destruct__S)
                  00007440    00000020     sysbios.aem4f : BIOS.obj (.text:ti_sysbios_knl_Idle_run__E)
                  00007460    00000020     empty_pem4f.oem4f (.text:ti_sysbios_knl_Semaphore_Object__destruct__S)
                  00007480    00000020     tasks.obj (.text:vTaskPlaceOnEventList)
                  000074a0    00000020     ti.targets.arm.rtsarm.aem4f : Registry.oem4f (.text:xdc_runtime_Registry_findById__E)
                  000074c0    00000020                                 : SysMin.oem4f (.text:xdc_runtime_SysMin_Module_startup__E)
                  000074e0    0000001e     sysbios.aem4f : m3_Hwi_asm_switch.obj (.text:ti_sysbios_family_xxx_Hwi_switchAndRunFunc)
                  000074fe    00000002     --HOLE-- [fill = 0]
                  00007500    0000001c     driverlib.lib : uart.obj (.text:UARTDisable)
                  0000751c    0000001c     drivers_tivaware.aem4f : GPIOTiva.oem4f (.text:getGpioIntIndex)
                  00007538    0000001c     empty_pem4f.oem4f (.text:ti_sysbios_family_arm_m3_Hwi_Object__destruct__S)
                  00007554    00000004     --HOLE-- [fill = 0]
                  00007558    0000001c     sysbios.aem4f : BIOS.obj (.text:ti_sysbios_gates_GateMutex_Instance_init__E)
                  00007574    0000001c     empty_pem4f.oem4f (.text:ti_sysbios_knl_Queue_Object__destruct__S)
                  00007590    0000001c     sysbios.aem4f : BIOS.obj (.text:ti_sysbios_knl_Task_enter__I)
                  000075ac    0000001c     port.obj (.text:vPortExitCritical)
                  000075c8    0000001c     ti.targets.arm.rtsarm.aem4f : Error.oem4f (.text:xdc_runtime_Error_raiseX__E)
                  000075e4    0000001c                                 : Memory.oem4f (.text:xdc_runtime_Memory_valloc__E)
                  00007600    0000001c                                 : SysMin.oem4f (.text:xdc_runtime_SysMin_exit__E)
                  0000761c    0000001c                                 : System.oem4f (.text:xdc_runtime_System_abort__E)
                  00007638    0000001a     empty_pem4f.oem4f (.text:ti_sysbios_family_arm_m3_Hwi_Handle__label__S)
                  00007652    0000001a     empty_pem4f.oem4f (.text:ti_sysbios_gates_GateHwi_Handle__label__S)
                  0000766c    0000001a     empty_pem4f.oem4f (.text:ti_sysbios_gates_GateMutex_Handle__label__S)
                  00007686    0000001a     empty_pem4f.oem4f (.text:ti_sysbios_heaps_HeapMem_Handle__label__S)
                  000076a0    0000001a     empty_pem4f.oem4f (.text:ti_sysbios_knl_Swi_Handle__label__S)
                  000076ba    0000001a     empty_pem4f.oem4f (.text:ti_sysbios_knl_Task_Handle__label__S)
                  000076d4    0000001a     empty_pem4f.oem4f (.text:xdc_runtime_System_aprintf__E)
                  000076ee    0000001a     empty_pem4f.oem4f (.text:xdc_runtime_System_printf__E)
                  00007708    00000018     drivers_tivaware.aem4f : UART.oem4f (.text:UART_Params_init)
                  00007720    00000018     rtsv7M4_T_le_v4SPD16_eabi.lib : args_main.c.obj (.text:_args_main)
                  00007738    00000018     empty_pem4f.oem4f (.text:ti_sysbios_BIOS_rtsUnlock__I)
                  00007750    00000018     empty_pem4f.oem4f (.text:ti_sysbios_family_arm_lm4_Timer_Module__startupDone__F)
                  00007768    00000018     empty_pem4f.oem4f (.text:ti_sysbios_family_arm_m3_Hwi_Module__startupDone__F)
                  00007780    00000018     sysbios.aem4f : m3_TaskSupport_asm.obj (.text:ti_sysbios_family_arm_m3_TaskSupport_swap__E)
                  00007798    00000018                   : BIOS.obj (.text:ti_sysbios_gates_GateMutex_leave__E)
                  000077b0    00000018                   : BIOS.obj (.text:ti_sysbios_knl_Task_sleepTimeout__I)
                  000077c8    00000018     ti.targets.arm.rtsarm.aem4f : Error.oem4f (.text:xdc_runtime_Error_check__E)
                  000077e0    00000018                                 : System.oem4f (.text:xdc_runtime_System_exit__E)
                  000077f8    00000018                                 : Text.oem4f (.text:xdc_runtime_Text_ropeText__E)
                  00007810    00000016     driverlib.lib : i2c.obj (.text:I2CMasterErr)
                  00007826    00000016     empty_pem4f.oem4f (.text:ti_sysbios_BIOS_exitFunc__I)
                  0000783c    00000016     empty.obj (.text:ti_sysbios_knl_Semaphore_Params_init)
                  00007852    00000016     empty.obj (.text:ti_sysbios_knl_Task_Params_init)
                  00007868    00000014     driverlib.lib : uart.obj (.text:UARTEnable)
                  0000787c    00000014     rtsv7M4_T_le_v4SPD16_eabi.lib : strlen.c.obj (.text:strlen)
                  00007890    00000014     empty_pem4f.oem4f (.text:ti_sysbios_family_arm_m3_Hwi_Object__get__S)
                  000078a4    00000004     --HOLE-- [fill = 0]
                  000078a8    00000014     sysbios.aem4f : BIOS.obj (.text:ti_sysbios_family_arm_m3_Hwi_switchFromBootStack__E)
                  000078bc    00000014     empty_pem4f.oem4f (.text:ti_sysbios_heaps_HeapMem_Object__get__S)
                  000078d0    00000014     empty_pem4f.oem4f (.text:ti_sysbios_knl_Swi_Object__get__S)
                  000078e4    00000012     driverlib.lib : gpio.obj (.text:GPIOPinTypeI2C)
                  000078f6    00000012                   : gpio.obj (.text:GPIOPinTypeI2CSCL)
                  00007908    00000012                   : gpio.obj (.text:GPIOPinTypeUART)
                  0000791a    00000012     drivers_tivaware.aem4f : RingBuf.oem4f (.text:RingBuf_construct)
                  0000792c    00000004     --HOLE-- [fill = 0]
                  00007930    00000012     sysbios.aem4f : BIOS.obj (.text:ti_sysbios_hal_Hwi_Module_startup__E)
                  00007942    00000012     empty_pem4f.oem4f (.text:xdc_runtime_Startup_exec__I)
                  00007954    00000010     empty_pem4f.oem4f (.text:.bootCodeSection:ti_catalog_arm_cortexm4_tiva_ce_Boot_init__I)
                  00007964    00000010     drivers_tivaware.aem4f : UARTTiva.oem4f (.text:readBlockingTimeout)
                  00007974    00000004     --HOLE-- [fill = 0]
                  00007978    00000010     sysbios.aem4f : BIOS.obj (.text:ti_sysbios_BIOS_getCpuFreq__E)
                  00007988    00000010                   : BIOS.obj (.text:ti_sysbios_BIOS_setThreadType__E)
                  00007998    00000010                   : BIOS.obj (.text:ti_sysbios_BIOS_start__E)
                  000079a8    00000010                   : m3_TaskSupport_asm.obj (.text:ti_sysbios_family_arm_m3_TaskSupport_glue)
                  000079b8    00000010                   : BIOS.obj (.text:ti_sysbios_gates_GateMutex_Instance_finalize__E)
                  000079c8    00000010                   : BIOS.obj (.text:ti_sysbios_knl_Semaphore_Instance_finalize__E)
                  000079d8    00000010                   : BIOS.obj (.text:ti_sysbios_knl_Swi_disable__E)
                  000079e8    00000010     empty_pem4f.oem4f (.text:ti_sysbios_knl_Task_Object__get__S)
                  000079f8    00000010     sysbios.aem4f : BIOS.obj (.text:ti_sysbios_knl_Task_disable__E)
                  00007a08    00000010     tasks.obj (.text:vTaskSuspendAll)
                  00007a18    00000010     ti.targets.arm.rtsarm.aem4f : Gate.oem4f (.text:xdc_runtime_Gate_leaveSystem__E)
                  00007a28    00000010                                 : Memory.oem4f (.text:xdc_runtime_Memory_free__E)
                  00007a38    00000010                                 : SysMin.oem4f (.text:xdc_runtime_SysMin_ready__E)
                  00007a48    00000010                                 : System.oem4f (.text:xdc_runtime_System_vsnprintf__E)
                  00007a58    00000010     empty_pem4f.oem4f (.text:xdc_runtime_Text_visitRope__I)
                  00007a68    0000000e     driverlib.lib : gpio.obj (.text:GPIOIntStatus)
                  00007a76    0000000e                   : uart.obj (.text:UARTCharGetNonBlocking)
                  00007a84    0000000e                   : uart.obj (.text:UARTCharPutNonBlocking)
                  00007a92    0000000e     rtsv7M4_T_le_v4SPD16_eabi.lib : copy_decompress_none.c.obj (.text:decompress:none:__TI_decompress_none)
                  00007aa0    0000000e     sysbios.aem4f : BIOS.obj (.text:ti_sysbios_knl_Idle_loop__E)
                  00007aae    00000002     --HOLE-- [fill = 0]
                  00007ab0    0000000e                   : BIOS.obj (.text:ti_sysbios_knl_Queue_empty__E)
                  00007abe    0000000c     drivers_tivaware.aem4f : RingBuf.oem4f (.text:RingBuf_peek)
                  00007aca    0000000c     driverlib.lib : uart.obj (.text:UARTFlowControlSet)
                  00007ad6    0000000c     drivers_tivaware.aem4f : UARTTiva.oem4f (.text:UARTTiva_init)
                  00007ae2    00000002     --HOLE-- [fill = 0]
                  00007ae4    0000000c     rtsv7M4_T_le_v4SPD16_eabi.lib : _lock.c.obj (.text:_register_lock)
                  00007af0    0000000c                                   : _lock.c.obj (.text:_register_unlock)
                  00007afc    0000000c                                   : copy_zero_init.c.obj (.text:decompress:ZI:__TI_zero_init)
                  00007b08    0000000c     sysbios.aem4f : BIOS.obj (.text:ti_sysbios_family_arm_lm4_Timer_getMaxTicks__E)
                  00007b14    0000000c     empty_pem4f.oem4f (.text:ti_sysbios_family_arm_m3_Hwi_Params__init__S)
                  00007b20    0000000c     sysbios.aem4f : BIOS.obj (.text:ti_sysbios_family_arm_m3_Hwi_disableFxn__E)
                  00007b2c    00000004     --HOLE-- [fill = 0]
                  00007b30    0000000c                   : BIOS.obj (.text:ti_sysbios_family_arm_m3_TaskSupport_checkStack__E)
                  00007b3c    00000004     --HOLE-- [fill = 0]
                  00007b40    0000000c                   : BIOS.obj (.text:ti_sysbios_family_arm_m3_TaskSupport_getStackAlignment__E)
                  00007b4c    00000004     --HOLE-- [fill = 0]
                  00007b50    0000000c                   : BIOS.obj (.text:ti_sysbios_gates_GateHwi_enter__E)
                  00007b5c    0000000c     empty_pem4f.oem4f (.text:ti_sysbios_knl_Clock_Params__init__S)
                  00007b68    0000000c     sysbios.aem4f : BIOS.obj (.text:ti_sysbios_knl_Clock_getTicks__E)
                  00007b74    0000000c     empty_pem4f.oem4f (.text:ti_sysbios_knl_Queue_Object__get__S)
                  00007b80    0000000c     empty_pem4f.oem4f (.text:ti_sysbios_knl_Semaphore_Params__init__S)
                  00007b8c    0000000c     empty.obj (.text:ti_sysbios_knl_Semaphore_handle)
                  00007b98    0000000c     empty_pem4f.oem4f (.text:ti_sysbios_knl_Task_Params__init__S)
                  00007ba4    0000000c     tasks.obj (.text:vTaskMissedYield)
                  00007bb0    0000000c     ti.targets.arm.rtsarm.aem4f : Error.oem4f (.text:xdc_runtime_Error_init__E)
                  00007bbc    0000000c                                 : Gate.oem4f (.text:xdc_runtime_Gate_enterSystem__E)
                  00007bc8    0000000c                                 : Memory.oem4f (.text:xdc_runtime_Memory_calloc__E)
                  00007bd4    0000000c                                 : Memory.oem4f (.text:xdc_runtime_Memory_getMaxDefaultTypeAlign__E)
                  00007be0    0000000a     driverlib.lib : i2c.obj (.text:I2CMasterDisable)
                  00007bea    0000000a                   : i2c.obj (.text:I2CMasterEnable)
                  00007bf4    0000000a     drivers_tivaware.aem4f : I2CTiva.oem4f (.text:I2CTiva_init)
                  00007bfe    0000000a     driverlib.lib : uart.obj (.text:UARTCharGet)
                  00007c08    0000000a                   : uart.obj (.text:UARTCharPut)
                  00007c12    0000000a                   : uart.obj (.text:UARTIntDisable)
                  00007c1c    0000000a                   : uart.obj (.text:UARTIntStatus)
                  00007c26    0000000a     empty_pem4f.oem4f (.text:xdc_runtime_IHeap_alloc)
                  00007c30    0000000a     empty_pem4f.oem4f (.text:xdc_runtime_IHeap_free)
                  00007c3a    00000008     EK_TM4C1294XL.obj (.text:EK_TM4C1294XL_initGPIO)
                  00007c42    00000008     driverlib.lib : i2c.obj (.text:I2CMasterBusy)
                  00007c4a    00000008                   : i2c.obj (.text:I2CMasterIntClear)
                  00007c52    00000008                   : i2c.obj (.text:I2CMasterSlaveAddrSet)
                  00007c5a    00000008     drivers_tivaware.aem4f : I2CTiva.oem4f (.text:I2CTiva_blockingCallback)
                  00007c62    00000008     driverlib.lib : uart.obj (.text:UARTIntEnable)
                  00007c6a    00000008                   : uart.obj (.text:UARTRxErrorGet)
                  00007c72    00000008     drivers_tivaware.aem4f : UARTTiva.oem4f (.text:readSemCallback)
                  00007c7a    00000008     sysbios.aem4f : BIOS.obj (.text:ti_sysbios_family_arm_lm4_Timer_masterDisable__I)
                  00007c82    00000006     driverlib.lib : gpio.obj (.text:GPIOPinRead)
                  00007c88    00000008     sysbios.aem4f : BIOS.obj (.text:ti_sysbios_family_arm_m3_Hwi_doSwiRestore__I)
                  00007c90    00000008                   : BIOS.obj (.text:ti_sysbios_family_arm_m3_Hwi_startup__E)
                  00007c98    00000008     drivers_tivaware.aem4f : UARTTiva.oem4f (.text:writeSemCallback)
                  00007ca0    00000006     driverlib.lib : gpio.obj (.text:GPIOPinWrite)
                  00007ca6    00000006                   : i2c.obj (.text:I2CMasterIntDisable)
                  00007cac    00000006                   : i2c.obj (.text:I2CMasterIntEnable)
                  00007cb2    00000006     drivers_tivaware.aem4f : I2CTiva.oem4f (.text:I2CTiva_control)
                  00007cb8    00000006     driverlib.lib : uart.obj (.text:UARTFIFOLevelSet)
                  00007cbe    00000006                   : uart.obj (.text:UARTRxErrorClear)
                  00007cc4    00000004     --HOLE-- [fill = 0]
                  00007cc8    00000006     sysbios.aem4f : BIOS.obj (.text:ti_sysbios_family_arm_m3_Hwi_doTaskRestore__I)
                  00007cce    00000002     --HOLE-- [fill = 0]
                  00007cd0    00000006                   : BIOS.obj (.text:ti_sysbios_family_arm_m3_Hwi_restoreFxn__E)
                  00007cd6    00000002     --HOLE-- [fill = 0]
                  00007cd8    00000006                   : BIOS.obj (.text:ti_sysbios_gates_GateHwi_leave__E)
                  00007cde    00000002     --HOLE-- [fill = 0]
                  00007ce0    00000006                   : BIOS.obj (.text:ti_sysbios_heaps_HeapMem_isBlocking__E)
                  00007ce6    00000002     --HOLE-- [fill = 0]
                  00007ce8    00000006                   : BIOS.obj (.text:ti_sysbios_knl_Clock_stop__E)
                  00007cee    00000002     --HOLE-- [fill = 0]
                  00007cf0    00000006                   : BIOS.obj (.text:ti_sysbios_knl_Queue_Instance_init__E)
                  00007cf6    00000002     --HOLE-- [fill = 0]
                  00007cf8    00000006                   : BIOS.obj (.text:ti_sysbios_knl_Swi_startup__E)
                  00007cfe    00000006     ti.targets.arm.rtsarm.aem4f : System.oem4f (.text:xdc_runtime_System_Module_startup__E)
                  00007d04    00000004     --HOLE-- [fill = 0]
                  00007d08    00000004     sysbios.aem4f : BIOS.obj (.text:ti_sysbios_gates_GateHwi_query__E)
                  00007d0c    00000004     --HOLE-- [fill = 0]
                  00007d10    00000004                   : BIOS.obj (.text:ti_sysbios_gates_GateMutex_query__E)
                  00007d14    00000004     --HOLE-- [fill = 0]
                  00007d18    00000004                   : BIOS.obj (.text:ti_sysbios_knl_Task_startup__E)
                  00007d1c    00000004     --HOLE-- [fill = 0]
                  00007d20    00000002                   : BIOS.obj (.text:ti_sysbios_gates_GateHwi_Instance_init__E)
                  00007d22    00000006     --HOLE-- [fill = 0]
                  00007d28    00000002                   : BIOS.obj (.text:ti_sysbios_knl_Clock_logTick__E)

.const     0    00007d2c    000022c0     
                  00007d2c    00001861     empty_pem4f.oem4f (.const:xdc_runtime_Text_charTab__A)
                  0000958d    00000001     empty_pem4f.oem4f (.const:xdc_runtime_Error_policy__C)
                  0000958e    00000002     empty_pem4f.oem4f (.const:ti_catalog_arm_cortexm4_tiva_ce_Boot_Module__id__C)
                  00009590    00000120     Boot.aem4f : Boot_sysctl.oem4f (.const:g_pppui32XTALtoVCO)
                  000096b0    000000bc     empty_pem4f.oem4f (.const:xdc_runtime_Text_nodeTab__A)
                  0000976c    00000090     driverlib.lib : gpio.obj (.const:g_pui32GPIOBaseAddrs)
                  000097fc    0000006c     Boot.aem4f : Boot_sysctl.oem4f (.const:g_pui32Xtals)
                  00009868    0000006c     driverlib.lib : sysctl.obj (.const:g_pui32Xtals)
                  000098d4    00000054     drivers_tivaware.aem4f : GPIOTiva.oem4f (.const:.string)
                  00009928    0000004c                            : UARTTiva.oem4f (.const)
                  00009974    00000048     empty_pem4f.oem4f (.const:.string)
                  000099bc    00000048     drivers_tivaware.aem4f : GPIOTiva.oem4f (.const:gpioBaseAddresses)
                  00009a04    0000003c     empty_pem4f.oem4f (.const:ti_sysbios_knl_Task_Object__PARAMS__C)
                  00009a40    00000030     Boot.aem4f : Boot_sysctl.oem4f (.const:g_sXTALtoMEMTIM)
                  00009a70    00000030     empty_pem4f.oem4f (.const:ti_sysbios_family_arm_m3_Hwi_Object__PARAMS__C)
                  00009aa0    00000028     drivers_tivaware.aem4f : UARTTiva.oem4f (.const:UARTTiva_fxnTable)
                  00009ac8    00000028     empty_pem4f.oem4f (.const:ti_sysbios_heaps_HeapMem_Module__FXNS__C)
                  00009af0    00000024     EK_TM4C1294XL.obj (.const:I2C_config)
                  00009b14    00000024     drivers_tivaware.aem4f : UART.oem4f (.const:UART_defaultParams)
                  00009b38    00000024     empty_pem4f.oem4f (.const:ti_sysbios_gates_GateHwi_Module__FXNS__C)
                  00009b5c    00000024     empty_pem4f.oem4f (.const:ti_sysbios_gates_GateMutex_Module__FXNS__C)
                  00009b80    00000024     empty_pem4f.oem4f (.const:ti_sysbios_heaps_HeapMem_Object__PARAMS__C)
                  00009ba4    00000024     empty_pem4f.oem4f (.const:ti_sysbios_knl_Clock_Object__PARAMS__C)
                  00009bc8    00000024     empty_pem4f.oem4f (.const:ti_sysbios_knl_Semaphore_Object__PARAMS__C)
                  00009bec    00000020     empty_pem4f.oem4f (.const:ti_sysbios_family_arm_m3_Hwi_Object__DESC__C)
                  00009c0c    00000020     empty_pem4f.oem4f (.const:ti_sysbios_gates_GateHwi_Object__DESC__C)
                  00009c2c    00000020     empty_pem4f.oem4f (.const:ti_sysbios_gates_GateMutex_Object__DESC__C)
                  00009c4c    00000020     empty_pem4f.oem4f (.const:ti_sysbios_heaps_HeapMem_Object__DESC__C)
                  00009c6c    00000020     empty_pem4f.oem4f (.const:ti_sysbios_knl_Clock_Object__DESC__C)
                  00009c8c    00000020     empty_pem4f.oem4f (.const:ti_sysbios_knl_Queue_Object__DESC__C)
                  00009cac    00000020     empty_pem4f.oem4f (.const:ti_sysbios_knl_Semaphore_Object__DESC__C)
                  00009ccc    00000020     empty_pem4f.oem4f (.const:ti_sysbios_knl_Task_Object__DESC__C)
                  00009cec    00000020     empty_pem4f.oem4f (.const:xdc_runtime_Startup_sfxnTab__A)
                  00009d0c    0000001c     drivers_tivaware.aem4f : I2CTiva.oem4f (.const)
                  00009d28    00000018     EK_TM4C1294XL.obj (.const:UART_config)
                  00009d40    00000018     EK_TM4C1294XL.obj (.const:i2cTivaHWAttrs)
                  00009d58    00000018     empty_pem4f.oem4f (.const:ti_sysbios_gates_GateHwi_Object__PARAMS__C)
                  00009d70    00000018     empty_pem4f.oem4f (.const:ti_sysbios_gates_GateMutex_Object__PARAMS__C)
                  00009d88    00000018     empty_pem4f.oem4f (.const:ti_sysbios_knl_Queue_Object__PARAMS__C)
                  00009da0    00000018     EK_TM4C1294XL.obj (.const:uartTivaHWAttrs)
                  00009db8    00000014     EK_TM4C1294XL.obj (.const:GPIOTiva_config)
                  00009dcc    00000014     empty_pem4f.oem4f (.const:xdc_runtime_Startup_firstFxns__A)
                  00009de0    00000010     empty_pem4f.oem4f (.const:xdc_runtime_Startup_sfxnRts__A)
                  00009df0    00000008     Boot.aem4f : Boot_sysctl.oem4f (.const)
                  00009df8    00000008     empty_pem4f.oem4f (.const:ti_sysbios_family_arm_m3_Hwi_excHookFuncs__A)
                  00009e00    00000008     empty_pem4f.oem4f (.const:ti_sysbios_knl_Idle_funcList__C)
                  00009e08    00000008     empty_pem4f.oem4f (.const:xdc_runtime_Startup_firstFxns__C)
                  00009e10    00000008     empty_pem4f.oem4f (.const:xdc_runtime_Startup_lastFxns__C)
                  00009e18    00000004     empty_pem4f.oem4f (.const:ti_catalog_arm_cortexm4_tiva_ce_Boot_A_mustNotUseEnhancedClockMode__C)
                  00009e1c    00000004     empty_pem4f.oem4f (.const:ti_catalog_arm_cortexm4_tiva_ce_Boot_Module__diagsEnabled__C)
                  00009e20    00000004     empty_pem4f.oem4f (.const:ti_catalog_arm_cortexm4_tiva_ce_Boot_Module__diagsIncluded__C)
                  00009e24    00000004     empty_pem4f.oem4f (.const:ti_catalog_arm_cortexm4_tiva_ce_Boot_Module__diagsMask__C)
                  00009e28    00000004     empty_pem4f.oem4f (.const:ti_sysbios_family_arm_lm4_Timer_enableFunc__C)
                  00009e2c    00000004     empty_pem4f.oem4f (.const:ti_sysbios_family_arm_lm4_Timer_numTimerDevices__C)
                  00009e30    00000004     empty_pem4f.oem4f (.const:ti_sysbios_family_arm_lm4_Timer_startupNeeded__C)
                  00009e34    00000004     empty_pem4f.oem4f (.const:ti_sysbios_family_arm_m3_Hwi_E_NMI__C)
                  00009e38    00000004     empty_pem4f.oem4f (.const:ti_sysbios_family_arm_m3_Hwi_E_alreadyDefined__C)
                  00009e3c    00000004     empty_pem4f.oem4f (.const:ti_sysbios_family_arm_m3_Hwi_E_busFault__C)
                  00009e40    00000004     empty_pem4f.oem4f (.const:ti_sysbios_family_arm_m3_Hwi_E_debugMon__C)
                  00009e44    00000004     empty_pem4f.oem4f (.const:ti_sysbios_family_arm_m3_Hwi_E_hardFault__C)
                  00009e48    00000004     empty_pem4f.oem4f (.const:ti_sysbios_family_arm_m3_Hwi_E_memFault__C)
                  00009e4c    00000004     empty_pem4f.oem4f (.const:ti_sysbios_family_arm_m3_Hwi_E_noIsr__C)
                  00009e50    00000004     empty_pem4f.oem4f (.const:ti_sysbios_family_arm_m3_Hwi_E_reserved__C)
                  00009e54    00000004     empty_pem4f.oem4f (.const:ti_sysbios_family_arm_m3_Hwi_E_svCall__C)
                  00009e58    00000004     empty_pem4f.oem4f (.const:ti_sysbios_family_arm_m3_Hwi_E_usageFault__C)
                  00009e5c    00000004     empty_pem4f.oem4f (.const:ti_sysbios_family_arm_m3_Hwi_NUM_INTERRUPTS__C)
                  00009e60    00000004     empty_pem4f.oem4f (.const:ti_sysbios_family_arm_m3_Hwi_Object__count__C)
                  00009e64    00000004     empty_pem4f.oem4f (.const:ti_sysbios_family_arm_m3_Hwi_ccr__C)
                  00009e68    00000004     empty_pem4f.oem4f (.const:ti_sysbios_family_arm_m3_Hwi_excHandlerFunc__C)
                  00009e6c    00000004     empty_pem4f.oem4f (.const:ti_sysbios_family_arm_m3_Hwi_excHookFuncs__C)
                  00009e70    00000004     empty_pem4f.oem4f (.const:ti_sysbios_family_arm_m3_Hwi_nullIsrFunc__C)
                  00009e74    00000004     empty_pem4f.oem4f (.const:ti_sysbios_family_arm_m3_Hwi_priGroup__C)
                  00009e78    00000004     empty_pem4f.oem4f (.const:ti_sysbios_family_arm_m3_TaskSupport_stackAlignment__C)
                  00009e7c    00000004     empty_pem4f.oem4f (.const:ti_sysbios_gates_GateMutex_A_badContext__C)
                  00009e80    00000004     empty_pem4f.oem4f (.const:ti_sysbios_gates_GateMutex_Instance_State_sem__O)
                  00009e84    00000004     empty_pem4f.oem4f (.const:ti_sysbios_gates_GateMutex_Module__diagsEnabled__C)
                  00009e88    00000004     empty_pem4f.oem4f (.const:ti_sysbios_gates_GateMutex_Module__diagsIncluded__C)
                  00009e8c    00000004     empty_pem4f.oem4f (.const:ti_sysbios_gates_GateMutex_Module__diagsMask__C)
                  00009e90    00000004     empty_pem4f.oem4f (.const:ti_sysbios_hal_Hwi_E_stackOverflow__C)
                  00009e94    00000004     empty_pem4f.oem4f (.const:ti_sysbios_heaps_HeapMem_A_align__C)
                  00009e98    00000004     empty_pem4f.oem4f (.const:ti_sysbios_heaps_HeapMem_A_heapSize__C)
                  00009e9c    00000004     empty_pem4f.oem4f (.const:ti_sysbios_heaps_HeapMem_A_invalidFree__C)
                  00009ea0    00000004     empty_pem4f.oem4f (.const:ti_sysbios_heaps_HeapMem_A_zeroBlock__C)
                  00009ea4    00000004     empty_pem4f.oem4f (.const:ti_sysbios_heaps_HeapMem_E_memory__C)
                  00009ea8    00000004     empty_pem4f.oem4f (.const:ti_sysbios_heaps_HeapMem_Module__diagsEnabled__C)
                  00009eac    00000004     empty_pem4f.oem4f (.const:ti_sysbios_heaps_HeapMem_Module__diagsIncluded__C)
                  00009eb0    00000004     empty_pem4f.oem4f (.const:ti_sysbios_heaps_HeapMem_Module__diagsMask__C)
                  00009eb4    00000004     empty_pem4f.oem4f (.const:ti_sysbios_heaps_HeapMem_Module__gateObj__C)
                  00009eb8    00000004     empty_pem4f.oem4f (.const:ti_sysbios_heaps_HeapMem_Object__count__C)
                  00009ebc    00000004     empty_pem4f.oem4f (.const:ti_sysbios_heaps_HeapMem_reqAlign__C)
                  00009ec0    00000004     empty_pem4f.oem4f (.const:ti_sysbios_knl_Clock_A_badThreadType__C)
                  00009ec4    00000004     empty_pem4f.oem4f (.const:ti_sysbios_knl_Clock_Module_State_clockQ__O)
                  00009ec8    00000004     empty_pem4f.oem4f (.const:ti_sysbios_knl_Clock_Module__diagsEnabled__C)
                  00009ecc    00000004     empty_pem4f.oem4f (.const:ti_sysbios_knl_Clock_Module__diagsIncluded__C)
                  00009ed0    00000004     empty_pem4f.oem4f (.const:ti_sysbios_knl_Clock_Module__diagsMask__C)
                  00009ed4    00000004     empty_pem4f.oem4f (.const:ti_sysbios_knl_Idle_funcList__A)
                  00009ed8    00000004     empty_pem4f.oem4f (.const:ti_sysbios_knl_Semaphore_A_badContext__C)
                  00009edc    00000004     empty_pem4f.oem4f (.const:ti_sysbios_knl_Semaphore_A_noEvents__C)
                  00009ee0    00000004     empty_pem4f.oem4f (.const:ti_sysbios_knl_Semaphore_A_overflow__C)
                  00009ee4    00000004     empty_pem4f.oem4f (.const:ti_sysbios_knl_Semaphore_A_pendTaskDisabled__C)
                  00009ee8    00000004     empty_pem4f.oem4f (.const:ti_sysbios_knl_Semaphore_Instance_State_pendQ__O)
                  00009eec    00000004     empty_pem4f.oem4f (.const:ti_sysbios_knl_Semaphore_Module__diagsEnabled__C)
                  00009ef0    00000004     empty_pem4f.oem4f (.const:ti_sysbios_knl_Semaphore_Module__diagsIncluded__C)
                  00009ef4    00000004     empty_pem4f.oem4f (.const:ti_sysbios_knl_Semaphore_Module__diagsMask__C)
                  00009ef8    00000004     empty_pem4f.oem4f (.const:ti_sysbios_knl_Swi_Object__count__C)
                  00009efc    00000004     empty_pem4f.oem4f (.const:ti_sysbios_knl_Task_A_badPriority__C)
                  00009f00    00000004     empty_pem4f.oem4f (.const:ti_sysbios_knl_Task_A_badTaskState__C)
                  00009f04    00000004     empty_pem4f.oem4f (.const:ti_sysbios_knl_Task_A_badThreadType__C)
                  00009f08    00000004     empty_pem4f.oem4f (.const:ti_sysbios_knl_Task_A_badTimeout__C)
                  00009f0c    00000004     empty_pem4f.oem4f (.const:ti_sysbios_knl_Task_A_noPendElem__C)
                  00009f10    00000004     empty_pem4f.oem4f (.const:ti_sysbios_knl_Task_A_sleepTaskDisabled__C)
                  00009f14    00000004     empty_pem4f.oem4f (.const:ti_sysbios_knl_Task_E_spOutOfBounds__C)
                  00009f18    00000004     empty_pem4f.oem4f (.const:ti_sysbios_knl_Task_E_stackOverflow__C)
                  00009f1c    00000004     empty_pem4f.oem4f (.const:ti_sysbios_knl_Task_Module_State_inactiveQ__O)
                  00009f20    00000004     empty_pem4f.oem4f (.const:ti_sysbios_knl_Task_Module__diagsEnabled__C)
                  00009f24    00000004     empty_pem4f.oem4f (.const:ti_sysbios_knl_Task_Module__diagsIncluded__C)
                  00009f28    00000004     empty_pem4f.oem4f (.const:ti_sysbios_knl_Task_Module__diagsMask__C)
                  00009f2c    00000004     empty_pem4f.oem4f (.const:ti_sysbios_knl_Task_Object__count__C)
                  00009f30    00000004     empty_pem4f.oem4f (.const:ti_sysbios_knl_Task_allBlockedFunc__C)
                  00009f34    00000004     empty_pem4f.oem4f (.const:ti_sysbios_knl_Task_defaultStackHeap__C)
                  00009f38    00000004     empty_pem4f.oem4f (.const:ti_sysbios_knl_Task_defaultStackSize__C)
                  00009f3c    00000004     empty_pem4f.oem4f (.const:ti_sysbios_knl_Task_numConstructedTasks__C)
                  00009f40    00000004     empty_pem4f.oem4f (.const:xdc_runtime_Assert_E_assertFailed__C)
                  00009f44    00000004     empty_pem4f.oem4f (.const:xdc_runtime_Core_A_initializedParams__C)
                  00009f48    00000004     empty_pem4f.oem4f (.const:xdc_runtime_Core_Module__diagsEnabled__C)
                  00009f4c    00000004     empty_pem4f.oem4f (.const:xdc_runtime_Core_Module__diagsIncluded__C)
                  00009f50    00000004     empty_pem4f.oem4f (.const:xdc_runtime_Core_Module__diagsMask__C)
                  00009f54    00000004     empty_pem4f.oem4f (.const:xdc_runtime_Error_E_memory__C)
                  00009f58    00000004     empty_pem4f.oem4f (.const:xdc_runtime_Error_Module__diagsEnabled__C)
                  00009f5c    00000004     empty_pem4f.oem4f (.const:xdc_runtime_Error_Module__diagsIncluded__C)
                  00009f60    00000004     empty_pem4f.oem4f (.const:xdc_runtime_Error_Module__diagsMask__C)
                  00009f64    00000004     empty_pem4f.oem4f (.const:xdc_runtime_Error_Module__loggerFxn8__C)
                  00009f68    00000004     empty_pem4f.oem4f (.const:xdc_runtime_Error_Module__loggerObj__C)
                  00009f6c    00000004     empty_pem4f.oem4f (.const:xdc_runtime_Error_policyFxn__C)
                  00009f70    00000004     empty_pem4f.oem4f (.const:xdc_runtime_Error_raiseHook__C)
                  00009f74    00000004     empty_pem4f.oem4f (.const:xdc_runtime_IGateProvider_Interface__BASE__C)
                  00009f78    00000004     empty_pem4f.oem4f (.const:xdc_runtime_IHeap_Interface__BASE__C)
                  00009f7c    00000004     empty_pem4f.oem4f (.const:xdc_runtime_IModule_Interface__BASE__C)
                  00009f80    00000004     empty_pem4f.oem4f (.const:xdc_runtime_Log_L_error__C)
                  00009f84    00000004     empty_pem4f.oem4f (.const:xdc_runtime_Memory_defaultHeapInstance__C)
                  00009f88    00000004     empty_pem4f.oem4f (.const:xdc_runtime_Startup_execImpl__C)
                  00009f8c    00000004     empty_pem4f.oem4f (.const:xdc_runtime_Startup_maxPasses__C)
                  00009f90    00000004     empty_pem4f.oem4f (.const:xdc_runtime_Startup_sfxnRts__C)
                  00009f94    00000004     empty_pem4f.oem4f (.const:xdc_runtime_Startup_sfxnTab__C)
                  00009f98    00000004     empty_pem4f.oem4f (.const:xdc_runtime_SysMin_bufSize__C)
                  00009f9c    00000004     empty_pem4f.oem4f (.const:xdc_runtime_SysMin_outputFunc__C)
                  00009fa0    00000004     empty_pem4f.oem4f (.const:xdc_runtime_System_Module__gateObj__C)
                  00009fa4    00000004     empty_pem4f.oem4f (.const:xdc_runtime_System_abortFxn__C)
                  00009fa8    00000004     empty_pem4f.oem4f (.const:xdc_runtime_System_exitFxn__C)
                  00009fac    00000004     empty_pem4f.oem4f (.const:xdc_runtime_System_extendFxn__C)
                  00009fb0    00000004     empty_pem4f.oem4f (.const:xdc_runtime_System_maxAtexitHandlers__C)
                  00009fb4    00000004     empty_pem4f.oem4f (.const:xdc_runtime_Text_charTab__C)
                  00009fb8    00000004     empty_pem4f.oem4f (.const:xdc_runtime_Text_nameEmpty__C)
                  00009fbc    00000004     empty_pem4f.oem4f (.const:xdc_runtime_Text_nameStatic__C)
                  00009fc0    00000004     empty_pem4f.oem4f (.const:xdc_runtime_Text_nameUnknown__C)
                  00009fc4    00000004     empty_pem4f.oem4f (.const:xdc_runtime_Text_nodeTab__C)
                  00009fc8    00000004     empty_pem4f.oem4f (.const:xdc_runtime_Text_visitRopeFxn__C)
                  00009fcc    00000002     empty_pem4f.oem4f (.const:ti_sysbios_family_arm_m3_Hwi_Module__id__C)
                  00009fce    00000002     empty_pem4f.oem4f (.const:ti_sysbios_gates_GateMutex_Module__id__C)
                  00009fd0    00000002     empty_pem4f.oem4f (.const:ti_sysbios_hal_Hwi_Module__id__C)
                  00009fd2    00000002     empty_pem4f.oem4f (.const:ti_sysbios_heaps_HeapMem_Module__id__C)
                  00009fd4    00000002     empty_pem4f.oem4f (.const:ti_sysbios_knl_Clock_Module__id__C)
                  00009fd6    00000002     empty_pem4f.oem4f (.const:ti_sysbios_knl_Semaphore_Module__id__C)
                  00009fd8    00000002     empty_pem4f.oem4f (.const:ti_sysbios_knl_Task_Module__id__C)
                  00009fda    00000002     empty_pem4f.oem4f (.const:xdc_runtime_Core_Module__id__C)
                  00009fdc    00000002     empty_pem4f.oem4f (.const:xdc_runtime_Error_Module__loggerDefined__C)
                  00009fde    00000002     empty_pem4f.oem4f (.const:xdc_runtime_Error_maxDepth__C)
                  00009fe0    00000002     empty_pem4f.oem4f (.const:xdc_runtime_Memory_Module__id__C)
                  00009fe2    00000002     empty_pem4f.oem4f (.const:xdc_runtime_SysMin_flushAtExit__C)
                  00009fe4    00000002     empty_pem4f.oem4f (.const:xdc_runtime_Text_charCnt__C)
                  00009fe6    00000002     empty_pem4f.oem4f (.const:xdc_runtime_Text_isLoaded__C)
                  00009fe8    00000002     empty_pem4f.oem4f (.const:xdc_runtime_Text_registryModsLastId__C)
                  00009fea    00000002     empty_pem4f.oem4f (.const:xdc_runtime_Text_unnamedModsLastId__C)

.cinit     0    00009ff0    00000220     
                  00009ff0    000001ea     (.cinit..data.load) [load image, compression = lzss]
                  0000a1da    00000002     --HOLE-- [fill = 0]
                  0000a1dc    0000000c     (__TI_handler_table)
                  0000a1e8    00000008     (.cinit..bss.load) [load image, compression = zero_init]
                  0000a1f0    00000008     (.cinit..vecs.load) [load image, compression = zero_init]
                  0000a1f8    00000018     (__TI_cinit_table)

.init_array 
*          0    00000000    00000000     UNINITIALIZED

.resetVecs 
*          0    00000000    0000003c     
                  00000000    0000003c     empty_pem4f.oem4f (.resetVecs)

.bss       0    20000360    0000d8c4     UNINITIALIZED
                  20000360    0000c350     heap_2.obj (.bss:ucHeap)
                  2000c6b0    00000400     (.common:ti_sysbios_heaps_HeapMem_Instance_State_0_buf__A)
                  2000cab0    00000360     (.common:ti_sysbios_family_arm_m3_Hwi_dispatchTable)
                  2000ce10    00000200     empty_pem4f.oem4f (.bss:taskStackSection)
                  2000d010    00000120     rtsv7M4_T_le_v4SPD16_eabi.lib : trgmsg.c.obj (.bss:_CIOBUF_)
                  2000d130    00000100     (.common:gas_stack)
                  2000d230    00000100     (.common:humidity_stack)
                  2000d330    00000100     (.common:i2cTivaObjects)
                  2000d430    00000100     (.common:led_stack)
                  2000d530    00000100     (.common:temperature_stack)
                  2000d630    00000100     (.common:threshold_stack)
                  2000d730    000000cc     (.common:uartTivaObjects)
                  2000d7fc    00000090     drivers_tivaware.aem4f : GPIOTiva.oem4f (.bss:gpioCallbackInfo)
                  2000d88c    00000080     (.common:xdc_runtime_SysMin_Module_State_0_outbuf__A)
                  2000d90c    00000064     tasks.obj (.bss:pxReadyTasksLists)
                  2000d970    00000050     (.common:gas_struct)
                  2000d9c0    00000050     (.common:humidity_struct)
                  2000da10    00000050     (.common:led_struct)
                  2000da60    00000050     (.common:temperature_struct)
                  2000dab0    00000050     (.common:threshold_struct)
                  2000db00    00000024     (.common:sem_read_params)
                  2000db24    00000024     (.common:sem_write_params)
                  2000db48    00000024     (.common:uartParams)
                  2000db6c    00000020     (.common:uartTivaRingBuffer)
                  2000db8c    0000001c     (.common:sem_read_struct)
                  2000dba8    0000001c     (.common:sem_write_struct)
                  2000dbc4    00000014     tasks.obj (.bss:xPendingReadyList)
                  2000dbd8    00000014     tasks.obj (.bss:xSuspendedTaskList)
                  2000dbec    00000008     tasks.obj (.bss)
                  2000dbf4    00000008     heap_2.obj (.bss:xEnd)
                  2000dbfc    00000008     heap_2.obj (.bss:xStart)
                  2000dc04    00000008     (.common:parmbuf)
                  2000dc0c    00000004     (.common:condition)
                  2000dc10    00000004     (.common:gpioInterruptVectors)
                  2000dc14    00000004     (.common:log_queue)
                  2000dc18    00000004     (.common:sem_read)
                  2000dc1c    00000004     (.common:sem_write)
                  2000dc20    00000004     (.common:uart)

.data      0    2000dc24    00000472     UNINITIALIZED
                  2000dc24    00000080     empty_pem4f.oem4f (.data:ti_sysbios_knl_Swi_Module_State_0_readyQ__A)
                  2000dca4    00000080     empty_pem4f.oem4f (.data:ti_sysbios_knl_Task_Module_State_0_readyQ__A)
                  2000dd24    0000004c     empty_pem4f.oem4f (.data:ti_sysbios_knl_Task_Object__table__V)
                  2000dd70    00000044     empty_pem4f.oem4f (.data:ti_sysbios_knl_Task_Module__state__V)
                  2000ddb4    00000040     empty_pem4f.oem4f (.data:ti_sysbios_family_arm_lm4_Timer_Module_State_0_device__A)
                  2000ddf4    00000040     empty_pem4f.oem4f (.data:ti_sysbios_family_arm_lm4_Timer_Object__table__V)
                  2000de34    00000038     empty_pem4f.oem4f (.data:ti_sysbios_gates_GateMutex_Object__table__V)
                  2000de6c    00000034     tasks.obj (.data)
                  2000dea0    00000034     empty_pem4f.oem4f (.data:ti_sysbios_family_arm_m3_Hwi_Module__state__V)
                  2000ded4    00000030     empty_pem4f.oem4f (.data:ti_sysbios_knl_Swi_Object__table__V)
                  2000df04    0000002c     empty_pem4f.oem4f (.data:ti_sysbios_knl_Clock_Module__state__V)
                  2000df30    00000024     empty_pem4f.oem4f (.data:ti_sysbios_BIOS_Module__state__V)
                  2000df54    00000020     empty_pem4f.oem4f (.data:ti_sysbios_family_arm_lm4_Timer_Module_State_0_handles__A)
                  2000df74    0000001c     empty_pem4f.oem4f (.data:ti_sysbios_knl_Swi_Module__state__V)
                  2000df90    00000018     empty_pem4f.oem4f (.data:ti_sysbios_family_arm_m3_Hwi_Object__table__V)
                  2000dfa8    00000018     empty_pem4f.oem4f (.data:ti_sysbios_heaps_HeapMem_Object__table__V)
                  2000dfc0    00000010     EK_TM4C1294XL.obj (.data:gpioPinConfigs)
                  2000dfd0    0000000c     empty_pem4f.oem4f (.data:ti_sysbios_family_arm_lm4_Timer_Module__state__V)
                  2000dfdc    0000000c     empty_pem4f.oem4f (.data:xdc_runtime_SysMin_Module__state__V)
                  2000dfe8    00000008     rtsv7M4_T_le_v4SPD16_eabi.lib : _lock.c.obj (.data:$O1$$)
                  2000dff0    00000008     EK_TM4C1294XL.obj (.data:gpioCallbackFunctions)
                  2000dff8    00000008     heap_2.obj (.data)
                  2000e000    00000008     empty_pem4f.oem4f (.data:ti_sysbios_family_arm_m3_Hwi_Module__root__V)
                  2000e008    00000008     empty_pem4f.oem4f (.data:ti_sysbios_gates_GateHwi_Module__root__V)
                  2000e010    00000008     empty_pem4f.oem4f (.data:ti_sysbios_gates_GateMutex_Module__root__V)
                  2000e018    00000008     empty_pem4f.oem4f (.data:ti_sysbios_heaps_HeapMem_Module__root__V)
                  2000e020    00000008     empty_pem4f.oem4f (.data:ti_sysbios_knl_Clock_Module__root__V)
                  2000e028    00000008     empty_pem4f.oem4f (.data:ti_sysbios_knl_Queue_Module__root__V)
                  2000e030    00000008     empty_pem4f.oem4f (.data:ti_sysbios_knl_Semaphore_Module__root__V)
                  2000e038    00000008     empty_pem4f.oem4f (.data:ti_sysbios_knl_Task_Module__root__V)
                  2000e040    00000008     empty_pem4f.oem4f (.data:xdc_runtime_Registry_Module__state__V)
                  2000e048    00000008     empty_pem4f.oem4f (.data:xdc_runtime_Startup_Module__state__V)
                  2000e050    00000008     empty_pem4f.oem4f (.data:xdc_runtime_System_Module_State_0_atexitHandlers__A)
                  2000e058    00000008     empty_pem4f.oem4f (.data:xdc_runtime_System_Module__state__V)
                  2000e060    00000005     drivers_tivaware.aem4f : GPIOTiva.oem4f (.data)
                  2000e065    00000001     --HOLE--
                  2000e066    00000002     empty_pem4f.oem4f (.data:ti_sysbios_family_arm_m3_Hwi_Module_State_0_excActive__A)
                  2000e068    00000004     drivers_tivaware.aem4f : I2C.oem4f (.data)
                  2000e06c    00000004                            : UART.oem4f (.data)
                  2000e070    00000004     empty.obj (.data)
                  2000e074    00000004     port.obj (.data)
                  2000e078    00000004     rtsv7M4_T_le_v4SPD16_eabi.lib : rand.c.obj (.data)
                  2000e07c    00000004                                   : stkdepth_vars.c.obj (.data)
                  2000e080    00000004     empty_pem4f.oem4f (.data:ti_sysbios_family_arm_m3_Hwi_Module_State_0_excContext__A)
                  2000e084    00000004     empty_pem4f.oem4f (.data:ti_sysbios_family_arm_m3_Hwi_Module_State_0_excStack__A)
                  2000e088    00000004     empty_pem4f.oem4f (.data:ti_sysbios_gates_GateHwi_Object__table__V)
                  2000e08c    00000004     empty_pem4f.oem4f (.data:ti_sysbios_knl_Task_Module_State_0_idleTask__A)
                  2000e090    00000004     empty_pem4f.oem4f (.data:xdc_runtime_Memory_Module__state__V)
                  2000e094    00000002     empty_pem4f.oem4f (.data:xdc_runtime_Error_Module__state__V)

.stack     0    2000e098    00000300     UNINITIALIZED
                  2000e098    00000300     --HOLE--

.bootVecs 
*          0    00000000    00000008     DSECT
                  00000000    00000008     boot.aem4f : boot.oem4f (.bootVecs)

.vecs      0    20000000    00000360     UNINITIALIZED
                  20000000    00000360     empty_pem4f.oem4f (.vecs)

xdc.meta   0    00000000    000000eb     COPY SECTION
                  00000000    000000eb     empty_pem4f.oem4f (xdc.meta)

MODULE SUMMARY

       Module                       code    ro data   rw data
       ------                       ----    -------   -------
    .\
       empty.obj                    1512    0         1868   
       EK_TM4C1294XL.obj            340     128       516    
    +--+----------------------------+-------+---------+---------+
       Total:                       1852    128       2384   
                                                             
    .\FreeRTOS\
       tasks.obj                    1344    0         200    
       queue.obj                    1006    0         0      
       list.obj                     282     0         0      
    +--+----------------------------+-------+---------+---------+
       Total:                       2632    0         200    
                                                             
    .\FreeRTOS\portable\CCS\ARM_CM4F\
       port.obj                     64      0         4      
    +--+----------------------------+-------+---------+---------+
       Total:                       64      0         4      
                                                             
    .\FreeRTOS\portable\MemMang\
       heap_2.obj                   344     0         50024  
    +--+----------------------------+-------+---------+---------+
       Total:                       344     0         50024  
                                                             
    C:\Users\monis\workspace_v9\empty_EK_TM4C1294XL_TI\Debug\configPkg\package\cfg\
       empty_pem4f.oem4f            1890    7788      4408   
    +--+----------------------------+-------+---------+---------+
       Total:                       1890    7788      4408   
                                                             
    C:/ti/tirtos_tivac_2_16_00_08/products/TivaWare_C_Series-2.1.1.71b/driverlib/ccs/Debug/driverlib.lib
       gpio.obj                     590     144       0      
       sysctl.obj                   400     108       0      
       uart.obj                     226     0         0      
       i2c.obj                      162     0         0      
    +--+----------------------------+-------+---------+---------+
       Total:                       1378    252       0      
                                                             
    C:/ti/tirtos_tivac_2_16_00_08/products/tidrivers_tivac_2_16_00_08/packages/ti/drivers/lib/drivers_tivaware.aem4f
       UARTTiva.oem4f               2262    116       0      
       GPIOTiva.oem4f               764     156       153    
       I2CTiva.oem4f                798     28        0      
       UART.oem4f                   128     36        4      
       RingBuf.oem4f                164     0         0      
       I2C.oem4f                    56      0         4      
    +--+----------------------------+-------+---------+---------+
       Total:                       4172    336       161    
                                                             
    C:\Users\monis\workspace_v9\empty_EK_TM4C1294XL_TI\src\sysbios\sysbios.aem4f
       BIOS.obj                     12528   0         0      
       m3_Hwi_asm.obj               314     0         0      
       m3_TaskSupport_asm.obj       180     0         0      
       m3_Hwi_asm_switch.obj        118     0         0      
    +--+----------------------------+-------+---------+---------+
       Total:                       13140   0         0      
                                                             
    C:\ti\ccs900\ccs\tools\compiler\ti-cgt-arm_18.12.1.LTS\lib\rtsv7M4_T_le_v4SPD16_eabi.lib
       trgmsg.c.obj                 108     0         288    
       fd_div_t2.asm.obj            310     0         0      
       memcpy_t2.asm.obj            156     0         0      
       memset_t2.asm.obj            122     0         0      
       copy_decompress_lzss.c.obj   104     0         0      
       hostwrite.c.obj              88      0         0      
       cpy_tbl.c.obj                76      0         0      
       fd_toi_t2.asm.obj            72      0         0      
       u_divt2.asm.obj              64      0         0      
       rand.c.obj                   52      0         4      
       i_tofd_t2.asm.obj            46      0         0      
       _lock.c.obj                  26      0         8      
       args_main.c.obj              24      0         0      
       strlen.c.obj                 20      0         0      
       copy_decompress_none.c.obj   14      0         0      
       copy_zero_init.c.obj         12      0         0      
       hostopen.c.obj               0       0         8      
       exit.c.obj                   4       0         0      
       stkdepth_vars.c.obj          0       0         4      
       div0.asm.obj                 2       0         0      
    +--+----------------------------+-------+---------+---------+
       Total:                       1300    0         312    
                                                             
    C:\ti\tirtos_tivac_2_16_00_08\products\bios_6_45_01_29\packages\ti\catalog\arm\cortexm4\tiva\ce\lib\Boot.aem4f
       Boot_sysctl.oem4f            628     452       0      
       Boot.oem4f                   152     0         0      
    +--+----------------------------+-------+---------+---------+
       Total:                       780     452       0      
                                                             
    C:\ti\tirtos_tivac_2_16_00_08\products\bios_6_45_01_29\packages\ti\targets\arm\rtsarm\lib\auto_init.aem4f
       auto_init.oem4f              160     0         0      
    +--+----------------------------+-------+---------+---------+
       Total:                       160     0         0      
                                                             
    C:\ti\tirtos_tivac_2_16_00_08\products\bios_6_45_01_29\packages\ti\targets\arm\rtsarm\lib\boot.aem4f
       boot.oem4f                   88      0         0      
    +--+----------------------------+-------+---------+---------+
       Total:                       88      0         0      
                                                             
    C:\ti\tirtos_tivac_2_16_00_08\products\bios_6_45_01_29\packages\ti\targets\arm\rtsarm\lib\ti.targets.arm.rtsarm.aem4f
[...]
0000958e  ti_catalog_arm_cortexm4_tiva_ce_Boot_Module__id__C                   
000096b0  xdc_runtime_Text_nodeTab__A                                          
00009a04  ti_sysbios_knl_Task_Object__PARAMS__C                                
00009a70  ti_sysbios_family_arm_m3_Hwi_Object__PARAMS__C                       
00009aa0  UARTTiva_fxnTable                                                    
00009ac8  ti_sysbios_heaps_HeapMem_Module__FXNS__C                             
00009af0  I2C_config                                                           
00009b14  UART_defaultParams                                                   
00009b38  ti_sysbios_gates_GateHwi_Module__FXNS__C                             
00009b5c  ti_sysbios_gates_GateMutex_Module__FXNS__C                           
00009b80  ti_sysbios_heaps_HeapMem_Object__PARAMS__C                           
00009ba4  ti_sysbios_knl_Clock_Object__PARAMS__C                               
00009bc8  ti_sysbios_knl_Semaphore_Object__PARAMS__C                           
00009bec  ti_sysbios_family_arm_m3_Hwi_Object__DESC__C                         
00009c0c  ti_sysbios_gates_GateHwi_Object__DESC__C                             
00009c2c  ti_sysbios_gates_GateMutex_Object__DESC__C                           
00009c4c  ti_sysbios_heaps_HeapMem_Object__DESC__C                             
00009c6c  ti_sysbios_knl_Clock_Object__DESC__C                                 
00009c8c  ti_sysbios_knl_Queue_Object__DESC__C                                 
00009cac  ti_sysbios_knl_Semaphore_Object__DESC__C                             
00009ccc  ti_sysbios_knl_Task_Object__DESC__C                                  
00009cec  xdc_runtime_Startup_sfxnTab__A                                       
00009d0c  I2CTiva_fxnTable                                                     
00009d28  UART_config                                                          
00009d40  i2cTivaHWAttrs                                                       
00009d58  ti_sysbios_gates_GateHwi_Object__PARAMS__C                           
00009d70  ti_sysbios_gates_GateMutex_Object__PARAMS__C                         
00009d88  ti_sysbios_knl_Queue_Object__PARAMS__C                               
00009da0  uartTivaHWAttrs                                                      
00009db8  GPIOTiva_config                                                      
00009dcc  xdc_runtime_Startup_firstFxns__A                                     
00009de0  xdc_runtime_Startup_sfxnRts__A                                       
00009df8  ti_sysbios_family_arm_m3_Hwi_excHookFuncs__A                         
00009e00  ti_sysbios_knl_Idle_funcList__C                                      
00009e08  xdc_runtime_Startup_firstFxns__C                                     
00009e10  xdc_runtime_Startup_lastFxns__C                                      
00009e18  ti_catalog_arm_cortexm4_tiva_ce_Boot_A_mustNotUseEnhancedClockMode__C
00009e1c  ti_catalog_arm_cortexm4_tiva_ce_Boot_Module__diagsEnabled__C         
00009e20  ti_catalog_arm_cortexm4_tiva_ce_Boot_Module__diagsIncluded__C        
00009e24  ti_catalog_arm_cortexm4_tiva_ce_Boot_Module__diagsMask__C            
00009e28  ti_sysbios_family_arm_lm4_Timer_enableFunc__C                        
00009e2c  ti_sysbios_family_arm_lm4_Timer_numTimerDevices__C                   
00009e30  ti_sysbios_family_arm_lm4_Timer_startupNeeded__C                     
00009e34  ti_sysbios_family_arm_m3_Hwi_E_NMI__C                                
00009e38  ti_sysbios_family_arm_m3_Hwi_E_alreadyDefined__C                     
00009e3c  ti_sysbios_family_arm_m3_Hwi_E_busFault__C                           
00009e40  ti_sysbios_family_arm_m3_Hwi_E_debugMon__C                           
00009e44  ti_sysbios_family_arm_m3_Hwi_E_hardFault__C                          
00009e48  ti_sysbios_family_arm_m3_Hwi_E_memFault__C                           
00009e4c  ti_sysbios_family_arm_m3_Hwi_E_noIsr__C                              
00009e50  ti_sysbios_family_arm_m3_Hwi_E_reserved__C                           
00009e54  ti_sysbios_family_arm_m3_Hwi_E_svCall__C                             
00009e58  ti_sysbios_family_arm_m3_Hwi_E_usageFault__C                         
00009e5c  ti_sysbios_family_arm_m3_Hwi_NUM_INTERRUPTS__C                       
00009e60  ti_sysbios_family_arm_m3_Hwi_Object__count__C                        
00009e64  ti_sysbios_family_arm_m3_Hwi_ccr__C                                  
00009e68  ti_sysbios_family_arm_m3_Hwi_excHandlerFunc__C                       
00009e6c  ti_sysbios_family_arm_m3_Hwi_excHookFuncs__C                         
00009e70  ti_sysbios_family_arm_m3_Hwi_nullIsrFunc__C                          
00009e74  ti_sysbios_family_arm_m3_Hwi_priGroup__C                             
00009e78  ti_sysbios_family_arm_m3_TaskSupport_stackAlignment__C               
00009e7c  ti_sysbios_gates_GateMutex_A_badContext__C                           
00009e80  ti_sysbios_gates_GateMutex_Instance_State_sem__O                     
00009e84  ti_sysbios_gates_GateMutex_Module__diagsEnabled__C                   
00009e88  ti_sysbios_gates_GateMutex_Module__diagsIncluded__C                  
00009e8c  ti_sysbios_gates_GateMutex_Module__diagsMask__C                      
00009e90  ti_sysbios_hal_Hwi_E_stackOverflow__C                                
00009e94  ti_sysbios_heaps_HeapMem_A_align__C                                  
00009e98  ti_sysbios_heaps_HeapMem_A_heapSize__C                               
00009e9c  ti_sysbios_heaps_HeapMem_A_invalidFree__C                            
00009ea0  ti_sysbios_heaps_HeapMem_A_zeroBlock__C                              
00009ea4  ti_sysbios_heaps_HeapMem_E_memory__C                                 
00009ea8  ti_sysbios_heaps_HeapMem_Module__diagsEnabled__C                     
00009eac  ti_sysbios_heaps_HeapMem_Module__diagsIncluded__C                    
00009eb0  ti_sysbios_heaps_HeapMem_Module__diagsMask__C                        
00009eb4  ti_sysbios_heaps_HeapMem_Module__gateObj__C                          
00009eb8  ti_sysbios_heaps_HeapMem_Object__count__C                            
00009ebc  ti_sysbios_heaps_HeapMem_reqAlign__C                                 
00009ec0  ti_sysbios_knl_Clock_A_badThreadType__C                              
00009ec4  ti_sysbios_knl_Clock_Module_State_clockQ__O                          
00009ec8  ti_sysbios_knl_Clock_Module__diagsEnabled__C                         
00009ecc  ti_sysbios_knl_Clock_Module__diagsIncluded__C                        
00009ed0  ti_sysbios_knl_Clock_Module__diagsMask__C                            
00009ed4  ti_sysbios_knl_Idle_funcList__A                                      
00009ed8  ti_sysbios_knl_Semaphore_A_badContext__C                             
00009edc  ti_sysbios_knl_Semaphore_A_noEvents__C                               
00009ee0  ti_sysbios_knl_Semaphore_A_overflow__C                               
00009ee4  ti_sysbios_knl_Semaphore_A_pendTaskDisabled__C                       
00009ee8  ti_sysbios_knl_Semaphore_Instance_State_pendQ__O                     
00009eec  ti_sysbios_knl_Semaphore_Module__diagsEnabled__C                     
00009ef0  ti_sysbios_knl_Semaphore_Module__diagsIncluded__C                    
00009ef4  ti_sysbios_knl_Semaphore_Module__diagsMask__C                        
00009ef8  ti_sysbios_knl_Swi_Object__count__C                                  
00009efc  ti_sysbios_knl_Task_A_badPriority__C                                 
00009f00  ti_sysbios_knl_Task_A_badTaskState__C                                
00009f04  ti_sysbios_knl_Task_A_badThreadType__C                               
00009f08  ti_sysbios_knl_Task_A_badTimeout__C                                  
00009f0c  ti_sysbios_knl_Task_A_noPendElem__C                                  
00009f10  ti_sysbios_knl_Task_A_sleepTaskDisabled__C                           
00009f14  ti_sysbios_knl_Task_E_spOutOfBounds__C                               
00009f18  ti_sysbios_knl_Task_E_stackOverflow__C                               
00009f1c  ti_sysbios_knl_Task_Module_State_inactiveQ__O                        
00009f20  ti_sysbios_knl_Task_Module__diagsEnabled__C                          
00009f24  ti_sysbios_knl_Task_Module__diagsIncluded__C                         
00009f28  ti_sysbios_knl_Task_Module__diagsMask__C                             
00009f2c  ti_sysbios_knl_Task_Object__count__C                                 
00009f30  ti_sysbios_knl_Task_allBlockedFunc__C                                
00009f34  ti_sysbios_knl_Task_defaultStackHeap__C                              
00009f38  ti_sysbios_knl_Task_defaultStackSize__C                              
00009f3c  ti_sysbios_knl_Task_numConstructedTasks__C                           
00009f40  xdc_runtime_Assert_E_assertFailed__C                                 
00009f44  xdc_runtime_Core_A_initializedParams__C                              
00009f48  xdc_runtime_Core_Module__diagsEnabled__C                             
00009f4c  xdc_runtime_Core_Module__diagsIncluded__C                            
00009f50  xdc_runtime_Core_Module__diagsMask__C                                
00009f54  xdc_runtime_Error_E_memory__C                                        
00009f58  xdc_runtime_Error_Module__diagsEnabled__C                            
00009f5c  xdc_runtime_Error_Module__diagsIncluded__C                           
00009f60  xdc_runtime_Error_Module__diagsMask__C                               
00009f64  xdc_runtime_Error_Module__loggerFxn8__C                              
00009f68  xdc_runtime_Error_Module__loggerObj__C                               
00009f6c  xdc_runtime_Error_policyFxn__C                                       
00009f70  xdc_runtime_Error_raiseHook__C                                       
00009f74  xdc_runtime_IGateProvider_Interface__BASE__C                         
00009f78  xdc_runtime_IHeap_Interface__BASE__C                                 
00009f7c  xdc_runtime_IModule_Interface__BASE__C                               
00009f80  xdc_runtime_Log_L_error__C                                           
00009f84  xdc_runtime_Memory_defaultHeapInstance__C                            
00009f88  xdc_runtime_Startup_execImpl__C                                      
00009f8c  xdc_runtime_Startup_maxPasses__C                                     
00009f90  xdc_runtime_Startup_sfxnRts__C                                       
00009f94  xdc_runtime_Startup_sfxnTab__C                                       
00009f98  xdc_runtime_SysMin_bufSize__C                                        
00009f9c  xdc_runtime_SysMin_outputFunc__C                                     
00009fa0  xdc_runtime_System_Module__gateObj__C                                
00009fa4  xdc_runtime_System_abortFxn__C                                       
00009fa8  xdc_runtime_System_exitFxn__C                                        
00009fac  xdc_runtime_System_extendFxn__C                                      
00009fb0  xdc_runtime_System_maxAtexitHandlers__C                              
00009fb4  xdc_runtime_Text_charTab__C                                          
00009fb8  xdc_runtime_Text_nameEmpty__C                                        
00009fbc  xdc_runtime_Text_nameStatic__C                                       
00009fc0  xdc_runtime_Text_nameUnknown__C                                      
00009fc4  xdc_runtime_Text_nodeTab__C                                          
00009fc8  xdc_runtime_Text_visitRopeFxn__C                                     
00009fcc  ti_sysbios_family_arm_m3_Hwi_Module__id__C                           
00009fce  ti_sysbios_gates_GateMutex_Module__id__C                             
00009fd0  ti_sysbios_hal_Hwi_Module__id__C                                     
00009fd2  ti_sysbios_heaps_HeapMem_Module__id__C                               
00009fd4  ti_sysbios_knl_Clock_Module__id__C                                   
00009fd6  ti_sysbios_knl_Semaphore_Module__id__C                               
00009fd8  ti_sysbios_knl_Task_Module__id__C                                    
00009fda  xdc_runtime_Core_Module__id__C                                       
00009fdc  xdc_runtime_Error_Module__loggerDefined__C                           
00009fde  xdc_runtime_Error_maxDepth__C                                        
00009fe0  xdc_runtime_Memory_Module__id__C                                     
00009fe2  xdc_runtime_SysMin_flushAtExit__C                                    
00009fe4  xdc_runtime_Text_charCnt__C                                          
00009fe6  xdc_runtime_Text_isLoaded__C                                         
00009fe8  xdc_runtime_Text_registryModsLastId__C                               
00009fea  xdc_runtime_Text_unnamedModsLastId__C                                
00009ff0  __TI_static_base__                                                   
0000a1dc  __TI_Handler_Table_Base                                              
0000a1e8  __TI_Handler_Table_Limit                                             
0000a1f8  __TI_CINIT_Base                                                      
0000a210  __TI_CINIT_Limit                                                     
20000000  ti_sysbios_family_arm_m3_Hwi_ramVectors                              
2000c6b0  ti_sysbios_heaps_HeapMem_Instance_State_0_buf__A                     
2000cab0  ti_sysbios_family_arm_m3_Hwi_dispatchTable                           
2000ce10  ti_sysbios_knl_Task_Instance_State_0_stack__A                        
2000d010  __CIOBUF_                                                            
2000d130  gas_stack                                                            
2000d230  humidity_stack                                                       
2000d330  i2cTivaObjects                                                       
2000d430  led_stack                                                            
2000d530  temperature_stack                                                    
2000d630  threshold_stack                                                      
2000d730  uartTivaObjects                                                      
2000d88c  xdc_runtime_SysMin_Module_State_0_outbuf__A                          
2000d970  gas_struct                                                           
2000d9c0  humidity_struct                                                      
2000da10  led_struct                                                           
2000da60  temperature_struct                                                   
2000dab0  threshold_struct                                                     
2000db00  sem_read_params                                                      
2000db24  sem_write_params                                                     
2000db48  uartParams                                                           
2000db6c  uartTivaRingBuffer                                                   
2000db8c  sem_read_struct                                                      
2000dba8  sem_write_struct                                                     
2000dc04  parmbuf                                                              
2000dc0c  condition                                                            
2000dc14  log_queue                                                            
2000dc18  sem_read                                                             
2000dc1c  sem_write                                                            
2000dc20  uart                                                                 
2000dc24  ti_sysbios_knl_Swi_Module_State_0_readyQ__A                          
2000dca4  ti_sysbios_knl_Task_Module_State_0_readyQ__A                         
2000dd24  ti_sysbios_knl_Task_Object__table__V                                 
2000dd70  ti_sysbios_knl_Task_Module__state__V                                 
2000ddb4  ti_sysbios_family_arm_lm4_Timer_Module_State_0_device__A             
2000ddf4  ti_sysbios_family_arm_lm4_Timer_Object__table__V                     
2000de34  ti_sysbios_gates_GateMutex_Object__table__V                          
2000de6c  pxCurrentTCB                                                         
2000dea0  ti_sysbios_family_arm_m3_Hwi_Module__state__V                        
2000ded4  ti_sysbios_knl_Swi_Object__table__V                                  
2000df04  ti_sysbios_knl_Clock_Module__state__V                                
2000df30  ti_sysbios_BIOS_Module__state__V                                     
2000df54  ti_sysbios_family_arm_lm4_Timer_Module_State_0_handles__A            
2000df74  ti_sysbios_knl_Swi_Module__state__V                                  
2000df90  ti_sysbios_family_arm_m3_Hwi_Object__table__V                        
2000dfa8  ti_sysbios_heaps_HeapMem_Object__table__V                            
2000dfc0  gpioPinConfigs                                                       
2000dfd0  ti_sysbios_family_arm_lm4_Timer_Module__state__V                     
2000dfdc  xdc_runtime_SysMin_Module__state__V                                  
2000dfe8  _lock                                                                
2000dfec  _unlock                                                              
2000dff0  gpioCallbackFunctions                                                
2000e000  ti_sysbios_family_arm_m3_Hwi_Module__root__V                         
2000e008  ti_sysbios_gates_GateHwi_Module__root__V                             
2000e010  ti_sysbios_gates_GateMutex_Module__root__V                           
2000e018  ti_sysbios_heaps_HeapMem_Module__root__V                             
2000e020  ti_sysbios_knl_Clock_Module__root__V                                 
2000e028  ti_sysbios_knl_Queue_Module__root__V                                 
2000e030  ti_sysbios_knl_Semaphore_Module__root__V                             
2000e038  ti_sysbios_knl_Task_Module__root__V                                  
2000e040  xdc_runtime_Registry_Module__state__V                                
2000e048  xdc_runtime_Startup_Module__state__V                                 
2000e050  xdc_runtime_System_Module_State_0_atexitHandlers__A                  
2000e058  xdc_runtime_System_Module__state__V                                  
2000e066  ti_sysbios_family_arm_m3_Hwi_Module_State_0_excActive__A             
2000e07c  main_func_sp                                                         
2000e080  ti_sysbios_family_arm_m3_Hwi_Module_State_0_excContext__A            
2000e084  ti_sysbios_family_arm_m3_Hwi_Module_State_0_excStack__A              
2000e088  ti_sysbios_gates_GateHwi_Object__table__V                            
2000e08c  ti_sysbios_knl_Task_Module_State_0_idleTask__A                       
2000e090  xdc_runtime_Memory_Module__state__V                                  
2000e094  xdc_runtime_Error_Module__state__V                                   
2000e098  __stack                                                              
2000e398  __STACK_END                                                          
e000e000  ti_sysbios_family_arm_m3_Hwi_nvic                                    
ffffffff  __TI_pprof_out_hndl                                                  
ffffffff  __TI_prof_data_size                                                  
ffffffff  __TI_prof_data_start                                                 
ffffffff  __binit__                                                            
ffffffff  __c_args__                                                           
ffffffff  binit                                                                
UNDEFED   SHT$$INIT_ARRAY$$Base                                                
UNDEFED   SHT$$INIT_ARRAY$$Limit                                               

[677 symbols]
